  board during pass 3, at row 1 of 1-25, read 2026-09-25T01:32:32
                                                   bought/u   listed/u  margin      row price  profit if sold
     1  Force Core(Highest                 x102           -    199,726       -        199,726               - <- here
     2  Chaos Core                         x45      725,000    649,499  -11.6%        649,499      -3,397,545
     3  Honor Medal Chest                  x2             - 219,769,999       -    219,769,999               -
     4  Upgrade Core (Ultimate             x250           -    449,803       -        449,803               -
     5  Divine Stone Set X 141             x1             -    715,386       -    100,869,566               -
     6  Force Core(Highest                 x30            -    199,722       -        199,722               -
     7  Divine Stone Set X 138             x1             -    715,385       -     98,723,267               -
     8  Divine Stone Set X 156             x1             -    715,384       -    111,600,059               -
     9  Upgrade Core (Ultimate             x232           -    449,802       -        449,802               -
    10  Divine Stone                       x1       697,000    691,855   -0.7%        691,855          -5,145
    11  Force Core(Highest                 x14            -    199,721       -        199,721               -
    12  Upgrade Core (Ultimate             x136           -    449,801       -        449,801               -
    13  Divine Stone Set X 162             x1             -    715,383       -    115,892,207               -
    14  Force Core(High                    x240           -    195,106       -        195,106               -
    15  Force Core(High                    x1             -    195,105       -        195,105               -
    16  Force Core(High                    x56            -    195,104       -        195,104               -
    26  Siena's Unbinding Stone            x1    74,500,000 950,000,000  +92.2%    950,000,000     875,500,000
    27  Tempus sndead - Immortal Etherno C x1             -  4,000,000       -      4,000,000               -
    29  ee TUE = t__                       x1             - 10,000,000       -     10,000,000               -
    30  Life Capsule(Special) Type A X 100 x6             -     29,999       -      2,999,900               -
    item                               rows   units          listed  profit if sold
    Chaos Core                            1      45      29,227,455      -3,397,545
    Divine Stone                          1       1         691,855          -5,145
    Divine Stone Set                      4     597     427,085,099               -
    Force Core(High                       3     297      57,946,369               -
    Force Core(Highest                    3     146      29,159,806               -
    Honor Medal Chest                     1       2     439,539,998               -
    Life Capsule(Special) Type A          1     600      17,999,400               -
    Siena's Unbinding Stone               1       1     950,000,000     875,500,000
    Tempus sndead - Immortal Etherno C    1       1       4,000,000               -
    Upgrade Core (Ultimate                3     618     277,977,750               -
    ee TUE = t__                          1       1      10,000,000               -
    board                                20   2,309   2,243,627,732     872,097,310
    balance now 784,929,771, read 2026-09-25T01:31:16
