  board during pass 13, at row 1 of 1-25, read 2026-10-07T09:36:01
                                                   bought/u   listed/u  margin      row price  profit if sold
     1  Force Core(Highest                 x9       189,138    182,767   -3.5%        182,767         -57,339 <- here
     2  Force Core(Highest                 x14      189,138    182,767   -3.5%        182,767         -89,194
     3  Upgrade Core (Ultimate             x2       487,166    887,996  +45.1%        887,996         801,660
     4  Upgrade Core (Ultimate             x135     487,166    887,995  +45.1%        887,995      54,111,915
     5  Chaos Core Set X 180               x1       720,000    732,585   +1.7%    131,865,479       2,265,300
     6  Chaos Core Set X 189               x1       725,920    732,584   +0.9%    138,458,564       1,259,496
     7  Chaos Core Set X 303               x1       725,920    740,502   +2.0%    224,372,408       4,418,346
     8  Chaos Core Set                     x1       719,021    741,404   +3.0%    258,749,999       7,811,667
     9  Chaos Core Set                     x1       725,921    749,997   +3.2%    168,749,549       5,417,100
    10  Chaos Core Set                     x1       725,898    749,999   +3.2%    186,749,999       6,001,149
    11  Upgrade Core (Ultimate             x201     487,209    887,994  +45.1%        887,994      80,557,785
    12  Chaos Core Set                     x1       725,922    749,997   +3.2%    107,999,711       3,466,800
    13  Chaos Core Set                     x1       718,999    749,996   +4.1%    152,999,387       6,323,388
    14  Force Core(High                    x200     157,805    165,000   +4.4%        165,000       1,439,000
    15  Force Core(High                    x241     157,805    165,000   +4.4%        165,000       1,733,995
    16  Force Core(High                    x250     157,805    165,000   +4.4%        165,000       1,798,750
    17  Force Core(High                    x140     157,805    165,000   +4.4%        165,000       1,007,300
    18  Chaos Core Set                     x1       725,587    750,119   +3.3%    288,796,169       9,444,820
    19  Divine Stone Set X 150             x1       704,999    712,706   +1.1%    106,906,049       1,156,050
    20  Divine Stone Set X 159             x1       704,999    712,705   +1.1%    113,320,253       1,225,254
    21  Divine Stone Set X 147             x1       704,999    712,704   +1.1%    104,767,634       1,132,635
    29  Astral Core(Palladium) X 127       x5             -      3,117       -        395,859               -
    30  Se a i i                           x1             -  8,888,888       -      8,888,888               -
    item                               rows   units          listed  profit if sold
    Astral Core(Palladium)                1     635       1,979,295               -
    Chaos Core Set                        9   2,228   1,658,741,265      46,408,066
    Divine Stone Set                      3     456     324,993,936       3,513,939
    Force Core(High                       4     831     137,115,000       5,979,045
    Force Core(Highest                    2      23       4,203,641        -146,533
    Se a i i                              1       1       8,888,888               -
    Upgrade Core (Ultimate                3     338     300,142,111     135,471,360
    board                                23   4,512   2,436,064,136     191,225,877
    balance now 932,430,472, read 2026-10-07T09:36:01
