  board during pass 6, at row 1 of 1-25, read 2026-09-28T23:35:13
                                                   bought/u   listed/u  margin      row price  profit if sold
     1  Divine Stone                       x26            -    706,515       -        706,515               - <- here
     2  Arionell                           x1    280,833,333 312,185,712  +10.0%    312,185,712      31,352,379
     3  Force Gem Package                  x1    187,222,222 191,999,999   +2.5%    191,999,999       4,777,777
     4  Chaos Core Set X 200               x1             -    733,942       -    146,788,599               -
     5  Chaos Core Set X 200               x1             -    733,941       -    146,788,399               -
     6  Chaos Core Set X 252               x1             -    733,940       -    184,953,131               -
     7  Chaos Core Set X 200               x1             -    733,939       -    146,787,999               -
     8  Chaos Core Set X 48                x1             -    733,938       -     35,229,071               -
     9  Chaos Core Set X 348               x1             -    733,937       -    255,410,423               -
    10  Chaos Core Set X 252               x1             -    733,936       -    184,952,123               -
    11  Force Core (Ultimate               x8             -    379,822       -        379,822               -
    12  Upgrade Core (Ultimate             x22            -    457,596       -        457,596               -
    13  Force Core (Ultimate               x83            -    379,821       -        379,821               -
    14  Upgrade Core (Ultimate             x34      441,177    457,595   +3.6%        457,595         558,212
    15  Upgrade Core (Ultimate             x10            -    457,594       -        457,594               -
    16  Force Core (Ultimate               x73      355,544    379,819   +6.4%        379,819       1,772,075
    26  Chaos Core Set X 399               x1             -    734,028       -    292,877,570               -
    27  Potion of Honor                    x2             -  7,250,000       -      7,250,000               -
    29  Chaos Core Set X 999               x1             -    734,033       -    733,299,964               -
    item                               rows   units          listed  profit if sold
    Arionell                              1       1     312,185,712      31,352,379
    Chaos Core Set                        9   2,898   2,127,087,279               -
    Divine Stone                          1      26      18,369,390               -
    Force Core (Ultimate                  3     164      62,290,506       1,772,075
    Force Gem Package                     1       1     191,999,999       4,777,777
    Potion of Honor                       1       2      14,500,000               -
    Upgrade Core (Ultimate                3      66      30,201,282         558,212
    board                                19   3,158   2,756,634,168      38,460,443
    balance now 91,967,872, read 2026-09-28T23:34:56
