  board during pass 6, at row 15 of 1-30, read 2026-09-18T19:53:12
                                                   bought/u   listed/u  margin      row price  profit if sold
     1  Sword Damage Amplifier (Lv. 3) X 1 x49            -      1,833       -        183,300               -
     2  Sword Damage Amplifier(Lv. 2) X 10 x104           -      3,749       -        374,999               -
     3  Sword Damage Amplifier(Lv. 1) X 10 x89            -        874       -         87,499               -
     4  Yekaterina VIP Membership          x1    113,361,872 131,235,506  +13.6%    131,235,506      17,873,634
     5  Force Core(High                    x240           -    199,963       -        199,963               -
     6  Force Core(High                    x102           -    199,962       -        199,962               -
     7  Force Core(High                    x7       194,938    199,960   +2.5%        199,960          35,154
     8  Upgrade Core (Ultimate             x150     449,842    539,900  +16.7%        539,900      13,508,700
     9  Upgrade Core (Ultimate             x167     470,587    539,899  +12.8%        539,899      11,575,104
    10  Upgrade Core (Ultimate             x207     470,587    539,898  +12.8%        539,898      14,347,377
    11  Force Core (Ultimate               x180     365,000    519,988  +29.8%        519,988      27,897,840
    12  Force Core (Ultimate               x180     370,334    519,987  +28.8%        519,987      26,937,540
    13  Force Core (Ultimate               x124     396,999    519,986  +23.7%        519,986      15,250,388
    14  Force Gem Package                  x1    188,936,453 188,999,972   +0.0%    188,999,972          63,519
    15  Epic Booster (Highest)             x4    47,234,113 47,234,113   +0.0%     47,234,113               0 <- here
    16  Siena's Unbinding Stone            x1    75,574,581 98,998,964  +23.7%     98,998,964      23,424,383
    17  Blessing Bead - Superior           x1    165,130,460 194,596,730  +15.1%    194,596,730      29,466,270
    item                               rows   units          listed  profit if sold
    Blessing Bead - Superior              1       1     194,596,730      29,466,270
    Epic Booster (Highest)                1       4     188,936,452               0
    Force Core (Ultimate                  3     484     251,673,764      70,085,768
    Force Core(High                       3     349      69,786,964          35,154
    Force Gem Package                     1       1     188,999,972          63,519
    Siena's Unbinding Stone               1       1      98,998,964      23,424,383
    Sword Damage Amplifier (Lv. 3)        1   4,900       8,981,700               -
    Sword Damage Amplifier(Lv. 1)         1   8,900       7,787,411               -
    Sword Damage Amplifier(Lv. 2)         1  10,400      38,999,896               -
    Upgrade Core (Ultimate                3     524     282,907,019      39,431,181
    Yekaterina VIP Membership             1       1     131,235,506      17,873,634
    board                                17  25,565   1,462,904,378     180,379,909
    balance now 616,666,070, read 2026-09-18T19:47:18
