  board during pass 0, at row 30 of 1-30, read 2026-09-25T00:12:31
                                                   bought/u   listed/u  margin      row price  profit if sold
     1  Force Core (Ultimate               x2             -    368,800       -        368,800               -
     2  Epic Booster (Highest)             x4    46,625,000 46,799,998   +0.4%     46,799,998         699,992
     3  Yekaterina VIP Membership          x1    111,900,000 113,499,999   +1.4%    113,499,999       1,599,999
     4  Upgrade Core (Ultimate             x250           -    449,839       -        449,839               -
     5  Force Core(Highest                 x1             -    199,767       -        199,767               -
     6  Force Core(Highest                 x21            -    199,766       -        199,766               -
     7  Force Core(Highest) TAP            x1             -    199,765       -        199,765               -
     8  Force Core(Highest                 x74            -    199,764       -        199,764               -
     9  Upgrade Core (Ultimate             x180           -    449,838       -        449,838               -
    10  Upgrade Core (Ultimate             x98            -    449,837       -        449,837               -
    13  Force Core(High                    x113           -    195,140       -        195,140               -
    14  Force Core(High                    x236           -    195,139       -        195,139               -
    15  Force Core(High                    x104           -    195,138       -        195,138               -
    16  Force Core (Ultimate               x93            -    368,802       -        368,802               -
    17  Force Core (Ultimate               x43            -    368,801       -        368,801               -
    18  Chaos Core Set X 24                x1             -    717,916       -     17,230,007               -
    30  (empty)                                           -          -       -              -               - <- here
    item                               rows   units          listed  profit if sold
    Chaos Core Set                        1      24      17,230,007               -
    Epic Booster (Highest)                1       4     187,199,992         699,992
    Force Core (Ultimate                  3     138      50,894,629               -
    Force Core(High                       3     453      88,397,976               -
    Force Core(Highest                    3      96      19,177,389               -
    Force Core(Highest) TAP               1       1         199,765               -
    Upgrade Core (Ultimate                3     528     237,514,616               -
    Yekaterina VIP Membership             1       1     113,499,999       1,599,999
    board                                16   1,245     714,114,373       2,299,991
    balance now 1,866,888,605, read 2026-09-25T00:12:07
