2026-09-25_034903  C:\Users\tl456\Desktop\cabal_trade\src_1080p\driver.py --config bot collect
  logging to C:\Users\tl456\Desktop\cabal_trade\src_1080p\logs\2026-09-25_034903_collect.log
  code 797572b
  screen 1920x1080
  ledger C:\Users\tl456\Desktop\cabal_trade\src_1080p\sales.db run 2026-09-25T03:49:03
  debug frames -> C:\Users\tl456\Desktop\cabal_trade\src_1080p\debug_frames\2026-09-25_034903_collect, indexed in frames.jsonl; earlier runs' frames are kept until the 5,000-frame budget needs the room
  press Ctrl 4 times within 1.5s to stop, from the game or anywhere else
  a repair: not measuring the screen, using the calibration on file
  calibrated for 1920x1080, measured 2026-09-25T03:21:48
  server clock 10:49 (+59s for the unshown seconds)
  server 10:49:59; the next war quiet runs 13:29:00 to 13:34:59, in 159.0 min
  the Trade window is shut; opening the Agent Shop.
  inventory already open
  tab 6 at (1723, 181)
  right-clicking slot (1,7) at (1815, 236) (attempt 1/3)
  tab 4 at (1617, 181), so whatever is bought or withdrawn lands there
  scrolled to the top; row 1 is at position 1
                                                   bought/u   listed/u  margin      row price
     1  Epic Booster (Highest)             x4    46,841,195 46,841,195   +0.0%     46,841,195
    the quantity column read 'Membership', which holds no digits, so it is the end of the name and not a count; reading the row as 'Yekaterina VIP Membership' and letting the panel count what is there
    one line read 'ene eae 1 113,499,999 OnSale Change'; read as stacked lines it is 'Yekaterina VIP Membership 113,499,999 OnSale Change'
     2  Yekaterina VIP Membership          x1    112,418,868 113,499,999   +1.0%    113,499,999
     3  Force Core(Highest                 x1             -    197,984       -        197,984
     4  Siena's Unbinding Stone            x1    74,945,912 95,998,783  +21.9%     95,998,783
     5  Chaos Core                         x1             -    745,478       -        745,478
     6  Chaos Core                         x1             -    744,864       -        744,864
     7  Force Core(High                    x4             -    185,999       -        185,999
     8  Force Core(High                    x76            -    185,999       -        185,999
    10  Chaos Core Set X 150               x1             -    745,496       -    111,824,549
    11  Chaos Core Set X 291               x1             -    745,495       -    216,939,335
    12  Force Core (Ultimate               x110           -    359,950       -        359,950
    13  Force Core (Ultimate               x116           -    359,949       -        359,949
    14  Chaos Core Set X 69                x1             -    745,494       -     51,439,154
  scrolled to the top; row 1 is at position 1
  seeded 13 of rows 1-30
    the quantity column read 'Membership', which holds no digits, so it is the end of the name and not a count; reading the row as 'Yekaterina VIP Membership' and letting the panel count what is there
    one line read 'ene eae 1 113,499,999 OnSale Change'; read as stacked lines it is 'Yekaterina VIP Membership 113,499,999 OnSale Change'
  row 9 is empty; nothing to relist
  row 15 is empty; nothing to relist
  row 16 is empty; nothing to relist
  row 17 is empty; nothing to relist
  row 18 is empty; nothing to relist
  row 19 is empty; nothing to relist
  row 20 is empty; nothing to relist
  row 21 is empty; nothing to relist
  row 22 is empty; nothing to relist
  row 23 is empty; nothing to relist
  row 24 is empty; nothing to relist
  row 25 is empty; nothing to relist
  row 26 is empty; nothing to relist
  row 27 is empty; nothing to relist
  row 28 is empty; nothing to relist
  row 29 is empty; nothing to relist
  row 30 is empty; nothing to relist

  relisting rows 1-30: 0 relisted, 17 empty, 13 skipped
    #          ms   share     n      each  phase
    1    28,639.3   68.9%    30     954.6  scroll to the row and read it
    2    12,914.3   31.1%    30     430.5  Refresh the table
         41,553.6  100.0%
  collected what sold in rows 1-30; 17 row(s) empty now

PROFIT THIS RUN -- what this run bought: sold lots at what they made, unsold lots at the price they were bought against
  nothing this run bought has sold yet.
  ------------------------------------------------------------------------------------
  RUN CLOSED                             0   (0 realised, +0 assumed)
  started 03:49:03, ended 03:50:38, ran for 1m 35s

##############################################################################################

##########  ##########  ##      ##  ##########    ########  ##      ##  ##########  ########  
##########  ##########  ##      ##  ##########    ########  ##      ##  ##########  ########  
##              ##      ####    ##      ##      ##          ##      ##  ##          ##      ##
##              ##      ####    ##      ##      ##          ##      ##  ##          ##      ##
##              ##      ##  ##  ##      ##      ##          ##      ##  ##          ##      ##
##              ##      ##  ##  ##      ##      ##          ##      ##  ##          ##      ##
########        ##      ##  ##  ##      ##        ######    ##########  ########    ##      ##
########        ##      ##  ##  ##      ##        ######    ##########  ########    ##      ##
##              ##      ##    ####      ##              ##  ##      ##  ##          ##      ##
##              ##      ##    ####      ##              ##  ##      ##  ##          ##      ##
##              ##      ##      ##      ##              ##  ##      ##  ##          ##      ##
##              ##      ##      ##      ##              ##  ##      ##  ##          ##      ##
##          ##########  ##      ##  ##########  ########    ##      ##  ##########  ########  
##          ##########  ##      ##  ##########  ########    ##      ##  ##########  ########  

##############################################################################################

