  board during pass 0, at row 27 of 1-27, read 2026-09-25T02:00:32
                                                   bought/u   listed/u  margin      row price  profit if sold
     1  Blessing Bead - Superior           x1    163,756,817 169,999,998   +3.7%    169,999,998       6,243,181
     2  Armor Account bind Unseal Stone    x1    187,364,780 187,364,780   +0.0%    187,364,780               0
     3  Armor Account bind Seal Stone      x2    187,364,780 187,364,780   +0.0%    187,364,780               0
     5  Astral Core(Palladium) X 127       x6             -      1,531       -        194,563               -
     6  Force Core (Ultimate               x5             -    359,947       -        359,947               -
     7  Force Core(High                    x73            -    185,930       -        185,930               -
     8  Force Core(High                    x117           -    185,930       -        185,930               -
     9  Wexp Saver                         x1             - 65,880,000       -     65,880,000               -
    10  Chaos Core                         x1             -    746,575       -        746,575               -
    11  Force Core(High                    x101           -    185,930       -        185,930               -
    12  Force Core (Ultimate               x250           -    359,946       -        359,946               -
    13  Force Core (Ultimate               x33            -    359,945       -        359,945               -
    14  Chaos Core Set X 252               x1             -    745,493       -    187,864,487               -
    16  Force Core(Highest                 x250           -    197,983       -        197,983               -
    17  Arionell                           x1    281,047,170 312,185,713  +10.0%    312,185,713      31,138,543
    18  Chaos Core Set X 291               x1             -    745,490       -    216,937,880               -
    19  Force Core(Highest                 x228           -    197,982       -        197,982               -
    27  (empty)                                           -          -       -              -               - <- here
    28  Palladium Shoes (DM) Lalla         x1             -  1,220,000       -      1,220,000               -
    29  Palladium Suit (DM) + 1 Lalla      x1             - 33,000,000       -     33,000,000               -
    30  Palladium Gauntlet(WA) Lalla       x1             -  1,499,990       -      1,499,990               -
    item                               rows   units          listed  profit if sold
    Arionell                              1       1     312,185,713      31,138,543
    Armor Account bind Seal Stone         1       2     374,729,560               0
    Armor Account bind Unseal Stone       1       1     187,364,780               0
    Astral Core(Palladium)                1     762       1,167,378               -
    Blessing Bead - Superior              1       1     169,999,998       6,243,181
    Chaos Core                            1       1         746,575               -
    Chaos Core Set                        2     543     404,802,367               -
    Force Core (Ultimate                  3     288     103,664,420               -
    Force Core(High                       3     291      54,105,630               -
    Force Core(Highest                    2     478      94,635,646               -
    Palladium Gauntlet(WA) Lalla          1       1       1,499,990               -
    Palladium Shoes (DM) Lalla            1       1       1,220,000               -
    Palladium Suit (DM) + 1 Lalla         1       1      33,000,000               -
    Wexp Saver                            1       1      65,880,000               -
    board                                20   2,372   1,805,002,057      37,381,724
