  board during pass 2, at row 10 of 1-30, read 2026-09-30T06:09:50
                                                   bought/u   listed/u  margin      row price  profit if sold
     1  Arionell                           x1    280,833,330 312,185,712  +10.0%    312,185,712      31,352,382
     2  Force Core (Ultimate               x8       333,332    355,304   +6.2%        355,304         175,776
     3  Force Core (Ultimate               x73      333,332    355,303   +6.2%        355,303       1,603,883
     4  Blessing Bead - Superior           x1    163,632,220 169,999,998   +3.7%    169,999,998       6,367,778
     5  Force Core (Ultimate               x10      333,332    355,302   +6.2%        355,302         219,700
     6  Chaos Core Set                     x1       720,677    729,902   +1.3%    102,916,322       1,300,725
     7  Extreme Core (Lv. 10               x1             - 29,790,000       -     29,790,000               -
     8  Extreme Core (Lv. 11               x1             - 48,999,999       -     48,999,999               -
     9  Chaos Core Set X 72                x1       715,072    729,888   +2.0%     52,552,007       1,066,752
    10  Upgrade Core (Ultimate             x207     415,583    455,980   +8.9%        455,980       8,362,179 <- here
    11  Minesta's Chaos Fighter Belt + 15  x1             - 273,771,413       -    273,771,413               -
    12  Force Core(High                    x250     167,000    179,071   +6.7%        179,071       3,017,750
    13  Force Core(High                    x16      167,000    179,070   +6.7%        179,070         193,120
    14  Force Core(High                    x212     167,000    179,069   +6.7%        179,069       2,558,628
    15  Chaos Core Set X 270               x1       715,072    729,947   +2.0%    197,085,959       4,016,250
    16  Chaos Core Set X 96                x1       715,072    729,939   +2.0%     70,074,223       1,427,232
    17  Chaos Core Set                     x1       722,101    729,901   +1.1%    144,520,595       1,544,400
    18  Chaos Core Set                     x1       723,758    729,898   +0.8%    275,901,821       2,320,920
    19  Upgrade Core (Ultimate)            x250     415,583    455,985   +8.9%        455,985      10,100,500
    20  Upgrade Core (Ultimate)            x5       415,583    455,983   +8.9%        455,983         202,000
    item                               rows   units          listed  profit if sold
    Arionell                              1       1     312,185,712      31,352,382
    Blessing Bead - Superior              1       1     169,999,998       6,367,778
    Chaos Core Set                        6   1,155     843,050,927      11,676,279
    Extreme Core (Lv. 10                  1       1      29,790,000               -
    Extreme Core (Lv. 11                  1       1      48,999,999               -
    Force Core (Ultimate                  3      91      32,332,571       1,999,359
    Force Core(High                       3     478      85,595,498       5,769,498
    Minesta's Chaos Fighter Belt + 15     1       1     273,771,413               -
    Upgrade Core (Ultimate                1     207      94,387,860       8,362,179
    Upgrade Core (Ultimate)               2     255     116,276,165      10,302,500
    board                                20   2,191   2,006,390,143      75,829,975
    balance now 980,311,878, read 2026-09-30T06:08:01
