  board during pass 139, at row 1 of 1-25, read 2026-09-25T00:26:57
                                                   bought/u   listed/u  margin      row price  profit if sold
     1  Force Core(Highest                 x202           -    199,810       -        199,810               - <- here
     2  Chaos Core                         x1       715,000    714,444   -0.1%        714,444            -556
     3  Chaos Core Set X 186               x1       709,681    717,932   +1.1%    133,535,537       1,534,686
     4  Honor Medal Chest                  x2             - 219,839,999       -    219,839,999               -
     5  Upgrade Core (Ultimate             x250     400,000    449,870  +11.1%        449,870      12,467,500
     6  Divine Stone Set X 141             x1       700,000    715,408   +2.2%    100,872,668       2,172,528
     7  Chaos Core Set X 156               x1       710,000    717,930   +1.1%    111,997,235       1,237,080
     8  Divine Stone Set X 144             x1       700,000    715,407   +2.2%    103,018,751       2,218,608
     9  Divine Stone Set X 165             x1       700,000    715,406   +2.2%    118,042,154       2,541,990
    10  Upgrade Core (Ultimate             x232     400,000    449,869  +11.1%        449,869      11,569,608
    11  Force Core(Highest                 x250           -    199,805       -        199,805               -
    12  Force Core(Highest                 x100           -    199,804       -        199,804               -
    13  Divine Stone                       x1       706,999    701,915   -0.7%        701,915          -5,084
    14  Chaos Core Set X 9                 x1             -    717,936       -      6,461,432               -
    15  Chaos Core Set                     x1       710,021    717,929   +1.1%    178,764,569       1,969,092
    17  Upgrade Core (Ultimate             x136     442,381    449,875   +1.7%        449,875       1,019,184
    18  Divine Stone Set X 162             x1       695,676    715,412   +2.8%    115,896,905       3,197,232
    19  Force Core(High                    x240     180,000    195,163   +7.8%        195,163       3,639,120
    20  Force Core(High                    x1       180,000    195,162   +7.8%        195,162          15,162
    21  Force Core(High                    x240     176,470    195,161   +9.6%        195,161       4,485,840
    26  Siena's Unbinding Stone            x1    74,600,000 950,000,000  +92.1%    950,000,000     875,400,000
    29  Bemonvecnte" TE t__                x1             - 10,000,000       -     10,000,000               -
    30  Life Capsule(Special) Type A X 100 x6             -     29,999       -      2,999,900               -
    item                               rows   units          listed  profit if sold
    Bemonvecnte" TE t__                   1       1      10,000,000               -
    Chaos Core                            1       1         714,444            -556
    Chaos Core Set                        4     600     430,758,773       4,740,858
    Divine Stone                          1       1         701,915          -5,084
    Divine Stone Set                      4     612     437,830,478      10,130,358
    Force Core(High                       3     481      93,872,922       8,140,122
    Force Core(Highest                    3     552     110,293,270               -
    Honor Medal Chest                     1       2     439,679,998               -
    Life Capsule(Special) Type A          1     600      17,999,400               -
    Siena's Unbinding Stone               1       1     950,000,000     875,400,000
    Upgrade Core (Ultimate                3     618     278,020,108      25,056,292
    board                                23   3,469   2,769,871,308     923,461,990
    balance now 155,278,317, read 2026-09-25T00:26:57
    held on tab 4, bought and not listed yet:
    Chaos Core Set                     slot (1, 6)         - unit(s)            - a unit
