  board during pass 63, at row 13 of 1-25, read 2026-10-07T14:37:07
                                                   bought/u   listed/u  margin      row price  profit if sold
     1  Upgrade Core (Ultimate             x2       457,763    584,953  +21.7%        584,953         254,380
     2  Upgrade Core (Ultimate             x35      457,763    584,952  +21.7%        584,952       4,451,615
     3  Upgrade Core (Ultimate             x1       457,763    584,951  +21.7%        584,951         127,188
     4  Chaos Core Set X 138               x1       726,011    739,611   +1.8%    102,066,455       1,876,800
     5  Divine Stone Set X 144             x1       704,998    712,291   +1.0%    102,570,047       1,050,192
     6  Divine Stone Set X 138             x1       703,998    712,290   +1.2%     98,296,157       1,144,296
     7  Divine Stone Set X 156             x1       704,998    712,289   +1.0%    111,117,239       1,137,396
     8  Force Core(High                    x210     156,998    165,000   +4.8%        165,000       1,680,420
     9  Chaos Core Set X 21                x1       726,790    739,610   +1.7%     15,531,830         269,220
    10  Chaos Core Set X 69                x1       726,057    739,609   +1.8%     51,033,089         935,088
    11  Chaos Core Set X 18                x1       728,446    739,608   +1.5%     13,312,961         200,916
    12  Chaos Core Set X 36                x1       726,580    739,607   +1.8%     26,625,887         468,972
    13  Chaos Core Set X 270               x1       725,925    739,606   +1.8%    199,693,889       3,693,870 <- here
    14  Chaos Core Set X 18                x1       731,813    739,611   +1.1%     13,313,015         140,364
    29  Astral Core(Palladium) X 127       x5             -      3,117       -        395,859               -
    30  Se a i i                           x1             -  8,888,888       -      8,888,888               -
    item                               rows   units          listed  profit if sold
    Astral Core(Palladium)                1     635       1,979,295               -
    Chaos Core Set                        7     570     421,577,126       7,585,230
    Divine Stone Set                      3     438     311,983,443       3,331,884
    Force Core(High                       1     210      34,650,000       1,680,420
    Se a i i                              1       1       8,888,888               -
    Upgrade Core (Ultimate                3      38      22,228,177       4,833,183
    board                                16   1,892     801,306,929      17,430,717
    balance now 2,664,698,010, read 2026-10-07T14:36:49
