  board during pass 30, at row 1 of 1-30, read 2026-09-30T00:00:23
                                                   bought/u   listed/u  margin      row price  profit if sold
     1  Siena's Unbinding Stone            x1    74,888,887 100,000,000  +25.1%    100,000,000      25,111,113 <- here
     2  Epic Booster (Highest)             x4    46,749,999 47,999,999   +2.6%     47,999,999       5,000,000
     3  Chaos Core                         x1       722,101    708,489   -1.9%        708,489         -13,612
     4  Chaos Core                         x1       722,101    707,936   -2.0%        707,936         -14,165
     5  Chaos Core                         x1       722,101    707,273   -2.1%        707,273         -14,828
     6  Yekaterina VIP Membership          x1    112,333,331 114,999,999   +2.3%    114,999,999       2,666,668
     7  Chaos Core                         x1       722,101    706,579   -2.2%        706,579         -15,522
     8  Force Core(Highest                 x20      193,000    197,628   +2.3%        197,628          92,560
     9  Force Core(Highest                 x5       193,000    197,627   +2.3%        197,627          23,135
    10  Force Core(High                    x3       167,205    178,293   +6.2%        178,293          33,264
    11  Force Core(High                    x160     167,205    178,292   +6.2%        178,292       1,773,920
    12  Force Core(Highest                 x25      180,556    197,626   +8.6%        197,626         426,750
    13  Chaos Core Set X 108               x1       722,101    729,992   +1.1%     78,839,243         852,228
    14  Force Core(High                    x96      163,286    178,291   +8.4%        178,291       1,440,480
    15  Chaos Core Set X 90                x1       722,101    729,991   +1.1%     65,699,279         710,100
    16  Chaos Core Set                     x1       722,101    729,989   +1.1%     72,269,009         780,912
    17  Upgrade Core (Ultimate             x20      411,347    456,019   +9.8%        456,019         893,440
    18  Chaos Core Set                     x1       721,109    729,987   +1.2%    102,928,307       1,251,798
    19  Chaos Core Set                     x1       721,780    729,985   +1.1%    214,615,883       2,412,270
    20  Chaos Core Set                     x1       719,999    729,983   +1.4%    175,196,159       2,396,160
    21  Upgrade Core (Ultimate)            x235     411,347    456,017   +9.8%        456,017      10,497,450
    22  Upgrade Core (Ultimate)            x220     411,347    456,016   +9.8%        456,016       9,827,180
    23  Force Core (Ultimate)              x126     333,333    355,328   +6.2%        355,328       2,771,370
    24  Force Core (Ultimate)              x49      341,771    355,327   +3.8%        355,327         664,244
    25  Force Core (Ultimate)              x2       341,771    355,326   +3.8%        355,326          27,110
    27  Chaos Core Set                     x1       722,101    729,998   +1.1%    188,339,741       2,037,426
    28  Chaos Core Set                     x1       707,979    729,997   +3.0%     28,469,921         858,702
    item                               rows   units          listed  profit if sold
    Chaos Core                            4       4       2,830,277         -58,127
    Chaos Core Set                        8   1,269     926,357,542      11,299,596
    Epic Booster (Highest)                1       4     191,999,996       5,000,000
    Force Core (Ultimate)                 3     177      62,893,003       3,462,724
    Force Core(High                       3     259      46,177,535       3,247,664
    Force Core(Highest                    3      50       9,881,345         542,445
    Siena's Unbinding Stone               1       1     100,000,000      25,111,113
    Upgrade Core (Ultimate                1      20       9,120,380         893,440
    Upgrade Core (Ultimate)               2     455     207,487,515      20,324,630
    Yekaterina VIP Membership             1       1     114,999,999       2,666,668
    board                                27   2,240   1,671,747,592      72,490,153
    balance now 26,785,901, read 2026-09-29T23:59:26
