2026-09-15_203455  .\supervise.py
  logging to C:\Users\tl456\Desktop\cabal-trader\cabal_trade\src_1080p\logs\2026-09-15_203455_supervise.log
  press Ctrl 4 times within 1.5s to stop, from the game or anywhere else
* no run alive; 2026-09-15_193954_run.log ended: interrupted from the keyboard,20:34:55,dead
  kept 30 png and 1 mp4 from the dead run in C:\Users\tl456\Desktop\cabal-trader\cabal_trade\src_1080p\logs\dead_runs\2026-09-15_193954_run
  screen: disconnect=None, failed=None, login=None, select=None, alz=False, trade=False, vendor=False, craft=False, buttons=[], underprice=False
  frame 2026-09-15_203507_found.png
  the log shows no task cut short
  frame 2026-09-15_203513_tab4_0slots.png
  verified: row 1 of tab 4 is clear
  no gift box open; not clicking Close
restoring the default state:
  no Trade window or vendor open; not pressing Escape
  Inventory already closed
  frame 2026-09-15_203518_reset.png
   2026-09-15_203519  C:\Users\tl456\Desktop\cabal-trader\cabal_trade\src_1080p\driver.py
     logging to C:\Users\tl456\Desktop\cabal-trader\cabal_trade\src_1080p\logs\2026-09-15_203519_run.log
     code 9149817
     ledger C:\Users\tl456\Desktop\cabal-trader\cabal_trade\src_1080p\sales.db run 2026-09-15T20:35:19
* relaunched (pid 11744),20:35:23,alive
watching pid 11744, 2026-09-15_203519_run.log
* stop condition: the dialog stayed open after Confirmation on row 2. Whether the cancel committed is unknown -- check by hand.,20:40:19,dead
* the dialog stayed open after Confirmation on row 2. Whether the cancel committed is unknown -- check by hand.,20:40:19,dead
* the server took the run down: the dialog stayed open after Confirmation on row 2. Whether the cancel committed is unknown -- check by hand.; not counted as a short run,20:40:19,dead
  kept 30 png and 1 mp4 from the dead run in C:\Users\tl456\Desktop\cabal-trader\cabal_trade\src_1080p\logs\dead_runs\2026-09-15_203519_run
  screen: disconnect=None, failed=None, login=None, select=None, alz=True, trade=True, vendor=False, craft=False, buttons=['Cancel', 'Confirmation'], underprice=False
  frame 2026-09-15_204027_found.png
  case: a registration dialog is open -> Confirmation
  Confirmation at [968, 640] (attempt 1)
  Confirmation at [968, 640] (attempt 2)
  Confirmation at [968, 640] (attempt 3)

  Ctrl 4 times: stopping the run the way Ctrl+C would.
* supervisor cancelled with Ctrl x4,20:41:02,dead
