2026-09-24_024140  .\supervise.py --config cang
  logging to C:\Users\tl456\Desktop\cabal-trader\cabal_trade\src_1080p\logs\2026-09-24_024140_supervise.log
  screen 1920x1080
  press Ctrl 4 times within 1.5s to stop, from the game or anywhere else
* no run alive; 2026-09-24_003743_run.log ended: interrupted from the keyboard,02:41:40,dead
  kept 120 png and 0 mp4 from the dead run in C:\Users\tl456\Desktop\cabal-trader\cabal_trade\src_1080p\logs\dead_runs\2026-09-24_003743_run
  screen: disconnect=None, failed=None, login=None, select=None, alz=False, trade=False, vendor=False, craft=False, buttons=[], underprice=False
  frame 2026-09-24_024152_found.png
  interrupted: relist row 17: 'Divine Stone Set X 69' x1 at 48,299,999 withdrawn to tab 4 slot (1, 1), never listed back
restoring the default state:
  no Trade window or vendor open; not pressing Escape
  I: Inventory closed
  the dead run's log says tab 4 holds the 'Divine Stone Set X 69'; nothing on screen is read to name it
  frame 2026-09-24_024200_tab4_1slots.png
  tab 4 holds 1 slot(s) below row 1, from (6, 2); the run never puts anything there, so they are not touched
  verified: row 1 of tab 4 is clear
  relist row 17: 'Divine Stone Set X 69' is handled above if it came back to tab 4; otherwise the row kept it, it sold, or it was listed by hand. The next run reads the board.
  no gift box open; not clicking Close
restoring the default state:
  no Trade window or vendor open; not pressing Escape
  I: Inventory closed
  frame 2026-09-24_024206_reset.png
   2026-09-24_024208  C:\Users\tl456\Desktop\cabal-trader\cabal_trade\src_1080p\driver.py --config cang
     logging to C:\Users\tl456\Desktop\cabal-trader\cabal_trade\src_1080p\logs\2026-09-24_024208_run.log
     code 7323496
     screen 1920x1080
* relaunched (pid 18652),02:42:11,alive
watching pid 18652, 2026-09-24_024208_run.log
* pushed the profit report for cang,02:55:14,alive
* server lag: not answering,03:04:17,alive
* server lag: the server stalled,03:05:20,alive
* server lag: not answering,03:05:43,alive
* server lag: the server stalled,03:06:47,alive
* server lag: not answering,03:07:28,alive
* server lag: the server stalled,03:08:12,alive
* server lag: the server stalled,03:08:33,alive
* pushed the profit report for cang,03:10:21,alive
* server lag: not answering,03:19:03,alive
* server lag: the server stalled,03:20:06,alive
* pushed the profit report for cang,03:25:24,alive
* server lag: not answering,03:26:04,alive
* server lag: the server stalled,03:27:09,alive
* war window, log quiet 169s,03:30:43,alive
* pushed the profit report for cang,03:40:34,alive
* NotReady: the Agent Shop would not reopen after resting.,03:55:32,dead
  kept 120 png and 0 mp4 from the dead run in C:\Users\tl456\Desktop\cabal-trader\cabal_trade\src_1080p\logs\dead_runs\2026-09-24_024208_run
  screen: disconnect=None, failed=None, login=None, select=None, alz=True, trade=False, vendor=False, craft=False, buttons=[], underprice=False
  frame 2026-09-24_035542_found.png
  interrupted: resupply of Chaos Core: bought stock may be on tab 4
restoring the default state:
  no Trade window or vendor open; not pressing Escape
  I: Inventory closed
  the dead run's log says tab 4 holds the 'Chaos Core' it was making from; nothing on screen is read to name it
  frame 2026-09-24_035550_tab4_0slots.png
  verified: row 1 of tab 4 is clear
  no gift box open; not clicking Close
restoring the default state:
  no Trade window or vendor open; not pressing Escape
  I: Inventory closed
  frame 2026-09-24_035556_reset.png
   2026-09-24_035557  C:\Users\tl456\Desktop\cabal-trader\cabal_trade\src_1080p\driver.py --config cang
     logging to C:\Users\tl456\Desktop\cabal-trader\cabal_trade\src_1080p\logs\2026-09-24_035557_run.log
     code 7323496
     screen 1920x1080
* relaunched (pid 4108),03:56:01,alive
watching pid 4108, 2026-09-24_035557_run.log
* RuntimeError: right-clicked the Agent Shop key 2 times and the Trade window never appeared. Nothing written.,03:56:45,dead
  kept 11 png and 0 mp4 from the dead run in C:\Users\tl456\Desktop\cabal-trader\cabal_trade\src_1080p\logs\dead_runs\2026-09-24_035557_run
  screen: disconnect=None, failed=None, login=None, select=None, alz=True, trade=False, vendor=False, craft=False, buttons=[], underprice=False
  frame 2026-09-24_035655_found.png
  the log shows no task cut short
restoring the default state:
  no Trade window or vendor open; not pressing Escape
  I: Inventory closed
  frame 2026-09-24_035702_tab4_0slots.png
  verified: row 1 of tab 4 is clear
  no gift box open; not clicking Close
restoring the default state:
  no Trade window or vendor open; not pressing Escape
  I: Inventory closed
  frame 2026-09-24_035709_reset.png
   2026-09-24_035710  C:\Users\tl456\Desktop\cabal-trader\cabal_trade\src_1080p\driver.py --config cang
     logging to C:\Users\tl456\Desktop\cabal-trader\cabal_trade\src_1080p\logs\2026-09-24_035710_run.log
     code 7323496
     screen 1920x1080
* relaunched (pid 6432),03:57:14,alive
watching pid 6432, 2026-09-24_035710_run.log
* RuntimeError: right-clicked the Agent Shop key 2 times and the Trade window never appeared. Nothing written.,03:57:58,dead
  kept 11 png and 0 mp4 from the dead run in C:\Users\tl456\Desktop\cabal-trader\cabal_trade\src_1080p\logs\dead_runs\2026-09-24_035710_run
  screen: disconnect=None, failed=None, login=None, select=None, alz=True, trade=False, vendor=False, craft=False, buttons=[], underprice=False
  frame 2026-09-24_035807_found.png
  the log shows no task cut short
restoring the default state:
  no Trade window or vendor open; not pressing Escape
  I: Inventory closed
  frame 2026-09-24_035814_tab4_0slots.png
  verified: row 1 of tab 4 is clear
  no gift box open; not clicking Close
restoring the default state:
  no Trade window or vendor open; not pressing Escape
  I: Inventory closed
  frame 2026-09-24_035821_reset.png
   2026-09-24_035822  C:\Users\tl456\Desktop\cabal-trader\cabal_trade\src_1080p\driver.py --config cang
     logging to C:\Users\tl456\Desktop\cabal-trader\cabal_trade\src_1080p\logs\2026-09-24_035822_run.log
     code 7323496
     screen 1920x1080
* relaunched (pid 15736),03:58:26,alive
watching pid 15736, 2026-09-24_035822_run.log
* RuntimeError: right-clicked the Agent Shop key 2 times and the Trade window never appeared. Nothing written.,03:58:50,dead
* 3 runs in a row died within 300s of launch; relogging (1 of 1),03:58:50,dead
  kept 11 png and 0 mp4 from the dead run in C:\Users\tl456\Desktop\cabal-trader\cabal_trade\src_1080p\logs\dead_runs\2026-09-24_035822_run
  screen: disconnect=None, failed=None, login=None, select=None, alz=True, trade=False, vendor=False, craft=False, buttons=[], underprice=False
  frame 2026-09-24_035859_found.png
  the log shows no task cut short
restoring the default state:
  no Trade window or vendor open; not pressing Escape
  I: Inventory closed
  frame 2026-09-24_035906_tab4_0slots.png
  verified: row 1 of tab 4 is clear
  no gift box open; not clicking Close
restoring the default state:
  no Trade window or vendor open; not pressing Escape
  I: Inventory closed
  frame 2026-09-24_035913_reset.png
$ py src_1080p/recovery.py --relog
     File "C:\Users\tl456\Desktop\cabal-trader\cabal_trade\src_1080p\recovery.py", line 590, in relog
       logout(verbose=verbose)
       ~~~~~~^^^^^^^^^^^^^^^^^
     File "C:\Users\tl456\Desktop\cabal-trader\cabal_trade\src_1080p\recovery.py", line 584, in logout
       raise Refused(
           f"no character list within {LOGOUT_WAIT:g}s of confirming "
           f"{MENU_WORD!r}, so the character is still in the world.")
   Refused: no character list within 30s of confirming 'select character', so the character is still in the world.
* recovery attempt 1 failed: relog refused: Refused: no character list within 30s of confirming 'select character', so the character is still in the world.; attempt 2 in 60s,03:59:53,dead
  kept 5 png and 0 mp4 from the dead run in C:\Users\tl456\Desktop\cabal-trader\cabal_trade\src_1080p\logs\dead_runs\2026-09-24_035822_run
  screen: disconnect=None, failed=None, login=None, select=None, alz=False, trade=False, vendor=False, craft=False, buttons=[], underprice=False
  frame 2026-09-24_040105_found.png
* recovery attempt 2 failed: nothing recognisable on screen: disconnect=None, failed=None, login=None, select=None, alz=False, trade=False, vendor=False, craft=False, buttons=[], ; attempt 3 in 60s,04:01:12,dead
  kept 0 png and 0 mp4 from the dead run in C:\Users\tl456\Desktop\cabal-trader\cabal_trade\src_1080p\logs\dead_runs\2026-09-24_035822_run
  screen: disconnect=[935, 496], failed=None, login=[962, 729], select=None, alz=False, trade=False, vendor=False, craft=False, buttons=[], underprice=False
  frame 2026-09-24_040215_found.png
  case: disconnect / login / select screen -> recovery.py
$ py src_1080p/recovery.py
     the username field at [962, 602]
     the password field at [962, 643]
     typed; waiting 10s before Login
     'Channel 12' at [1558, 608]; entering
     'SoloCabalLevelin' at [1626, 470]; entering
     Enter to start
     no sub password asked for within 12s; going straight in
     back in the world as SoloCabalLevelin, the balance reads
* recovered: back in the world,04:02:59,dead
  frame 2026-09-24_040310_after_login.png
  the log shows no task cut short
restoring the default state:
  no Trade window or vendor open; not pressing Escape
  I: Inventory closed
  frame 2026-09-24_040317_tab4_0slots.png
  verified: row 1 of tab 4 is clear
  no gift box open; not clicking Close
restoring the default state:
  no Trade window or vendor open; not pressing Escape
  I: Inventory closed
  frame 2026-09-24_040323_reset.png
$ py src_1080p/recovery.py --relog
     File "C:\Users\tl456\Desktop\cabal-trader\cabal_trade\src_1080p\recovery.py", line 590, in relog
       logout(verbose=verbose)
       ~~~~~~^^^^^^^^^^^^^^^^^
     File "C:\Users\tl456\Desktop\cabal-trader\cabal_trade\src_1080p\recovery.py", line 584, in logout
       raise Refused(
           f"no character list within {LOGOUT_WAIT:g}s of confirming "
           f"{MENU_WORD!r}, so the character is still in the world.")
   Refused: no character list within 30s of confirming 'select character', so the character is still in the world.
* recovery failed 3 times: relog refused: Refused: no character list within 30s of confirming 'select character', so the character is still in the world.; relogging (1 of 1),04:04:00,dead
$ py src_1080p/recovery.py --relog
     the character list is up
     Inventory shut; pressing I (attempt 1)
     Inventory shut; pressing I (attempt 2)
     no login screen; the character list is already up
     'SoloCabalLevelin' at [1626, 470]; entering
     Enter to start
     no sub password asked for within 12s; going straight in
     back in the world as SoloCabalLevelin, the balance reads
* relogged: back in the world,04:04:27,dead
  kept 14 png and 0 mp4 from the dead run in C:\Users\tl456\Desktop\cabal-trader\cabal_trade\src_1080p\logs\dead_runs\2026-09-24_035822_run
  screen: disconnect=None, failed=None, login=None, select=None, alz=True, trade=False, vendor=False, craft=False, buttons=[], underprice=False
  frame 2026-09-24_040438_found.png
  the log shows no task cut short
restoring the default state:
  no Trade window or vendor open; not pressing Escape
  I: Inventory closed
  frame 2026-09-24_040446_tab4_0slots.png
  verified: row 1 of tab 4 is clear
  no gift box open; not clicking Close
restoring the default state:
  no Trade window or vendor open; not pressing Escape
  I: Inventory closed
  frame 2026-09-24_040452_reset.png
$ py src_1080p/recovery.py --relog
     File "C:\Users\tl456\Desktop\cabal-trader\cabal_trade\src_1080p\recovery.py", line 590, in relog
       logout(verbose=verbose)
       ~~~~~~^^^^^^^^^^^^^^^^^
     File "C:\Users\tl456\Desktop\cabal-trader\cabal_trade\src_1080p\recovery.py", line 584, in logout
       raise Refused(
           f"no character list within {LOGOUT_WAIT:g}s of confirming "
           f"{MENU_WORD!r}, so the character is still in the world.")
   Refused: no character list within 30s of confirming 'select character', so the character is still in the world.
* recovery attempt 1 failed: relog refused: Refused: no character list within 30s of confirming 'select character', so the character is still in the world.; attempt 2 in 60s,04:05:29,dead
  kept 5 png and 0 mp4 from the dead run in C:\Users\tl456\Desktop\cabal-trader\cabal_trade\src_1080p\logs\dead_runs\2026-09-24_035822_run
  screen: disconnect=None, failed=None, login=None, select=None, alz=False, trade=False, vendor=False, craft=False, buttons=[], underprice=False
  frame 2026-09-24_040639_found.png
  the log shows no task cut short
restoring the default state:
  no Trade window or vendor open; not pressing Escape
  I: Inventory closed
  frame 2026-09-24_040647_tab4_0slots.png
  verified: row 1 of tab 4 is clear
  no gift box open; not clicking Close
restoring the default state:
  no Trade window or vendor open; not pressing Escape
  I: Inventory closed
  frame 2026-09-24_040653_reset.png
$ py src_1080p/recovery.py --relog
     File "C:\Users\tl456\Desktop\cabal-trader\cabal_trade\src_1080p\recovery.py", line 590, in relog
       logout(verbose=verbose)
       ~~~~~~^^^^^^^^^^^^^^^^^
     File "C:\Users\tl456\Desktop\cabal-trader\cabal_trade\src_1080p\recovery.py", line 584, in logout
       raise Refused(
           f"no character list within {LOGOUT_WAIT:g}s of confirming "
           f"{MENU_WORD!r}, so the character is still in the world.")
   Refused: no character list within 30s of confirming 'select character', so the character is still in the world.
* recovery attempt 2 failed: relog refused: Refused: no character list within 30s of confirming 'select character', so the character is still in the world.; attempt 3 in 60s,04:07:30,dead
  kept 5 png and 0 mp4 from the dead run in C:\Users\tl456\Desktop\cabal-trader\cabal_trade\src_1080p\logs\dead_runs\2026-09-24_035822_run
  screen: disconnect=None, failed=None, login=None, select=None, alz=False, trade=False, vendor=False, craft=False, buttons=[], underprice=False
  frame 2026-09-24_040840_found.png
  the log shows no task cut short
restoring the default state:
  no Trade window or vendor open; not pressing Escape
  I: Inventory closed
  frame 2026-09-24_040847_tab4_0slots.png
  verified: row 1 of tab 4 is clear
  no gift box open; not clicking Close
restoring the default state:
  no Trade window or vendor open; not pressing Escape
  I: Inventory closed
  frame 2026-09-24_040853_reset.png
$ py src_1080p/recovery.py --relog
     the character list is up
     Inventory shut; pressing I (attempt 1)
     Inventory shut; pressing I (attempt 2)
     no login screen; the character list is already up
     'SoloCabalLevelin' at [1626, 470]; entering
     Enter to start
     no sub password asked for within 12s; going straight in
     back in the world as SoloCabalLevelin, the balance reads
* relogged: back in the world,04:09:19,dead
   2026-09-24_040919  C:\Users\tl456\Desktop\cabal-trader\cabal_trade\src_1080p\driver.py --config cang
     logging to C:\Users\tl456\Desktop\cabal-trader\cabal_trade\src_1080p\logs\2026-09-24_040919_run.log
     code 7323496
     screen 1920x1080
* relaunched (pid 12256),04:09:23,alive
watching pid 12256, 2026-09-24_040919_run.log
* pushed the profit report for cang,04:21:41,alive
* pushed the profit report for cang,04:36:45,alive
* pushed the profit report for cang,04:51:48,alive
* pushed the profit report for cang,05:06:51,alive
* pushed the profit report for cang,05:21:55,alive
* pushed the profit report for cang,05:36:58,alive
* pushed the profit report for cang,05:52:01,alive
* pushed the profit report for cang,06:07:06,alive
* pushed the profit report for cang,06:22:09,alive
* war window, log quiet 160s,06:29:52,alive
* pushed the profit report for cang,06:37:29,alive
* server lag: not answering,06:45:11,alive
* server lag: the server stalled,06:46:15,alive
* pushed the profit report for cang,06:52:37,alive

  Ctrl 4 times: stopping the run the way Ctrl+C would.
* supervisor cancelled with Ctrl x4,07:04:07,dead
