2026-09-24_072446  .\supervise.py --config cang
  logging to C:\Users\tl456\Desktop\cabal-trader\cabal_trade\src_1080p\logs\2026-09-24_072446_supervise.log
  screen 1920x1080
  press Ctrl 4 times within 1.5s to stop, from the game or anywhere else
* no run alive; 2026-09-24_040919_run.log ended: interrupted from the keyboard,07:24:46,dead
  kept 120 png and 0 mp4 from the dead run in C:\Users\tl456\Desktop\cabal-trader\cabal_trade\src_1080p\logs\dead_runs\2026-09-24_040919_run
  screen: disconnect=None, failed=None, login=None, select=None, alz=False, trade=False, vendor=False, craft=False, buttons=[], underprice=False
  frame 2026-09-24_072458_found.png
  interrupted: relist row 4: 'Force Core(Highest' x158 at 204,526 withdrawn to tab 4 slot (1, 1), never listed back
restoring the default state:
  Escape: window closed
  Inventory already closed
  the dead run's log says tab 4 holds the 'Force Core(Highest'; nothing on screen is read to name it
  frame 2026-09-24_072506_tab4_0slots.png
  verified: row 1 of tab 4 is clear
  relist row 4: 'Force Core(Highest' is handled above if it came back to tab 4; otherwise the row kept it, it sold, or it was listed by hand. The next run reads the board.
  no gift box open; not clicking Close
restoring the default state:
  no Trade window or vendor open; not pressing Escape
  I: Inventory closed
  frame 2026-09-24_072512_reset.png
   2026-09-24_072514  C:\Users\tl456\Desktop\cabal-trader\cabal_trade\src_1080p\driver.py --config cang
     logging to C:\Users\tl456\Desktop\cabal-trader\cabal_trade\src_1080p\logs\2026-09-24_072514_run.log
     code 7323496
     screen 1920x1080
* relaunched (pid 2640),07:25:17,alive
watching pid 2640, 2026-09-24_072514_run.log
* pushed the profit report for cang,07:32:23,alive
* pushed the profit report for cang,07:47:28,alive
* pushed the profit report for cang,08:02:33,alive
* pushed the profit report for cang,08:17:38,alive
* pushed the profit report for cang,08:32:47,alive
* server lag: not answering,08:44:17,alive
* server lag: the server stalled,08:45:20,alive
* server lag: the server stalled,08:45:44,alive
* server lag: not answering,08:46:48,alive
* server lag: the server stalled,08:47:52,alive
* pushed the profit report for cang,08:47:55,alive
* pushed the profit report for cang,09:03:00,alive
* pushed the profit report for cang,09:18:11,alive
* server lag: not answering,09:21:18,alive
* server lag: the server stalled,09:22:22,alive
* server lag: not answering,09:23:05,alive
* server lag: the server stalled,09:24:10,alive
* war window, log quiet 166s,09:30:53,alive
* pushed the profit report for cang,09:33:39,alive
* server lag: not answering,09:37:33,alive
* server lag: the server stalled,09:38:37,alive
* server lag: not answering,09:38:58,alive
* server lag: the server stalled,09:40:02,alive
* server lag: the server stalled,09:40:23,alive

  Ctrl 4 times: stopping the run the way Ctrl+C would.
* supervisor cancelled with Ctrl x4,09:42:51,dead
