2026-09-21_222706  .\supervise.py --config cang
  logging to C:\Users\tl456\Desktop\cabal-trader\cabal_trade\src_1080p\logs\2026-09-21_222706_supervise.log
  screen 1920x1080
  press Ctrl 4 times within 1.5s to stop, from the game or anywhere else
* no run alive; 2026-09-21_215652_run.log ended: interrupted from the keyboard,22:27:06,dead
  kept 30 png and 0 mp4 from the dead run in C:\Users\tl456\Desktop\cabal-trader\cabal_trade\src_1080p\logs\dead_runs\2026-09-21_215652_run
  screen: disconnect=None, failed=None, login=None, select=None, alz=False, trade=False, vendor=False, craft=False, buttons=[], underprice=False
  frame 2026-09-21_222718_found.png
  the log shows no task cut short
restoring the default state:
  no Trade window or vendor open; not pressing Escape
  I: Inventory closed
  frame 2026-09-21_222726_tab4_0slots.png
  verified: row 1 of tab 4 is clear
  no gift box open; not clicking Close
restoring the default state:
  no Trade window or vendor open; not pressing Escape
  I: Inventory closed
  frame 2026-09-21_222733_reset.png
   2026-09-21_222735  C:\Users\tl456\Desktop\cabal-trader\cabal_trade\src_1080p\driver.py --config cang
     logging to C:\Users\tl456\Desktop\cabal-trader\cabal_trade\src_1080p\logs\2026-09-21_222735_run.log
     code 7149cda
     screen 1920x1080
* relaunched (pid 2408),22:27:38,alive
watching pid 2408, 2026-09-21_222735_run.log
* server lag: not answering,22:29:07,alive
* server lag: the server stalled,22:30:11,alive

  Ctrl 4 times: stopping the run the way Ctrl+C would.
* supervisor cancelled with Ctrl x4,22:42:52,dead
