2026-09-19_145348  .\supervise.py --config cang
  logging to C:\Users\tl456\Desktop\cabal-trader\cabal_trade\src_1080p\logs\2026-09-19_145348_supervise.log
  screen 1920x1080
  press Ctrl 4 times within 1.5s to stop, from the game or anywhere else
* no run alive; 2026-09-19_144444_run.log ended: interrupted from the keyboard,14:53:48,dead
  kept 30 png and 1 mp4 from the dead run in C:\Users\tl456\Desktop\cabal-trader\cabal_trade\src_1080p\logs\dead_runs\2026-09-19_144444_run
  screen: disconnect=None, failed=None, login=None, select=None, alz=True, trade=True, vendor=False, craft=False, buttons=[], underprice=False
  frame 2026-09-19_145355_found.png
  interrupted: relist row 17: 'Divine Stone Set X 159' x1 at 114,784,166 withdrawn to tab 4 slot (1, 1), never listed back
restoring the default state:
  no Trade window or vendor open; not pressing Escape
  Inventory already closed
  frame 2026-09-19_145402_tab4_0slots.png
  verified: row 1 of tab 4 is clear
  relist row 17: 'Divine Stone Set X 159' is handled above if it came back to tab 4; otherwise the row kept it, it sold, or it was listed by hand. The next run reads the board.
  no gift box open; not clicking Close
restoring the default state:
  no Trade window or vendor open; not pressing Escape
  I: Inventory closed
  frame 2026-09-19_145408_reset.png
   2026-09-19_145409  C:\Users\tl456\Desktop\cabal-trader\cabal_trade\src_1080p\driver.py --config cang
     logging to C:\Users\tl456\Desktop\cabal-trader\cabal_trade\src_1080p\logs\2026-09-19_145409_run.log
     code d08b55e
     screen 1920x1080
* relaunched (pid 6824),14:54:13,alive
watching pid 6824, 2026-09-19_145409_run.log
* stop condition: shop.row_last_y is not in calibration.json. Re-run py src/calibration.py once it measures the listing table.,15:04:45,dead
* shop.row_last_y is not in calibration.json. Re-run py src/calibration.py once it measures the listing table.,15:04:47,dead
  kept 30 png and 1 mp4 from the dead run in C:\Users\tl456\Desktop\cabal-trader\cabal_trade\src_1080p\logs\dead_runs\2026-09-19_145409_run
  screen: disconnect=None, failed=None, login=None, select=None, alz=True, trade=True, vendor=False, craft=False, buttons=[], underprice=False
  frame 2026-09-19_150455_found.png
  the log shows no task cut short
restoring the default state:
  Escape: window closed
  Inventory already closed
  frame 2026-09-19_150501_tab4_0slots.png
  verified: row 1 of tab 4 is clear
  no gift box open; not clicking Close
restoring the default state:
  no Trade window or vendor open; not pressing Escape
  I: Inventory closed
  frame 2026-09-19_150508_reset.png
   2026-09-19_150509  C:\Users\tl456\Desktop\cabal-trader\cabal_trade\src_1080p\driver.py --config cang
     logging to C:\Users\tl456\Desktop\cabal-trader\cabal_trade\src_1080p\logs\2026-09-19_150509_run.log
     code d08b55e
     screen 1920x1080
* relaunched (pid 16076),15:05:13,alive
watching pid 16076, 2026-09-19_150509_run.log
* stop condition: shop.row_last_y is not in calibration.json. Re-run py src/calibration.py once it measures the listing table.,15:12:35,dead
* shop.row_last_y is not in calibration.json. Re-run py src/calibration.py once it measures the listing table.,15:12:38,dead
  kept 30 png and 1 mp4 from the dead run in C:\Users\tl456\Desktop\cabal-trader\cabal_trade\src_1080p\logs\dead_runs\2026-09-19_150509_run
  screen: disconnect=None, failed=None, login=None, select=None, alz=True, trade=True, vendor=False, craft=False, buttons=[], underprice=False
  frame 2026-09-19_151245_found.png
  the log shows no task cut short
restoring the default state:
  Escape: window closed
  Inventory already closed
  frame 2026-09-19_151252_tab4_0slots.png
  verified: row 1 of tab 4 is clear
  no gift box open; not clicking Close
restoring the default state:
  no Trade window or vendor open; not pressing Escape
  I: Inventory closed
  frame 2026-09-19_151258_reset.png
   2026-09-19_151259  C:\Users\tl456\Desktop\cabal-trader\cabal_trade\src_1080p\driver.py --config cang
     logging to C:\Users\tl456\Desktop\cabal-trader\cabal_trade\src_1080p\logs\2026-09-19_151259_run.log
     code d08b55e
     screen 1920x1080
* relaunched (pid 2672),15:13:03,alive
watching pid 2672, 2026-09-19_151259_run.log
* stop condition: shop.row_last_y is not in calibration.json. Re-run py src/calibration.py once it measures the listing table.,15:20:49,dead
* shop.row_last_y is not in calibration.json. Re-run py src/calibration.py once it measures the listing table.,15:20:49,dead
  kept 30 png and 1 mp4 from the dead run in C:\Users\tl456\Desktop\cabal-trader\cabal_trade\src_1080p\logs\dead_runs\2026-09-19_151259_run
  screen: disconnect=None, failed=None, login=None, select=None, alz=True, trade=True, vendor=False, craft=False, buttons=[], underprice=False
  frame 2026-09-19_152056_found.png
  the log shows no task cut short
restoring the default state:
  Escape: window closed
  Inventory already closed
  frame 2026-09-19_152103_tab4_0slots.png
  verified: row 1 of tab 4 is clear
  no gift box open; not clicking Close
restoring the default state:
  no Trade window or vendor open; not pressing Escape
  I: Inventory closed
  frame 2026-09-19_152109_reset.png
   2026-09-19_152110  C:\Users\tl456\Desktop\cabal-trader\cabal_trade\src_1080p\driver.py --config cang
     logging to C:\Users\tl456\Desktop\cabal-trader\cabal_trade\src_1080p\logs\2026-09-19_152110_run.log
     code d08b55e
     screen 1920x1080
* relaunched (pid 13004),15:21:14,alive
watching pid 13004, 2026-09-19_152110_run.log
* stop condition: shop.row_last_y is not in calibration.json. Re-run py src/calibration.py once it measures the listing table.,15:28:37,dead
* shop.row_last_y is not in calibration.json. Re-run py src/calibration.py once it measures the listing table.,15:28:39,dead
  kept 30 png and 1 mp4 from the dead run in C:\Users\tl456\Desktop\cabal-trader\cabal_trade\src_1080p\logs\dead_runs\2026-09-19_152110_run
  screen: disconnect=None, failed=None, login=None, select=None, alz=True, trade=True, vendor=False, craft=False, buttons=[], underprice=False
  frame 2026-09-19_152846_found.png
  the log shows no task cut short
restoring the default state:
  Escape: window closed
  Inventory already closed
  frame 2026-09-19_152853_tab4_0slots.png
  verified: row 1 of tab 4 is clear
  no gift box open; not clicking Close
restoring the default state:
  no Trade window or vendor open; not pressing Escape
  I: Inventory closed
  frame 2026-09-19_152900_reset.png
   2026-09-19_152901  C:\Users\tl456\Desktop\cabal-trader\cabal_trade\src_1080p\driver.py --config cang
     logging to C:\Users\tl456\Desktop\cabal-trader\cabal_trade\src_1080p\logs\2026-09-19_152901_run.log
     code d08b55e
     screen 1920x1080
* relaunched (pid 6072),15:29:04,alive
watching pid 6072, 2026-09-19_152901_run.log
* stop condition: shop.row_last_y is not in calibration.json. Re-run py src/calibration.py once it measures the listing table.,15:42:04,dead
* shop.row_last_y is not in calibration.json. Re-run py src/calibration.py once it measures the listing table.,15:42:04,dead
  kept 30 png and 1 mp4 from the dead run in C:\Users\tl456\Desktop\cabal-trader\cabal_trade\src_1080p\logs\dead_runs\2026-09-19_152901_run
  screen: disconnect=None, failed=None, login=None, select=None, alz=True, trade=True, vendor=False, craft=False, buttons=[], underprice=False
  frame 2026-09-19_154211_found.png
  the log shows no task cut short
restoring the default state:
  Escape: window closed
  Inventory already closed
  frame 2026-09-19_154218_tab4_0slots.png
  verified: row 1 of tab 4 is clear
  no gift box open; not clicking Close
restoring the default state:
  no Trade window or vendor open; not pressing Escape
  I: Inventory closed
  frame 2026-09-19_154224_reset.png
   2026-09-19_154225  C:\Users\tl456\Desktop\cabal-trader\cabal_trade\src_1080p\driver.py --config cang
     logging to C:\Users\tl456\Desktop\cabal-trader\cabal_trade\src_1080p\logs\2026-09-19_154225_run.log
     code d08b55e
     screen 1920x1080
* relaunched (pid 7892),15:42:29,alive
watching pid 7892, 2026-09-19_154225_run.log
* stop condition: shop.row_last_y is not in calibration.json. Re-run py src/calibration.py once it measures the listing table.,15:49:52,dead
* shop.row_last_y is not in calibration.json. Re-run py src/calibration.py once it measures the listing table.,15:49:54,dead
  kept 30 png and 1 mp4 from the dead run in C:\Users\tl456\Desktop\cabal-trader\cabal_trade\src_1080p\logs\dead_runs\2026-09-19_154225_run
  screen: disconnect=None, failed=None, login=None, select=None, alz=True, trade=True, vendor=False, craft=False, buttons=[], underprice=False
  frame 2026-09-19_155002_found.png
  the log shows no task cut short
restoring the default state:
  Escape: window closed
  Inventory already closed
  frame 2026-09-19_155008_tab4_0slots.png
  verified: row 1 of tab 4 is clear
  no gift box open; not clicking Close
restoring the default state:
  no Trade window or vendor open; not pressing Escape
  I: Inventory closed
  frame 2026-09-19_155015_reset.png
   2026-09-19_155016  C:\Users\tl456\Desktop\cabal-trader\cabal_trade\src_1080p\driver.py --config cang
     logging to C:\Users\tl456\Desktop\cabal-trader\cabal_trade\src_1080p\logs\2026-09-19_155016_run.log
     code d08b55e
     screen 1920x1080
* relaunched (pid 7940),15:50:20,alive
watching pid 7940, 2026-09-19_155016_run.log
* stop condition: shop.row_last_y is not in calibration.json. Re-run py src/calibration.py once it measures the listing table.,15:57:42,dead
* shop.row_last_y is not in calibration.json. Re-run py src/calibration.py once it measures the listing table.,15:57:45,dead
  kept 30 png and 1 mp4 from the dead run in C:\Users\tl456\Desktop\cabal-trader\cabal_trade\src_1080p\logs\dead_runs\2026-09-19_155016_run
  screen: disconnect=None, failed=None, login=None, select=None, alz=True, trade=True, vendor=False, craft=False, buttons=[], underprice=False
  frame 2026-09-19_155752_found.png
  the log shows no task cut short
restoring the default state:
  Escape: window closed
  Inventory already closed
  frame 2026-09-19_155759_tab4_0slots.png
  verified: row 1 of tab 4 is clear
  no gift box open; not clicking Close
restoring the default state:
  no Trade window or vendor open; not pressing Escape
  I: Inventory closed
  frame 2026-09-19_155805_reset.png
   2026-09-19_155806  C:\Users\tl456\Desktop\cabal-trader\cabal_trade\src_1080p\driver.py --config cang
     logging to C:\Users\tl456\Desktop\cabal-trader\cabal_trade\src_1080p\logs\2026-09-19_155806_run.log
     code d08b55e
     screen 1920x1080
* relaunched (pid 11048),15:58:10,alive
watching pid 11048, 2026-09-19_155806_run.log
* server lag: not answering,16:00:40,alive
* server lag: the server stalled,16:01:21,alive
* server lag: the server stalled,16:01:45,alive
* stop condition: shop.row_last_y is not in calibration.json. Re-run py src/calibration.py once it measures the listing table.,16:07:01,dead
* shop.row_last_y is not in calibration.json. Re-run py src/calibration.py once it measures the listing table.,16:07:01,dead
  kept 30 png and 1 mp4 from the dead run in C:\Users\tl456\Desktop\cabal-trader\cabal_trade\src_1080p\logs\dead_runs\2026-09-19_155806_run
  screen: disconnect=None, failed=None, login=None, select=None, alz=True, trade=True, vendor=False, craft=False, buttons=[], underprice=False
  frame 2026-09-19_160709_found.png
  the log shows no task cut short
restoring the default state:
  Escape: window closed
  Inventory already closed
  frame 2026-09-19_160715_tab4_0slots.png
  verified: row 1 of tab 4 is clear
  no gift box open; not clicking Close
restoring the default state:
  no Trade window or vendor open; not pressing Escape
  I: Inventory closed
  frame 2026-09-19_160722_reset.png
   2026-09-19_160723  C:\Users\tl456\Desktop\cabal-trader\cabal_trade\src_1080p\driver.py --config cang
     logging to C:\Users\tl456\Desktop\cabal-trader\cabal_trade\src_1080p\logs\2026-09-19_160723_run.log
     code d08b55e
     screen 1920x1080
* relaunched (pid 18624),16:07:26,alive
watching pid 18624, 2026-09-19_160723_run.log
* server lag: not answering,16:08:11,alive
* server lag: the server stalled,16:09:15,alive
* stop condition: shop.row_last_y is not in calibration.json. Re-run py src/calibration.py once it measures the listing table.,16:20:51,dead
* shop.row_last_y is not in calibration.json. Re-run py src/calibration.py once it measures the listing table.,16:20:51,dead
  kept 30 png and 1 mp4 from the dead run in C:\Users\tl456\Desktop\cabal-trader\cabal_trade\src_1080p\logs\dead_runs\2026-09-19_160723_run
  screen: disconnect=None, failed=None, login=None, select=None, alz=True, trade=True, vendor=False, craft=False, buttons=[], underprice=False
  frame 2026-09-19_162059_found.png
  the log shows no task cut short
restoring the default state:
  Escape: window closed
  Inventory already closed
  frame 2026-09-19_162105_tab4_0slots.png
  verified: row 1 of tab 4 is clear
  no gift box open; not clicking Close
restoring the default state:
  no Trade window or vendor open; not pressing Escape
  I: Inventory closed
  frame 2026-09-19_162112_reset.png
   2026-09-19_162113  C:\Users\tl456\Desktop\cabal-trader\cabal_trade\src_1080p\driver.py --config cang
     logging to C:\Users\tl456\Desktop\cabal-trader\cabal_trade\src_1080p\logs\2026-09-19_162113_run.log
     code d08b55e
     screen 1920x1080
* relaunched (pid 17436),16:21:17,alive
watching pid 17436, 2026-09-19_162113_run.log
* stop condition: shop.row_last_y is not in calibration.json. Re-run py src/calibration.py once it measures the listing table.,16:29:42,dead
* shop.row_last_y is not in calibration.json. Re-run py src/calibration.py once it measures the listing table.,16:29:44,dead
  kept 30 png and 1 mp4 from the dead run in C:\Users\tl456\Desktop\cabal-trader\cabal_trade\src_1080p\logs\dead_runs\2026-09-19_162113_run
  screen: disconnect=None, failed=None, login=None, select=None, alz=True, trade=True, vendor=False, craft=False, buttons=[], underprice=False
  frame 2026-09-19_162952_found.png
  the log shows no task cut short
restoring the default state:
  Escape: window closed
  Inventory already closed
  frame 2026-09-19_162958_tab4_0slots.png
  verified: row 1 of tab 4 is clear
  no gift box open; not clicking Close
restoring the default state:
  no Trade window or vendor open; not pressing Escape
  I: Inventory closed
  frame 2026-09-19_163005_reset.png
   2026-09-19_163006  C:\Users\tl456\Desktop\cabal-trader\cabal_trade\src_1080p\driver.py --config cang
     logging to C:\Users\tl456\Desktop\cabal-trader\cabal_trade\src_1080p\logs\2026-09-19_163006_run.log
     code d08b55e
     screen 1920x1080
* relaunched (pid 6656),16:30:10,alive
watching pid 6656, 2026-09-19_163006_run.log
* RuntimeError: right-clicked the Agent Shop key 2 times and the Trade window never appeared. Nothing written.,16:30:34,dead
  kept 12 png and 1 mp4 from the dead run in C:\Users\tl456\Desktop\cabal-trader\cabal_trade\src_1080p\logs\dead_runs\2026-09-19_163006_run
  screen: disconnect=None, failed=None, login=None, select=None, alz=True, trade=False, vendor=False, craft=False, buttons=[], underprice=False
  frame 2026-09-19_163046_found.png
  the log shows no task cut short
restoring the default state:
  no Trade window or vendor open; not pressing Escape
  I: Inventory closed
  frame 2026-09-19_163053_tab4_0slots.png
  verified: row 1 of tab 4 is clear
  no gift box open; not clicking Close
restoring the default state:
  no Trade window or vendor open; not pressing Escape
  I: Inventory closed
  frame 2026-09-19_163100_reset.png
   2026-09-19_163101  C:\Users\tl456\Desktop\cabal-trader\cabal_trade\src_1080p\driver.py --config cang
     logging to C:\Users\tl456\Desktop\cabal-trader\cabal_trade\src_1080p\logs\2026-09-19_163101_run.log
     code d08b55e
     screen 1920x1080
* relaunched (pid 18184),16:31:04,alive
watching pid 18184, 2026-09-19_163101_run.log
* stop condition: shop.row_last_y is not in calibration.json. Re-run py src/calibration.py once it measures the listing table.,16:38:27,dead
* shop.row_last_y is not in calibration.json. Re-run py src/calibration.py once it measures the listing table.,16:38:30,dead
  kept 30 png and 1 mp4 from the dead run in C:\Users\tl456\Desktop\cabal-trader\cabal_trade\src_1080p\logs\dead_runs\2026-09-19_163101_run
  screen: disconnect=None, failed=None, login=None, select=None, alz=True, trade=True, vendor=False, craft=False, buttons=[], underprice=False
  frame 2026-09-19_163837_found.png
  the log shows no task cut short
restoring the default state:
  Escape: window closed
  Inventory already closed
  frame 2026-09-19_163843_tab4_0slots.png
  verified: row 1 of tab 4 is clear
  no gift box open; not clicking Close
restoring the default state:
  no Trade window or vendor open; not pressing Escape
  I: Inventory closed
  frame 2026-09-19_163850_reset.png
   2026-09-19_163851  C:\Users\tl456\Desktop\cabal-trader\cabal_trade\src_1080p\driver.py --config cang
     logging to C:\Users\tl456\Desktop\cabal-trader\cabal_trade\src_1080p\logs\2026-09-19_163851_run.log
     code d08b55e
     screen 1920x1080
* relaunched (pid 18044),16:38:55,alive
watching pid 18044, 2026-09-19_163851_run.log
* stop condition: shop.row_last_y is not in calibration.json. Re-run py src/calibration.py once it measures the listing table.,16:52:37,dead
* shop.row_last_y is not in calibration.json. Re-run py src/calibration.py once it measures the listing table.,16:52:39,dead
  kept 30 png and 1 mp4 from the dead run in C:\Users\tl456\Desktop\cabal-trader\cabal_trade\src_1080p\logs\dead_runs\2026-09-19_163851_run
  screen: disconnect=None, failed=None, login=None, select=None, alz=True, trade=True, vendor=False, craft=False, buttons=[], underprice=False
  frame 2026-09-19_165247_found.png
  the log shows no task cut short
restoring the default state:
  Escape: window closed
  Inventory already closed
  frame 2026-09-19_165253_tab4_0slots.png
  verified: row 1 of tab 4 is clear
  no gift box open; not clicking Close
restoring the default state:
  no Trade window or vendor open; not pressing Escape
  I: Inventory closed
  frame 2026-09-19_165300_reset.png
   2026-09-19_165301  C:\Users\tl456\Desktop\cabal-trader\cabal_trade\src_1080p\driver.py --config cang
     logging to C:\Users\tl456\Desktop\cabal-trader\cabal_trade\src_1080p\logs\2026-09-19_165301_run.log
     code d08b55e
     screen 1920x1080
* relaunched (pid 16936),16:53:05,alive
watching pid 16936, 2026-09-19_165301_run.log
* stop condition: shop.row_last_y is not in calibration.json. Re-run py src/calibration.py once it measures the listing table.,17:01:31,dead
* shop.row_last_y is not in calibration.json. Re-run py src/calibration.py once it measures the listing table.,17:01:33,dead
  kept 30 png and 1 mp4 from the dead run in C:\Users\tl456\Desktop\cabal-trader\cabal_trade\src_1080p\logs\dead_runs\2026-09-19_165301_run
  screen: disconnect=None, failed=None, login=None, select=None, alz=True, trade=True, vendor=False, craft=False, buttons=[], underprice=False
  frame 2026-09-19_170141_found.png
  the log shows no task cut short
restoring the default state:
  Escape: window closed
  Inventory already closed
  frame 2026-09-19_170147_tab4_0slots.png
  verified: row 1 of tab 4 is clear
  no gift box open; not clicking Close
restoring the default state:
  no Trade window or vendor open; not pressing Escape
  I: Inventory closed
  frame 2026-09-19_170154_reset.png
   2026-09-19_170155  C:\Users\tl456\Desktop\cabal-trader\cabal_trade\src_1080p\driver.py --config cang
     logging to C:\Users\tl456\Desktop\cabal-trader\cabal_trade\src_1080p\logs\2026-09-19_170155_run.log
     code d08b55e
     screen 1920x1080
* relaunched (pid 16764),17:01:58,alive
watching pid 16764, 2026-09-19_170155_run.log
* stop condition: shop.row_last_y is not in calibration.json. Re-run py src/calibration.py once it measures the listing table.,17:09:44,dead
* shop.row_last_y is not in calibration.json. Re-run py src/calibration.py once it measures the listing table.,17:09:44,dead
  kept 30 png and 1 mp4 from the dead run in C:\Users\tl456\Desktop\cabal-trader\cabal_trade\src_1080p\logs\dead_runs\2026-09-19_170155_run
  screen: disconnect=None, failed=None, login=None, select=None, alz=True, trade=True, vendor=False, craft=False, buttons=[], underprice=False
  frame 2026-09-19_170951_found.png
  the log shows no task cut short
restoring the default state:
  Escape: window closed
  Inventory already closed
  frame 2026-09-19_170958_tab4_0slots.png
  verified: row 1 of tab 4 is clear
  no gift box open; not clicking Close
restoring the default state:
  no Trade window or vendor open; not pressing Escape
  I: Inventory closed
  frame 2026-09-19_171004_reset.png
   2026-09-19_171006  C:\Users\tl456\Desktop\cabal-trader\cabal_trade\src_1080p\driver.py --config cang
     logging to C:\Users\tl456\Desktop\cabal-trader\cabal_trade\src_1080p\logs\2026-09-19_171006_run.log
     code d08b55e
     screen 1920x1080
* relaunched (pid 12284),17:10:09,alive
watching pid 12284, 2026-09-19_171006_run.log
* stop condition: shop.row_last_y is not in calibration.json. Re-run py src/calibration.py once it measures the listing table.,17:19:18,dead
* shop.row_last_y is not in calibration.json. Re-run py src/calibration.py once it measures the listing table.,17:19:18,dead
  kept 30 png and 1 mp4 from the dead run in C:\Users\tl456\Desktop\cabal-trader\cabal_trade\src_1080p\logs\dead_runs\2026-09-19_171006_run
  screen: disconnect=None, failed=None, login=None, select=None, alz=True, trade=True, vendor=False, craft=False, buttons=[], underprice=False
  frame 2026-09-19_171925_found.png
  the log shows no task cut short
restoring the default state:
  Escape: window closed
  Inventory already closed
  frame 2026-09-19_171932_tab4_0slots.png
  verified: row 1 of tab 4 is clear
  no gift box open; not clicking Close
restoring the default state:
  no Trade window or vendor open; not pressing Escape
  I: Inventory closed
  frame 2026-09-19_171938_reset.png
   2026-09-19_171939  C:\Users\tl456\Desktop\cabal-trader\cabal_trade\src_1080p\driver.py --config cang
     logging to C:\Users\tl456\Desktop\cabal-trader\cabal_trade\src_1080p\logs\2026-09-19_171939_run.log
     code d08b55e
     screen 1920x1080
* relaunched (pid 13280),17:19:43,alive
watching pid 13280, 2026-09-19_171939_run.log
* stop condition: shop.row_last_y is not in calibration.json. Re-run py src/calibration.py once it measures the listing table.,17:27:05,dead
* shop.row_last_y is not in calibration.json. Re-run py src/calibration.py once it measures the listing table.,17:27:07,dead
  kept 30 png and 1 mp4 from the dead run in C:\Users\tl456\Desktop\cabal-trader\cabal_trade\src_1080p\logs\dead_runs\2026-09-19_171939_run
  screen: disconnect=None, failed=None, login=None, select=None, alz=True, trade=True, vendor=False, craft=False, buttons=[], underprice=False
  frame 2026-09-19_172714_found.png
  the log shows no task cut short
restoring the default state:
  Escape: window closed
  Inventory already closed
  frame 2026-09-19_172721_tab4_0slots.png
  verified: row 1 of tab 4 is clear
  no gift box open; not clicking Close
restoring the default state:
  no Trade window or vendor open; not pressing Escape
  I: Inventory closed
  frame 2026-09-19_172727_reset.png
   2026-09-19_172728  C:\Users\tl456\Desktop\cabal-trader\cabal_trade\src_1080p\driver.py --config cang
     logging to C:\Users\tl456\Desktop\cabal-trader\cabal_trade\src_1080p\logs\2026-09-19_172728_run.log
     code d08b55e
     screen 1920x1080
* relaunched (pid 1696),17:27:32,alive
watching pid 1696, 2026-09-19_172728_run.log
* stop condition: shop.row_last_y is not in calibration.json. Re-run py src/calibration.py once it measures the listing table.,17:34:54,dead
* shop.row_last_y is not in calibration.json. Re-run py src/calibration.py once it measures the listing table.,17:34:56,dead
  kept 30 png and 1 mp4 from the dead run in C:\Users\tl456\Desktop\cabal-trader\cabal_trade\src_1080p\logs\dead_runs\2026-09-19_172728_run
  screen: disconnect=None, failed=None, login=None, select=None, alz=True, trade=True, vendor=False, craft=False, buttons=[], underprice=False
  frame 2026-09-19_173503_found.png
  the log shows no task cut short
restoring the default state:
  Escape: window closed
  Inventory already closed
  frame 2026-09-19_173510_tab4_0slots.png
  verified: row 1 of tab 4 is clear
  no gift box open; not clicking Close
restoring the default state:
  no Trade window or vendor open; not pressing Escape
  I: Inventory closed
  frame 2026-09-19_173516_reset.png
   2026-09-19_173517  C:\Users\tl456\Desktop\cabal-trader\cabal_trade\src_1080p\driver.py --config cang
     logging to C:\Users\tl456\Desktop\cabal-trader\cabal_trade\src_1080p\logs\2026-09-19_173517_run.log
     code d08b55e
     screen 1920x1080
* relaunched (pid 15996),17:35:21,alive
watching pid 15996, 2026-09-19_173517_run.log
* stop condition: shop.row_last_y is not in calibration.json. Re-run py src/calibration.py once it measures the listing table.,17:47:57,dead
* shop.row_last_y is not in calibration.json. Re-run py src/calibration.py once it measures the listing table.,17:47:59,dead
  kept 30 png and 1 mp4 from the dead run in C:\Users\tl456\Desktop\cabal-trader\cabal_trade\src_1080p\logs\dead_runs\2026-09-19_173517_run
  screen: disconnect=None, failed=None, login=None, select=None, alz=True, trade=True, vendor=False, craft=False, buttons=[], underprice=False
  frame 2026-09-19_174807_found.png
  the log shows no task cut short
restoring the default state:
  Escape: window closed
  Inventory already closed
  frame 2026-09-19_174813_tab4_0slots.png
  verified: row 1 of tab 4 is clear
  no gift box open; not clicking Close
restoring the default state:
  no Trade window or vendor open; not pressing Escape
  I: Inventory closed
  frame 2026-09-19_174820_reset.png
   2026-09-19_174821  C:\Users\tl456\Desktop\cabal-trader\cabal_trade\src_1080p\driver.py --config cang
     logging to C:\Users\tl456\Desktop\cabal-trader\cabal_trade\src_1080p\logs\2026-09-19_174821_run.log
     code d08b55e
     screen 1920x1080
* relaunched (pid 8888),17:48:24,alive
watching pid 8888, 2026-09-19_174821_run.log
* stop condition: shop.row_last_y is not in calibration.json. Re-run py src/calibration.py once it measures the listing table.,18:00:40,dead
* shop.row_last_y is not in calibration.json. Re-run py src/calibration.py once it measures the listing table.,18:00:40,dead
  kept 30 png and 1 mp4 from the dead run in C:\Users\tl456\Desktop\cabal-trader\cabal_trade\src_1080p\logs\dead_runs\2026-09-19_174821_run
  screen: disconnect=None, failed=None, login=None, select=None, alz=True, trade=True, vendor=False, craft=False, buttons=[], underprice=False
  frame 2026-09-19_180048_found.png
  the log shows no task cut short
restoring the default state:
  Escape: window closed
  Inventory already closed
  frame 2026-09-19_180054_tab4_0slots.png
  verified: row 1 of tab 4 is clear
  no gift box open; not clicking Close
restoring the default state:
  no Trade window or vendor open; not pressing Escape
  I: Inventory closed
  frame 2026-09-19_180100_reset.png
   2026-09-19_180101  C:\Users\tl456\Desktop\cabal-trader\cabal_trade\src_1080p\driver.py --config cang
     logging to C:\Users\tl456\Desktop\cabal-trader\cabal_trade\src_1080p\logs\2026-09-19_180101_run.log
     code d08b55e
     screen 1920x1080
* relaunched (pid 5712),18:01:05,alive
watching pid 5712, 2026-09-19_180101_run.log
* stop condition: shop.row_last_y is not in calibration.json. Re-run py src/calibration.py once it measures the listing table.,18:08:27,dead
* shop.row_last_y is not in calibration.json. Re-run py src/calibration.py once it measures the listing table.,18:08:29,dead
  kept 30 png and 1 mp4 from the dead run in C:\Users\tl456\Desktop\cabal-trader\cabal_trade\src_1080p\logs\dead_runs\2026-09-19_180101_run
  screen: disconnect=None, failed=None, login=None, select=None, alz=True, trade=True, vendor=False, craft=False, buttons=[], underprice=False
  frame 2026-09-19_180837_found.png
  the log shows no task cut short
restoring the default state:
  Escape: window closed
  Inventory already closed
  frame 2026-09-19_180843_tab4_0slots.png
  verified: row 1 of tab 4 is clear
  no gift box open; not clicking Close
restoring the default state:
  no Trade window or vendor open; not pressing Escape
  I: Inventory closed
  frame 2026-09-19_180849_reset.png
   2026-09-19_180850  C:\Users\tl456\Desktop\cabal-trader\cabal_trade\src_1080p\driver.py --config cang
     logging to C:\Users\tl456\Desktop\cabal-trader\cabal_trade\src_1080p\logs\2026-09-19_180850_run.log
     code d08b55e
     screen 1920x1080
* relaunched (pid 10716),18:08:54,alive
watching pid 10716, 2026-09-19_180850_run.log
* stop condition: shop.row_last_y is not in calibration.json. Re-run py src/calibration.py once it measures the listing table.,18:16:16,dead
* shop.row_last_y is not in calibration.json. Re-run py src/calibration.py once it measures the listing table.,18:16:18,dead
  kept 30 png and 1 mp4 from the dead run in C:\Users\tl456\Desktop\cabal-trader\cabal_trade\src_1080p\logs\dead_runs\2026-09-19_180850_run
  screen: disconnect=None, failed=None, login=None, select=None, alz=True, trade=True, vendor=False, craft=False, buttons=[], underprice=False
  frame 2026-09-19_181626_found.png
  the log shows no task cut short
restoring the default state:
  Escape: window closed
  Inventory already closed
  frame 2026-09-19_181632_tab4_0slots.png
  verified: row 1 of tab 4 is clear
  no gift box open; not clicking Close
restoring the default state:
  no Trade window or vendor open; not pressing Escape
  I: Inventory closed
  frame 2026-09-19_181638_reset.png
   2026-09-19_181640  C:\Users\tl456\Desktop\cabal-trader\cabal_trade\src_1080p\driver.py --config cang
     logging to C:\Users\tl456\Desktop\cabal-trader\cabal_trade\src_1080p\logs\2026-09-19_181640_run.log
     code d08b55e
     screen 1920x1080
* relaunched (pid 10684),18:16:43,alive
watching pid 10684, 2026-09-19_181640_run.log
* stop condition: shop.row_last_y is not in calibration.json. Re-run py src/calibration.py once it measures the listing table.,18:24:05,dead
* shop.row_last_y is not in calibration.json. Re-run py src/calibration.py once it measures the listing table.,18:24:07,dead
  kept 30 png and 1 mp4 from the dead run in C:\Users\tl456\Desktop\cabal-trader\cabal_trade\src_1080p\logs\dead_runs\2026-09-19_181640_run
  screen: disconnect=None, failed=None, login=None, select=None, alz=True, trade=True, vendor=False, craft=False, buttons=[], underprice=False
  frame 2026-09-19_182415_found.png
  the log shows no task cut short
restoring the default state:
  Escape: window closed
  Inventory already closed
  frame 2026-09-19_182421_tab4_0slots.png
  verified: row 1 of tab 4 is clear
  no gift box open; not clicking Close
restoring the default state:
  no Trade window or vendor open; not pressing Escape
  I: Inventory closed
  frame 2026-09-19_182427_reset.png
   2026-09-19_182428  C:\Users\tl456\Desktop\cabal-trader\cabal_trade\src_1080p\driver.py --config cang
     logging to C:\Users\tl456\Desktop\cabal-trader\cabal_trade\src_1080p\logs\2026-09-19_182428_run.log
     code d08b55e
     screen 1920x1080
* relaunched (pid 2360),18:24:32,alive
watching pid 2360, 2026-09-19_182428_run.log
* stop condition: shop.row_last_y is not in calibration.json. Re-run py src/calibration.py once it measures the listing table.,18:31:54,dead
* shop.row_last_y is not in calibration.json. Re-run py src/calibration.py once it measures the listing table.,18:31:57,dead
  kept 30 png and 1 mp4 from the dead run in C:\Users\tl456\Desktop\cabal-trader\cabal_trade\src_1080p\logs\dead_runs\2026-09-19_182428_run
  screen: disconnect=None, failed=None, login=None, select=None, alz=True, trade=True, vendor=False, craft=False, buttons=[], underprice=False
  frame 2026-09-19_183204_found.png
  the log shows no task cut short
restoring the default state:
  Escape: window closed
  Inventory already closed
  frame 2026-09-19_183210_tab4_0slots.png
  verified: row 1 of tab 4 is clear
  no gift box open; not clicking Close
restoring the default state:
  no Trade window or vendor open; not pressing Escape
  I: Inventory closed
  frame 2026-09-19_183217_reset.png
   2026-09-19_183218  C:\Users\tl456\Desktop\cabal-trader\cabal_trade\src_1080p\driver.py --config cang
     logging to C:\Users\tl456\Desktop\cabal-trader\cabal_trade\src_1080p\logs\2026-09-19_183218_run.log
     code d08b55e
     screen 1920x1080
* relaunched (pid 9116),18:32:21,alive
watching pid 9116, 2026-09-19_183218_run.log
* server lag: not answering,18:33:06,alive
* server lag: the server stalled,18:34:08,alive
* stop condition: shop.row_last_y is not in calibration.json. Re-run py src/calibration.py once it measures the listing table.,18:41:29,dead
* shop.row_last_y is not in calibration.json. Re-run py src/calibration.py once it measures the listing table.,18:41:29,dead
  kept 30 png and 1 mp4 from the dead run in C:\Users\tl456\Desktop\cabal-trader\cabal_trade\src_1080p\logs\dead_runs\2026-09-19_183218_run
  screen: disconnect=None, failed=None, login=None, select=None, alz=True, trade=True, vendor=False, craft=False, buttons=[], underprice=False
  frame 2026-09-19_184137_found.png
  the log shows no task cut short
restoring the default state:
  Escape: window closed
  Inventory already closed
  frame 2026-09-19_184144_tab4_0slots.png
  verified: row 1 of tab 4 is clear
  no gift box open; not clicking Close
restoring the default state:
  no Trade window or vendor open; not pressing Escape
  I: Inventory closed
  frame 2026-09-19_184150_reset.png
   2026-09-19_184151  C:\Users\tl456\Desktop\cabal-trader\cabal_trade\src_1080p\driver.py --config cang
     logging to C:\Users\tl456\Desktop\cabal-trader\cabal_trade\src_1080p\logs\2026-09-19_184151_run.log
     code d08b55e
     screen 1920x1080
* relaunched (pid 19396),18:41:55,alive
watching pid 19396, 2026-09-19_184151_run.log
* stop condition: shop.row_last_y is not in calibration.json. Re-run py src/calibration.py once it measures the listing table.,18:49:18,dead
* shop.row_last_y is not in calibration.json. Re-run py src/calibration.py once it measures the listing table.,18:49:20,dead
  kept 30 png and 1 mp4 from the dead run in C:\Users\tl456\Desktop\cabal-trader\cabal_trade\src_1080p\logs\dead_runs\2026-09-19_184151_run
  screen: disconnect=None, failed=None, login=None, select=None, alz=True, trade=True, vendor=False, craft=False, buttons=[], underprice=False
  frame 2026-09-19_184928_found.png
  the log shows no task cut short
restoring the default state:
  Escape: window closed
  Inventory already closed
  frame 2026-09-19_184934_tab4_0slots.png
  verified: row 1 of tab 4 is clear
  no gift box open; not clicking Close
restoring the default state:
  no Trade window or vendor open; not pressing Escape
  I: Inventory closed
  frame 2026-09-19_184940_reset.png
   2026-09-19_184941  C:\Users\tl456\Desktop\cabal-trader\cabal_trade\src_1080p\driver.py --config cang
     logging to C:\Users\tl456\Desktop\cabal-trader\cabal_trade\src_1080p\logs\2026-09-19_184941_run.log
     code d08b55e
     screen 1920x1080
* relaunched (pid 1052),18:49:45,alive
watching pid 1052, 2026-09-19_184941_run.log
* stop condition: shop.row_last_y is not in calibration.json. Re-run py src/calibration.py once it measures the listing table.,18:57:07,dead
* shop.row_last_y is not in calibration.json. Re-run py src/calibration.py once it measures the listing table.,18:57:09,dead
  kept 30 png and 1 mp4 from the dead run in C:\Users\tl456\Desktop\cabal-trader\cabal_trade\src_1080p\logs\dead_runs\2026-09-19_184941_run
  screen: disconnect=None, failed=None, login=None, select=None, alz=True, trade=True, vendor=False, craft=False, buttons=[], underprice=False
  frame 2026-09-19_185717_found.png
  the log shows no task cut short
restoring the default state:
  Escape: window closed
  Inventory already closed
  frame 2026-09-19_185723_tab4_0slots.png
  verified: row 1 of tab 4 is clear
  no gift box open; not clicking Close
restoring the default state:
  no Trade window or vendor open; not pressing Escape
  I: Inventory closed
  frame 2026-09-19_185730_reset.png
   2026-09-19_185731  C:\Users\tl456\Desktop\cabal-trader\cabal_trade\src_1080p\driver.py --config cang
     logging to C:\Users\tl456\Desktop\cabal-trader\cabal_trade\src_1080p\logs\2026-09-19_185731_run.log
     code d08b55e
     screen 1920x1080
* relaunched (pid 8036),18:57:35,alive
watching pid 8036, 2026-09-19_185731_run.log
* stop condition: shop.row_last_y is not in calibration.json. Re-run py src/calibration.py once it measures the listing table.,19:04:57,dead
* shop.row_last_y is not in calibration.json. Re-run py src/calibration.py once it measures the listing table.,19:04:59,dead
  kept 30 png and 1 mp4 from the dead run in C:\Users\tl456\Desktop\cabal-trader\cabal_trade\src_1080p\logs\dead_runs\2026-09-19_185731_run
  screen: disconnect=None, failed=None, login=None, select=None, alz=True, trade=True, vendor=False, craft=False, buttons=[], underprice=False
  frame 2026-09-19_190507_found.png
  the log shows no task cut short
restoring the default state:
  Escape: window closed
  Inventory already closed
  frame 2026-09-19_190513_tab4_0slots.png
  verified: row 1 of tab 4 is clear
  no gift box open; not clicking Close
restoring the default state:
  no Trade window or vendor open; not pressing Escape
  I: Inventory closed
  frame 2026-09-19_190519_reset.png
   2026-09-19_190520  C:\Users\tl456\Desktop\cabal-trader\cabal_trade\src_1080p\driver.py --config cang
     logging to C:\Users\tl456\Desktop\cabal-trader\cabal_trade\src_1080p\logs\2026-09-19_190520_run.log
     code d08b55e
     screen 1920x1080
* relaunched (pid 8204),19:05:24,alive
watching pid 8204, 2026-09-19_190520_run.log
* stop condition: shop.row_last_y is not in calibration.json. Re-run py src/calibration.py once it measures the listing table.,19:12:46,dead
* shop.row_last_y is not in calibration.json. Re-run py src/calibration.py once it measures the listing table.,19:12:48,dead
  kept 30 png and 1 mp4 from the dead run in C:\Users\tl456\Desktop\cabal-trader\cabal_trade\src_1080p\logs\dead_runs\2026-09-19_190520_run
  screen: disconnect=None, failed=None, login=None, select=None, alz=True, trade=True, vendor=False, craft=False, buttons=[], underprice=False
  frame 2026-09-19_191256_found.png
  the log shows no task cut short
restoring the default state:
  Escape: window closed
  Inventory already closed
  frame 2026-09-19_191302_tab4_0slots.png
  verified: row 1 of tab 4 is clear
  no gift box open; not clicking Close
restoring the default state:
  no Trade window or vendor open; not pressing Escape
  I: Inventory closed
  frame 2026-09-19_191308_reset.png
   2026-09-19_191310  C:\Users\tl456\Desktop\cabal-trader\cabal_trade\src_1080p\driver.py --config cang
     logging to C:\Users\tl456\Desktop\cabal-trader\cabal_trade\src_1080p\logs\2026-09-19_191310_run.log
     code d08b55e
     screen 1920x1080
* relaunched (pid 18684),19:13:13,alive
watching pid 18684, 2026-09-19_191310_run.log
* stop condition: shop.row_last_y is not in calibration.json. Re-run py src/calibration.py once it measures the listing table.,19:22:01,dead
* shop.row_last_y is not in calibration.json. Re-run py src/calibration.py once it measures the listing table.,19:22:01,dead
  kept 30 png and 1 mp4 from the dead run in C:\Users\tl456\Desktop\cabal-trader\cabal_trade\src_1080p\logs\dead_runs\2026-09-19_191310_run
  screen: disconnect=None, failed=None, login=None, select=None, alz=True, trade=True, vendor=False, craft=False, buttons=[], underprice=False
  frame 2026-09-19_192209_found.png
  the log shows no task cut short
restoring the default state:
  Escape: window closed
  Inventory already closed
  frame 2026-09-19_192215_tab4_0slots.png
  verified: row 1 of tab 4 is clear
  no gift box open; not clicking Close
restoring the default state:
  no Trade window or vendor open; not pressing Escape
  I: Inventory closed
  frame 2026-09-19_192221_reset.png
   2026-09-19_192223  C:\Users\tl456\Desktop\cabal-trader\cabal_trade\src_1080p\driver.py --config cang
     logging to C:\Users\tl456\Desktop\cabal-trader\cabal_trade\src_1080p\logs\2026-09-19_192223_run.log
     code d08b55e
     screen 1920x1080
* relaunched (pid 1652),19:22:26,alive
watching pid 1652, 2026-09-19_192223_run.log
* stop condition: shop.row_last_y is not in calibration.json. Re-run py src/calibration.py once it measures the listing table.,19:30:11,dead
* shop.row_last_y is not in calibration.json. Re-run py src/calibration.py once it measures the listing table.,19:30:11,dead
  kept 30 png and 1 mp4 from the dead run in C:\Users\tl456\Desktop\cabal-trader\cabal_trade\src_1080p\logs\dead_runs\2026-09-19_192223_run
  screen: disconnect=None, failed=None, login=None, select=None, alz=True, trade=True, vendor=False, craft=False, buttons=[], underprice=False
  frame 2026-09-19_193018_found.png
  the log shows no task cut short
restoring the default state:
  Escape: window closed
  Inventory already closed
  frame 2026-09-19_193025_tab4_0slots.png
  verified: row 1 of tab 4 is clear
  no gift box open; not clicking Close
restoring the default state:
  no Trade window or vendor open; not pressing Escape
  I: Inventory closed
  frame 2026-09-19_193031_reset.png
   2026-09-19_193032  C:\Users\tl456\Desktop\cabal-trader\cabal_trade\src_1080p\driver.py --config cang
     logging to C:\Users\tl456\Desktop\cabal-trader\cabal_trade\src_1080p\logs\2026-09-19_193032_run.log
     code d08b55e
     screen 1920x1080
* relaunched (pid 17680),19:30:36,alive
watching pid 17680, 2026-09-19_193032_run.log
* stop condition: shop.row_last_y is not in calibration.json. Re-run py src/calibration.py once it measures the listing table.,19:40:26,dead
* shop.row_last_y is not in calibration.json. Re-run py src/calibration.py once it measures the listing table.,19:40:26,dead
  kept 30 png and 1 mp4 from the dead run in C:\Users\tl456\Desktop\cabal-trader\cabal_trade\src_1080p\logs\dead_runs\2026-09-19_193032_run
  screen: disconnect=None, failed=None, login=None, select=None, alz=True, trade=True, vendor=False, craft=False, buttons=[], underprice=False
  frame 2026-09-19_194034_found.png
  the log shows no task cut short
restoring the default state:
  Escape: window closed
  Inventory already closed
  frame 2026-09-19_194040_tab4_0slots.png
  verified: row 1 of tab 4 is clear
  no gift box open; not clicking Close
restoring the default state:
  no Trade window or vendor open; not pressing Escape
  I: Inventory closed
  frame 2026-09-19_194046_reset.png
   2026-09-19_194047  C:\Users\tl456\Desktop\cabal-trader\cabal_trade\src_1080p\driver.py --config cang
     logging to C:\Users\tl456\Desktop\cabal-trader\cabal_trade\src_1080p\logs\2026-09-19_194047_run.log
     code d08b55e
     screen 1920x1080
* relaunched (pid 16476),19:40:51,alive
watching pid 16476, 2026-09-19_194047_run.log
* stop condition: shop.row_last_y is not in calibration.json. Re-run py src/calibration.py once it measures the listing table.,19:48:13,dead
* shop.row_last_y is not in calibration.json. Re-run py src/calibration.py once it measures the listing table.,19:48:15,dead
  kept 30 png and 1 mp4 from the dead run in C:\Users\tl456\Desktop\cabal-trader\cabal_trade\src_1080p\logs\dead_runs\2026-09-19_194047_run
  screen: disconnect=None, failed=None, login=None, select=None, alz=True, trade=True, vendor=False, craft=False, buttons=[], underprice=False
  frame 2026-09-19_194823_found.png
  the log shows no task cut short
restoring the default state:
  Escape: window closed
  Inventory already closed
  frame 2026-09-19_194829_tab4_0slots.png
  verified: row 1 of tab 4 is clear
  no gift box open; not clicking Close
restoring the default state:
  no Trade window or vendor open; not pressing Escape
  I: Inventory closed
  frame 2026-09-19_194836_reset.png
   2026-09-19_194837  C:\Users\tl456\Desktop\cabal-trader\cabal_trade\src_1080p\driver.py --config cang
     logging to C:\Users\tl456\Desktop\cabal-trader\cabal_trade\src_1080p\logs\2026-09-19_194837_run.log
     code d08b55e
     screen 1920x1080
* relaunched (pid 2352),19:48:41,alive
watching pid 2352, 2026-09-19_194837_run.log
* server lag: not answering,19:51:10,alive
* server lag: the server stalled,19:52:14,alive
* stop condition: shop.row_last_y is not in calibration.json. Re-run py src/calibration.py once it measures the listing table.,19:58:53,dead
* shop.row_last_y is not in calibration.json. Re-run py src/calibration.py once it measures the listing table.,19:58:54,dead
  kept 30 png and 1 mp4 from the dead run in C:\Users\tl456\Desktop\cabal-trader\cabal_trade\src_1080p\logs\dead_runs\2026-09-19_194837_run
  screen: disconnect=None, failed=None, login=None, select=None, alz=True, trade=True, vendor=False, craft=False, buttons=[], underprice=False
  frame 2026-09-19_195901_found.png
  the log shows no task cut short
restoring the default state:
  Escape: window closed
  Inventory already closed
  frame 2026-09-19_195908_tab4_0slots.png
  verified: row 1 of tab 4 is clear
  no gift box open; not clicking Close
restoring the default state:
  no Trade window or vendor open; not pressing Escape
  I: Inventory closed
  frame 2026-09-19_195914_reset.png
   2026-09-19_195915  C:\Users\tl456\Desktop\cabal-trader\cabal_trade\src_1080p\driver.py --config cang
     logging to C:\Users\tl456\Desktop\cabal-trader\cabal_trade\src_1080p\logs\2026-09-19_195915_run.log
     code d08b55e
     screen 1920x1080
* relaunched (pid 17736),19:59:19,alive
watching pid 17736, 2026-09-19_195915_run.log
* stop condition: shop.row_last_y is not in calibration.json. Re-run py src/calibration.py once it measures the listing table.,20:11:16,dead
* shop.row_last_y is not in calibration.json. Re-run py src/calibration.py once it measures the listing table.,20:11:16,dead
  kept 30 png and 1 mp4 from the dead run in C:\Users\tl456\Desktop\cabal-trader\cabal_trade\src_1080p\logs\dead_runs\2026-09-19_195915_run
  screen: disconnect=None, failed=None, login=None, select=None, alz=True, trade=True, vendor=False, craft=False, buttons=[], underprice=False
  frame 2026-09-19_201123_found.png
  the log shows no task cut short
restoring the default state:
  Escape: window closed
  Inventory already closed
  frame 2026-09-19_201130_tab4_0slots.png
  verified: row 1 of tab 4 is clear
  no gift box open; not clicking Close
restoring the default state:
  no Trade window or vendor open; not pressing Escape
  I: Inventory closed
  frame 2026-09-19_201136_reset.png
   2026-09-19_201137  C:\Users\tl456\Desktop\cabal-trader\cabal_trade\src_1080p\driver.py --config cang
     logging to C:\Users\tl456\Desktop\cabal-trader\cabal_trade\src_1080p\logs\2026-09-19_201137_run.log
     code d08b55e
     screen 1920x1080
* relaunched (pid 7080),20:11:41,alive
watching pid 7080, 2026-09-19_201137_run.log
* stop condition: shop.row_last_y is not in calibration.json. Re-run py src/calibration.py once it measures the listing table.,20:20:49,dead
* shop.row_last_y is not in calibration.json. Re-run py src/calibration.py once it measures the listing table.,20:20:49,dead
  kept 30 png and 1 mp4 from the dead run in C:\Users\tl456\Desktop\cabal-trader\cabal_trade\src_1080p\logs\dead_runs\2026-09-19_201137_run
  screen: disconnect=None, failed=None, login=None, select=None, alz=True, trade=True, vendor=False, craft=False, buttons=[], underprice=False
  frame 2026-09-19_202057_found.png
  the log shows no task cut short
restoring the default state:
  Escape: window closed
  Inventory already closed
  frame 2026-09-19_202103_tab4_0slots.png
  verified: row 1 of tab 4 is clear
  no gift box open; not clicking Close
restoring the default state:
  no Trade window or vendor open; not pressing Escape
  I: Inventory closed
  frame 2026-09-19_202110_reset.png
   2026-09-19_202111  C:\Users\tl456\Desktop\cabal-trader\cabal_trade\src_1080p\driver.py --config cang
     logging to C:\Users\tl456\Desktop\cabal-trader\cabal_trade\src_1080p\logs\2026-09-19_202111_run.log
     code d08b55e
     screen 1920x1080
* relaunched (pid 9200),20:21:15,alive
watching pid 9200, 2026-09-19_202111_run.log
* stop condition: shop.row_last_y is not in calibration.json. Re-run py src/calibration.py once it measures the listing table.,20:28:58,dead
* shop.row_last_y is not in calibration.json. Re-run py src/calibration.py once it measures the listing table.,20:28:59,dead
  kept 30 png and 1 mp4 from the dead run in C:\Users\tl456\Desktop\cabal-trader\cabal_trade\src_1080p\logs\dead_runs\2026-09-19_202111_run
  screen: disconnect=None, failed=None, login=None, select=None, alz=True, trade=True, vendor=False, craft=False, buttons=[], underprice=False
  frame 2026-09-19_202906_found.png
  the log shows no task cut short
restoring the default state:
  Escape: window closed
  Inventory already closed
  frame 2026-09-19_202913_tab4_0slots.png
  verified: row 1 of tab 4 is clear
  no gift box open; not clicking Close
restoring the default state:
  no Trade window or vendor open; not pressing Escape
  I: Inventory closed
  frame 2026-09-19_202919_reset.png
   2026-09-19_202920  C:\Users\tl456\Desktop\cabal-trader\cabal_trade\src_1080p\driver.py --config cang
     logging to C:\Users\tl456\Desktop\cabal-trader\cabal_trade\src_1080p\logs\2026-09-19_202920_run.log
     code d08b55e
     screen 1920x1080
* relaunched (pid 6236),20:29:24,alive
watching pid 6236, 2026-09-19_202920_run.log
* stop condition: shop.row_last_y is not in calibration.json. Re-run py src/calibration.py once it measures the listing table.,20:37:08,dead
* shop.row_last_y is not in calibration.json. Re-run py src/calibration.py once it measures the listing table.,20:37:09,dead
  kept 30 png and 1 mp4 from the dead run in C:\Users\tl456\Desktop\cabal-trader\cabal_trade\src_1080p\logs\dead_runs\2026-09-19_202920_run
  screen: disconnect=None, failed=None, login=None, select=None, alz=True, trade=True, vendor=False, craft=False, buttons=[], underprice=False
  frame 2026-09-19_203716_found.png
  the log shows no task cut short
restoring the default state:
  Escape: window closed
  Inventory already closed
  frame 2026-09-19_203723_tab4_0slots.png
  verified: row 1 of tab 4 is clear
  no gift box open; not clicking Close
restoring the default state:
  no Trade window or vendor open; not pressing Escape
  I: Inventory closed
  frame 2026-09-19_203729_reset.png
   2026-09-19_203730  C:\Users\tl456\Desktop\cabal-trader\cabal_trade\src_1080p\driver.py --config cang
     logging to C:\Users\tl456\Desktop\cabal-trader\cabal_trade\src_1080p\logs\2026-09-19_203730_run.log
     code d08b55e
     screen 1920x1080
* relaunched (pid 5664),20:37:34,alive
watching pid 5664, 2026-09-19_203730_run.log
* server lag: not answering,20:38:38,alive
* server lag: the server stalled,20:39:22,alive
* stop condition: shop.row_last_y is not in calibration.json. Re-run py src/calibration.py once it measures the listing table.,20:47:03,dead
* shop.row_last_y is not in calibration.json. Re-run py src/calibration.py once it measures the listing table.,20:47:05,dead
  kept 30 png and 1 mp4 from the dead run in C:\Users\tl456\Desktop\cabal-trader\cabal_trade\src_1080p\logs\dead_runs\2026-09-19_203730_run
  screen: disconnect=None, failed=None, login=None, select=None, alz=True, trade=True, vendor=False, craft=False, buttons=[], underprice=False
  frame 2026-09-19_204713_found.png
  the log shows no task cut short
restoring the default state:
  Escape: window closed
  Inventory already closed
  frame 2026-09-19_204719_tab4_0slots.png
  verified: row 1 of tab 4 is clear
  no gift box open; not clicking Close
restoring the default state:
  no Trade window or vendor open; not pressing Escape
  I: Inventory closed
  frame 2026-09-19_204726_reset.png
   2026-09-19_204727  C:\Users\tl456\Desktop\cabal-trader\cabal_trade\src_1080p\driver.py --config cang
     logging to C:\Users\tl456\Desktop\cabal-trader\cabal_trade\src_1080p\logs\2026-09-19_204727_run.log
     code d08b55e
     screen 1920x1080
* relaunched (pid 18972),20:47:31,alive
watching pid 18972, 2026-09-19_204727_run.log
* stop condition: shop.row_last_y is not in calibration.json. Re-run py src/calibration.py once it measures the listing table.,20:55:15,dead
* shop.row_last_y is not in calibration.json. Re-run py src/calibration.py once it measures the listing table.,20:55:15,dead
  kept 30 png and 1 mp4 from the dead run in C:\Users\tl456\Desktop\cabal-trader\cabal_trade\src_1080p\logs\dead_runs\2026-09-19_204727_run
  screen: disconnect=None, failed=None, login=None, select=None, alz=True, trade=True, vendor=False, craft=False, buttons=[], underprice=False
  frame 2026-09-19_205523_found.png
  the log shows no task cut short
restoring the default state:
  Escape: window closed
  Inventory already closed
  frame 2026-09-19_205530_tab4_0slots.png
  verified: row 1 of tab 4 is clear
  no gift box open; not clicking Close
restoring the default state:
  no Trade window or vendor open; not pressing Escape
  I: Inventory closed
  frame 2026-09-19_205536_reset.png
   2026-09-19_205537  C:\Users\tl456\Desktop\cabal-trader\cabal_trade\src_1080p\driver.py --config cang
     logging to C:\Users\tl456\Desktop\cabal-trader\cabal_trade\src_1080p\logs\2026-09-19_205537_run.log
     code d08b55e
     screen 1920x1080
* relaunched (pid 12592),20:55:41,alive
watching pid 12592, 2026-09-19_205537_run.log

  Ctrl 4 times: stopping the run the way Ctrl+C would.
* supervisor cancelled with Ctrl x4,21:00:16,dead
