  board during pass 3, at row 8 of 1-30, read 2026-09-25T03:44:54
                                                   bought/u   listed/u  margin      row price  profit if sold
     1  Epic Booster (Highest)             x4    46,841,195 46,841,195   +0.0%     46,841,195               0
     2  Yekaterina VIP Membership          x1    112,418,868 113,499,999   +1.0%    113,499,999       1,081,131
     3  Force Core(Highest                 x1             -    197,984       -        197,984               -
     4  Siena's Unbinding Stone            x1    74,945,912 95,998,783  +21.9%     95,998,783      21,052,871
     5  Chaos Core                         x1       748,998    745,478   -0.5%        745,478          -3,520
     6  Chaos Core                         x1       748,998    744,864   -0.6%        744,864          -4,134
     7  Force Core(High                    x4             -    185,999       -        185,999               -
     8  Force Core(High                    x76            -    185,999       -        185,999               - <- here
     9  Force Core (Ultimate               x91            -    359,951       -        359,951               -
    10  Chaos Core Set X 150               x1             -    745,496       -    111,824,549               -
    11  Chaos Core Set X 291               x1             -    745,495       -    216,939,335               -
    12  Force Core (Ultimate               x110           -    359,950       -        359,950               -
    13  Force Core (Ultimate               x116           -    359,949       -        359,949               -
    14  Chaos Core Set X 69                x1             -    745,494       -     51,439,154               -
    item                               rows   units          listed  profit if sold
    Chaos Core                            2       2       1,490,342          -7,654
    Chaos Core Set                        3     510     380,203,038               -
    Epic Booster (Highest)                1       4     187,364,780               0
    Force Core (Ultimate                  3     317     114,104,125               -
    Force Core(High                       2      80      14,879,920               -
    Force Core(Highest                    1       1         197,984               -
    Siena's Unbinding Stone               1       1      95,998,783      21,052,871
    Yekaterina VIP Membership             1       1     113,499,999       1,081,131
    board                                14     916     907,738,971      22,126,348
    balance now 1,943,971,404, read 2026-09-25T03:42:03
