2026-09-18_184701  tools/supervise.py --config bot
  logging to C:\Users\tl456\Desktop\cabal_trade\src_1080p\logs\2026-09-18_184701_supervise.log
  screen 1920x1080
  press Ctrl 4 times within 1.5s to stop, from the game or anywhere else
* no run alive; 2026-09-18_182216_run.log ended: interrupted from the keyboard,18:47:02,dead
  kept 30 png and 1 mp4 from the dead run in C:\Users\tl456\Desktop\cabal_trade\src_1080p\logs\dead_runs\2026-09-18_182216_run
  screen: disconnect=None, failed=None, login=None, select=None, alz=False, trade=False, vendor=False, craft=False, buttons=[], underprice=False
  frame 2026-09-18_184710_found.png
  interrupted: resupply of Force Core(High): bought stock may be on tab 4
restoring the default state:
  no Trade window or vendor open; not pressing Escape
  I: Inventory closed
  frame 2026-09-18_184717_tab4_0slots.png
  verified: row 1 of tab 4 is clear
  no gift box open; not clicking Close
restoring the default state:
  no Trade window or vendor open; not pressing Escape
  I: Inventory closed
  frame 2026-09-18_184721_reset.png
   2026-09-18_184722  C:\Users\tl456\Desktop\cabal_trade\src_1080p\driver.py --config bot
     logging to C:\Users\tl456\Desktop\cabal_trade\src_1080p\logs\2026-09-18_184722_run.log
     code 0545ff9
     screen 1920x1080
* relaunched (pid 18468),18:47:26,alive
watching pid 18468, 2026-09-18_184722_run.log

  Ctrl 4 times: stopping the run the way Ctrl+C would.
* supervisor cancelled with Ctrl x4,19:53:50,dead
