recovered: back in the world,09:47:00,dead
relaunched (pid 8236),09:47:35,alive
attached (pid 8236),09:49:35,alive
NotReady: the Agent Shop would not reopen before pass 1, so there is nothing to read. Nothing touched.,09:51:56,dead
relaunched (pid 8436),09:52:21,alive
relaunched (pid 15816),09:53:31,alive
attached (pid 15816),10:34:36,alive
attached (pid 15816),10:59:34,alive
attached (pid 15816),12:15:11,alive
server lag: not answering,12:26:37,alive
server lag: the server stalled,12:27:38,alive
war window, log quiet 164s,12:30:19,alive
server lag: not answering,13:38:39,alive
server lag: the server stalled,13:39:41,alive
server lag: the server stalled,13:40:01,alive
attached (pid 15816),13:53:40,alive
attached (pid 15816),14:08:08,alive
stop condition: nothing loaded into the shop slot from (1,1) after 3 ctrl-click(s). Nothing has ,14:21:38,dead
nothing loaded into the shop slot from (1,1) after 3 ctrl-click(s). Nothing has been listed.,14:21:39,dead
finished: listed Upgrade Core (Ultimate from tab 4 (1,1); 0 slot(s) left,14:23:56,dead
relaunched (pid 10484),14:24:05,alive
attached (pid 10484),14:28:04,alive
server lag: not answering,15:24:02,alive
server lag: the server stalled,15:24:45,alive
war window, log quiet 163s,15:32:22,alive
KeyError: 'VK_CONTROL',15:58:41,dead
supervisor stopped: driver.py craft chaos exited 1: ended without a reason line,15:58:59,dead
no run alive; 2026-09-02_142401_run.log ended: KeyError: 'VK_CONTROL',16:08:24,dead
already in the world; nothing to recover,16:09:09,dead
finished: listed Upgrade Core (Ultimate from tab 4 (1,1); 0 slot(s) left,16:11:48,dead
relaunched (pid 1744),16:11:57,alive
server lag: not answering,16:32:24,alive
server lag: the server stalled,16:33:07,alive
server lag: the server stalled,16:33:29,alive
NotReady: inventory tab 4 is full, so row 1 would come back with nowhere to go. Nothing cancelled.,16:35:35,dead
recovered: back in the world,16:37:34,dead
relaunched (pid 13808),16:38:08,alive
server lag: not answering,17:12:03,alive
server lag: the server stalled,17:13:07,alive
attached (pid 13808),17:25:49,alive
war window, log quiet 165s,18:31:33,alive
server lag: not answering,18:42:00,alive
server lag: the server stalled,18:43:03,alive
attached (pid 13808),18:55:09,alive
stop condition: tab 4 slot (1,1) is still empty 8s after the withdrawal. Nothing listed.,19:20:27,dead
tab 4 slot (1,1) is still empty 8s after the withdrawal. Nothing listed.,19:20:28,dead
gave up on Upgrade Core (Ultimate: 40 slot(s) hovered, 9 left on tab 1 and tabs [2, 3, 5, 6, 7] unread,19:23:16,dead
relaunched (pid 16000),19:23:22,alive
RuntimeError: no readable Alz balance after pressing I twice and sweeping the screen; the Inventory panel is n,19:25:13,dead
recovered: back in the world,19:27:15,dead
relaunched (pid 17288),19:28:07,alive
server lag: not answering,19:28:50,alive
server lag: the server stalled,19:29:34,alive
ServerStalled: the server stalled for 60s; nothing was clicked and the shop is shut. The pass starts again.,19:29:37,dead
relaunched (pid 19872),19:30:09,alive
server lag: not answering,19:33:39,alive
server lag: the server stalled,19:34:42,alive
server lag: the server stalled,19:35:04,alive
attached (pid 19872),19:39:35,alive
server lag: not answering,20:10:06,alive
server lag: the server stalled,20:11:09,alive
server lag: not answering,20:15:19,alive
server lag: the server stalled,20:16:23,alive
server lag: not answering,21:52:29,alive
server lag: the server stalled,21:53:32,alive
server lag: not answering,22:04:12,alive
server lag: the server stalled,22:05:15,alive
server lag: the server stalled,22:05:37,alive
server lag: not answering,22:08:44,alive
server lag: the server stalled,22:09:47,alive
attached (pid 19872),22:11:05,alive
attached (pid 19872),22:16:41,alive
server lag: not answering,22:27:45,alive
server lag: the server stalled,22:28:49,alive
server lag: the server stalled,22:29:11,alive
RuntimeError: pressed I twice; the Inventory panel is not open where calibration.json says it is.,23:43:51,dead
recovered: back in the world,23:45:37,dead
relaunched (pid 20580),23:46:27,alive
server lag: not answering,00:23:26,alive
server lag: the server stalled,00:24:29,dead
NotReady: inventory tab 4 is full, so row 1 would come back with nowhere to go. Nothing cancelled.,00:24:31,dead
finished: list 1 1 0 4 Force Core(Highest) (Force Core(Highest)); 0 slot(s) left,00:26:54,dead
relaunched (pid 10844),00:27:03,alive
war window, log quiet 160s,00:32:14,alive
server lag: not answering,00:52:18,alive
server lag: the server stalled,00:53:21,alive
NotReady: inventory tab 4 is full, so row 1 would come back with nowhere to go. Nothing cancelled.,00:53:43,dead
finished: list 1 1 0 4 Upgrade Core (Ultimate) (Upgrade Core (Ultimate)); 0 slot(s) left,00:56:05,dead
relaunched (pid 21476),00:56:14,alive
server lag: not answering,01:07:38,alive
server lag: the server stalled,01:08:41,alive
RuntimeError: pressed I twice; the Inventory panel is not open where calibration.json says it is.,01:10:26,dead
recovered: back in the world,01:11:47,dead
finished: list 1 1 0 4 Force Core(Highest) (Force Core(Highest)); 0 slot(s) left,01:14:24,dead
relaunched (pid 21420),01:14:33,alive
stop condition: tab 4 slot (1,1) is still empty 8s after the withdrawal. Nothing listed.,01:34:37,dead
tab 4 slot (1,1) is still empty 8s after the withdrawal. Nothing listed.,01:34:38,dead
recovered: back in the world,01:36:19,dead
relaunched (pid 19720),01:36:55,alive
server lag: not answering,02:40:25,alive
server lag: the server stalled,02:41:29,alive
server lag: not answering,02:56:22,alive
server lag: the server stalled,02:57:25,dead
stop condition: tab 4 slot (1,2) is still empty 8s after the withdrawal. Nothing listed.,02:57:27,dead
tab 4 slot (1,2) is still empty 8s after the withdrawal. Nothing listed.,02:57:28,dead
recovered: back in the world,02:58:56,dead
finished: list 1 1 0 4 Chaos Core Set (Chaos Core Set); 7 slot(s) left,03:01:45,dead
finished: list 1 2 0 4 Force Core(Highest) (Force Core(Highest)); 0 slot(s) left,03:04:09,dead
relaunched (pid 21352),03:04:18,alive
server lag: not answering,03:20:35,alive
server lag: the server stalled,03:21:38,alive
NotReady: inventory tab 4 is full, so row 1 would come back with nowhere to go. Nothing cancelled.,03:22:01,dead
finished: list 1 1 0 4 Force Core(Highest) (Force Core(Highest)); 0 slot(s) left,03:24:21,dead
relaunched (pid 9188),03:24:30,alive
server lag: not answering,04:52:52,alive
server lag: the server stalled,04:53:55,alive
server lag: the server stalled,04:54:17,alive
server lag: not answering,05:30:13,alive
server lag: the server stalled,05:31:16,alive
server lag: not answering,06:14:07,alive
server lag: the server stalled,06:15:10,alive
stop condition: no Cancel button appeared after clicking Change on row 1. Nothing has been cance,06:15:33,dead
no Cancel button appeared after clicking Change on row 1. Nothing has been cancelled.,06:15:34,dead
recovered: back in the world,06:17:03,dead
relaunched (pid 5276),06:17:37,alive
war window, log quiet 170s,06:34:32,alive
server lag: not answering,07:01:01,alive
server lag: the server stalled,07:02:03,dead
ServerStalled: the server stalled for 60s; nothing was clicked and the shop is shut. The pass starts again.,07:02:04,dead
relaunched (pid 7212),07:02:30,alive
supervisor cancelled with Ctrl x4,07:14:32,dead
no run alive; 2026-09-03_070226_run.log ended: interrupted from the keyboard,07:15:16,dead
relaunched (pid 256),07:15:37,alive
NameError: name 'threshold' is not defined,07:18:45,dead
relaunched (pid 1424),07:19:05,alive
NameError: name 'threshold' is not defined,07:22:12,dead
relaunched (pid 5032),07:22:30,alive
server lag: not answering,07:39:19,alive
server lag: the server stalled,07:40:01,alive
server lag: the server stalled,07:40:23,alive
NotReady: inventory tab 4 is full, so row 1 would come back with nowhere to go. Nothing cancelled.,07:41:05,dead
finished: list 1 1 0 4 Upgrade Core (Ultimate) (Upgrade Core (Ultimate)); 0 slot(s) left,07:43:07,dead
relaunched (pid 20656),07:43:15,alive
server lag: not answering,09:12:27,alive
server lag: the server stalled,09:13:30,alive
war window, log quiet 153s,09:32:49,alive
supervisor cancelled with Ctrl x4,09:59:25,dead
no run alive; 2026-09-03_074311_run.log ended: interrupted from the keyboard,09:59:46,dead
recovered: back in the world,10:01:16,dead
relaunched (pid 20456),10:01:52,alive
server lag: not answering,11:24:02,alive
server lag: the server stalled,11:24:52,alive
server lag: the server stalled,11:25:14,alive
server lag: not answering,11:42:08,alive
server lag: the server stalled,11:42:50,alive
server lag: the server stalled,11:43:19,alive
server lag: not answering,12:05:18,alive
server lag: the server stalled,12:06:28,alive
the dialog stayed open after Confirmation on row 2. Whether the cancel committed is unknown -- check by hand.,12:12:14,dead
supervisor stopped: the dialog stayed up after 3 Confirmation clicks,12:13:22,dead
no run alive; 2026-09-03_100148_run.log ended: the dialog stayed open after Confirmation on row 2. Whether the cancel committed,12:16:41,dead
supervisor stopped: driver.py list 1 2 0 4 Force Core(High) exited 1: ServerStalled: the server stalled for 60s; nothing was clicked and the shop is shut. The pass starts,12:19:57,dead
no run alive; 2026-09-03_100148_run.log ended: the dialog stayed open after Confirmation on row 2. Whether the cancel committed,12:20:45,dead
supervisor stopped: driver.py list 1 2 0 4 Force Core(High) exited 1: RuntimeError: the dialog stayed open after Confirmation on row 1; the cancel is unconfirmed.,12:22:42,dead
no run alive; 2026-09-03_100148_run.log ended: the dialog stayed open after Confirmation on row 2. Whether the cancel committed,13:52:44,dead
finished: list 1 2 0 4 Force Core(High) (Force Core(High)); 0 slot(s) left,13:55:21,dead
relaunched (pid 15080),13:55:30,alive
server lag: not answering,14:17:39,alive
server lag: the server stalled,14:18:46,alive
war window, log quiet 169s,15:33:09,alive
supervisor cancelled with Ctrl x4,16:14:04,dead
no run alive; 2026-09-03_135527_run.log ended: interrupted from the keyboard,16:14:19,dead
relaunched (pid 21120),16:14:39,alive
server lag: not answering,16:39:49,alive
server lag: the server stalled,16:40:56,alive
server lag: the server stalled,16:41:21,alive
RuntimeError: pressed I twice; the Inventory panel is not open where calibration.json says it is.,17:26:19,dead
no run alive; 2026-09-03_161435_run.log ended: RuntimeError: pressed I twice; the Inventory panel is not open where calibration,17:35:22,dead
recovered: back in the world,17:37:13,dead
relaunched (pid 12764),17:38:02,alive
server lag: not answering,18:32:55,alive
disconnected (run still up),18:33:21,alive
server lag: the server stalled,18:34:04,alive
disconnected 180s and the run has not died; killing pid 12764,18:36:40,dead
ended without a reason line,18:36:42,dead
recovered: back in the world,18:38:14,dead
relaunched (pid 20828),18:39:01,alive
server lag: not answering,18:51:06,alive
server lag: the server stalled,18:52:15,alive
server lag: not answering,20:34:44,alive
server lag: the server stalled,20:35:27,alive
server lag: the server stalled,20:35:54,alive
server lag: not answering,20:36:16,alive
server lag: the server stalled,20:37:04,alive
server lag: the server stalled,20:37:25,alive
war window, log quiet 174s,21:30:47,alive
server lag: not answering,00:33:08,alive
server lag: the server stalled,00:33:57,alive
NotReady: inventory tab 4 is full, so row 1 would come back with nowhere to go. Nothing cancelled.,00:35:53,dead
finished: list 1 1 0 4 Force Core(Highest) (Force Core(Highest)); 0 slot(s) left,00:38:24,dead
relaunched (pid 5468),00:38:38,alive
server lag: not answering,01:19:22,alive
server lag: the server stalled,01:20:05,alive
server lag: the server stalled,01:20:34,alive
server lag: not answering,01:21:42,alive
server lag: the server stalled,01:22:25,alive
server lag: the server stalled,01:22:52,alive
server lag: not answering,03:14:47,alive
server lag: the server stalled,03:15:55,alive
disconnected (run still up),03:15:59,alive
disconnected 180s and the run has not died; killing pid 5468,03:19:20,dead
ended without a reason line,03:19:21,dead
recovered: back in the world,03:21:01,dead
stranded stock on tab 4: 1 slot(s) the tooltip does not name, from (1, 8); the run lands beside it,03:21:37,dead
relaunched (pid 2652),03:21:54,alive
war window, log quiet 153s,03:30:23,alive
attached (pid 2652),03:32:17,alive
war window, log quiet 267s,03:32:26,alive
server lag: not answering,03:55:01,alive
server lag: the server stalled,03:55:51,alive
server lag: the server stalled,03:56:13,alive
server lag: not answering,03:57:01,alive
server lag: the server stalled,03:57:56,alive
server lag: the server stalled,03:58:19,alive
supervisor cancelled with Ctrl x4,05:36:45,dead
no run alive; 2026-09-04_032150_run.log ended: interrupted from the keyboard,05:37:05,dead
relaunched (pid 18436),05:37:49,alive
server lag: not answering,06:07:30,alive
server lag: the server stalled,06:08:43,alive
war window, log quiet 158s,06:30:16,alive
server lag: not answering,06:45:25,alive
server lag: the server stalled,06:46:13,alive
server lag: the server stalled,06:46:34,alive
server lag: not answering,07:02:43,alive
server lag: the server stalled,07:03:26,alive
server lag: the server stalled,07:03:54,alive
supervisor cancelled with Ctrl x4,07:31:04,dead
no run alive; 2026-09-04_053746_run.log ended: interrupted from the keyboard,07:33:23,dead
relaunched (pid 3436),07:33:57,alive
server lag: not answering,08:10:36,alive
server lag: the server stalled,08:11:44,alive
server lag: not answering,08:38:37,alive
server lag: the server stalled,08:39:47,alive
server lag: not answering,09:12:04,alive
disconnected (run still up),09:12:29,alive
server lag: the server stalled,09:12:51,alive
server lag: the server stalled,09:13:13,alive
disconnected 180s and the run has not died; killing pid 3436,09:15:53,dead
ended without a reason line,09:15:55,dead
recovered: back in the world,09:17:24,dead
relaunched (pid 17068),09:18:03,alive
war window, log quiet 165s,09:33:15,alive
supervisor cancelled with Ctrl x4,10:27:29,dead
no run alive; 2026-09-04_091800_run.log ended: interrupted from the keyboard,10:27:45,dead
relaunched (pid 21184),10:28:24,alive
server lag: not answering,10:53:54,alive
server lag: the server stalled,10:55:03,alive
server lag: not answering,12:32:51,alive
server lag: the server stalled,12:33:57,alive
NotReady: inventory tab 4 is full, so row 1 would come back with nowhere to go. Nothing cancelled.,12:35:29,dead
relaunched (pid 11564),12:35:55,alive
NotReady: inventory tab 4 is full, so row 1 would come back with nowhere to go. Nothing cancelled.,12:38:56,dead
finished: list 1 1 0 4 Force Core(High) (Force Core(High)); 0 slot(s) left,12:41:06,dead
relaunched (pid 21196),12:41:18,alive
supervisor cancelled with Ctrl x4,12:49:45,dead
no run alive; 2026-09-04_124114_run.log ended: interrupted from the keyboard,12:52:12,dead
relaunched (pid 19524),12:52:52,alive
server lag: not answering,12:55:54,alive
server lag: the server stalled,12:57:02,alive
server lag: the server stalled,12:57:23,alive
server lag: not answering,14:03:01,alive
server lag: the server stalled,14:04:11,alive
stop condition: nothing loaded into the shop slot from (1,1) after 3 ctrl-click(s). Nothing has ,14:48:48,dead
nothing loaded into the shop slot from (1,1) after 3 ctrl-click(s). Nothing has been listed.,14:48:49,dead
recovered: back in the world,14:50:32,dead
finished: list 1 1 0 4 Force Core(Highest) (Force Core(Highest)); 0 slot(s) left,14:53:33,dead
relaunched (pid 1264),14:53:49,alive
war window, log quiet 163s,15:32:57,alive
server lag: not answering,15:57:51,alive
server lag: the server stalled,15:59:00,alive
server lag: the server stalled,15:59:22,alive
server lag: not answering,16:22:50,alive
server lag: the server stalled,16:23:57,alive
server lag: the server stalled,16:24:24,alive
war window, log quiet 170s,18:30:59,alive
server lag: not answering,18:42:47,alive
server lag: the server stalled,18:43:58,alive
server lag: not answering,20:35:17,alive
server lag: the server stalled,20:36:24,alive
server lag: not answering,21:07:12,alive
server lag: the server stalled,21:08:19,alive
server lag: not answering,21:08:45,alive
server lag: the server stalled,21:09:55,alive
server lag: the server stalled,21:10:17,alive
server lag: not answering,21:11:04,alive
server lag: the server stalled,21:12:13,alive
war window, log quiet 170s,21:31:39,alive
server lag: not answering,22:27:14,alive
server lag: the server stalled,22:28:02,alive
server lag: the server stalled,22:28:24,alive
server lag: not answering,22:37:13,alive
server lag: the server stalled,22:38:22,alive
server lag: not answering,22:47:30,alive
server lag: the server stalled,22:48:18,alive
server lag: the server stalled,22:48:39,alive
war window, log quiet 163s,00:32:58,alive
server lag: not answering,01:09:25,alive
server lag: the server stalled,01:10:15,alive
server lag: the server stalled,01:10:38,alive
server lag: not answering,02:05:33,alive
server lag: the server stalled,02:06:45,alive
server lag: not answering,02:17:36,alive
server lag: the server stalled,02:18:26,alive
server lag: the server stalled,02:18:49,alive
server lag: not answering,03:12:34,alive
server lag: the server stalled,03:13:43,alive
NotReady: inventory tab 4 is full, so row 1 would come back with nowhere to go. Nothing cancelled.,03:14:31,dead
finished: list 1 1 0 4 Force Core(High) (Force Core(High)); 0 slot(s) left,03:17:26,dead
relaunched (pid 21540),03:17:43,alive
server lag: not answering,03:18:54,alive
server lag: the server stalled,03:20:02,dead
ServerStalled: the server stalled for 60s; nothing was clicked and the shop is shut. The pass starts again.,03:20:08,dead
relaunched (pid 1416),03:20:51,alive
server lag: not answering,03:22:30,alive
server lag: the server stalled,03:23:41,dead
ServerStalled: the server stalled for 60s; nothing was clicked and the shop is shut. The pass starts again.,03:23:42,dead
relaunched (pid 20736),03:24:24,alive
war window, log quiet 159s,03:30:35,alive
server lag: not answering,03:35:19,alive
server lag: the server stalled,03:36:29,alive
server lag: not answering,04:55:31,alive
server lag: the server stalled,04:56:38,alive
server lag: not answering,05:06:44,alive
server lag: the server stalled,05:07:51,alive
server lag: the server stalled,05:08:18,alive
server lag: not answering,05:11:39,alive
server lag: the server stalled,05:12:22,alive
server lag: the server stalled,05:12:53,alive
server lag: not answering,05:31:53,alive
server lag: the server stalled,05:33:03,alive
server lag: not answering,06:04:56,alive
server lag: the server stalled,06:05:46,alive
server lag: the server stalled,06:06:08,alive
server lag: not answering,06:15:48,alive
disconnected (run still up),06:16:13,alive
disconnected 9s on; killing pid 20736,06:16:22,dead
ended without a reason line,06:16:24,dead
recovered: back in the world,06:18:12,dead
finished: list 1 1 0 4 Chaos Core Set (Chaos Core Set); 0 slot(s) left,06:21:19,dead
relaunched (pid 20488),06:21:36,alive
war window, log quiet 165s,06:31:47,alive
server lag: not answering,06:54:29,alive
server lag: the server stalled,06:55:39,alive
supervisor cancelled with Ctrl x4,07:44:05,dead
no run alive; 2026-09-05_062132_run.log ended: interrupted from the keyboard,07:54:43,dead
recovered: back in the world,07:56:23,dead
relaunched (pid 23780),07:57:10,alive
server lag: not answering,09:11:02,alive
server lag: the server stalled,09:12:09,alive
war window, log quiet 151s,09:30:02,alive
server lag: not answering,10:17:34,alive
server lag: the server stalled,10:18:41,alive
server lag: not answering,11:00:31,alive
server lag: the server stalled,11:01:40,alive
server lag: not answering,11:02:28,alive
server lag: the server stalled,11:03:11,alive
server lag: the server stalled,11:03:40,alive
server lag: not answering,12:28:16,alive
server lag: the server stalled,12:29:25,alive
war window, log quiet 162s,12:32:02,alive
disconnected (run still up),12:44:44,alive
disconnected 11s on; killing pid 23780,12:44:56,dead
ended without a reason line,12:44:57,dead
finished: list 1 1 0 4 Upgrade Core (Ultimate) (Upgrade Core (Ultimate)); 0 slot(s) left,12:47:23,dead
relaunched (pid 23760),12:47:39,alive
server lag: not answering,13:32:15,alive
server lag: the server stalled,13:33:04,alive
server lag: the server stalled,13:33:25,alive
server lag: not answering,15:17:31,alive
server lag: the server stalled,15:18:40,alive
server lag: not answering,15:27:17,alive
server lag: the server stalled,15:27:59,alive
server lag: the server stalled,15:28:28,alive
war window, log quiet 156s,15:30:45,alive
server lag: not answering,15:35:19,alive
server lag: the server stalled,15:36:29,alive
server lag: not answering,15:36:51,alive
server lag: the server stalled,15:38:01,alive
RuntimeError: the Inventory panel is not open after pressing I and clicking tab 8. The game is showing somethi,18:21:47,dead
relaunched (pid 20764),18:22:19,alive
war window, log quiet 151s,18:32:12,alive
server lag: not answering,18:35:51,alive
server lag: the server stalled,18:36:58,alive
server lag: not answering,19:51:15,alive
server lag: the server stalled,19:52:25,alive
server lag: not answering,20:00:12,alive
server lag: the server stalled,20:01:20,alive
supervisor cancelled with Ctrl x4,20:23:47,dead
no run alive; 2026-09-05_182216_run.log ended: interrupted from the keyboard,20:24:18,dead
relaunched (pid 18224),20:25:08,alive
server lag: not answering,21:18:55,alive
server lag: the server stalled,21:20:01,alive
disconnected (run still up),21:20:06,alive
disconnected 10s on; killing pid 18224,21:20:15,dead
ended without a reason line,21:20:17,dead
recovered: back in the world,21:22:04,dead
relaunched (pid 21996),21:22:53,alive
server lag: not answering,21:44:27,alive
server lag: the server stalled,21:45:36,alive
server lag: not answering,00:20:43,alive
server lag: the server stalled,00:21:51,alive
war window, log quiet 156s,00:33:21,alive
server lag: not answering,01:09:03,alive
server lag: the server stalled,01:10:12,alive
server lag: not answering,01:55:36,alive
server lag: the server stalled,01:56:44,alive
server lag: the server stalled,01:57:06,alive
supervisor cancelled with Ctrl x4,02:33:55,dead
no run alive; 2026-09-05_212249_run.log ended: interrupted from the keyboard,02:41:51,dead
recovered: back in the world,02:43:40,dead
relaunched (pid 15312),02:44:27,alive
server lag: not answering,03:26:34,alive
server lag: the server stalled,03:27:42,alive
NotReady: inventory tab 4 is full, so row 1 would come back with nowhere to go. Nothing cancelled.,03:28:29,dead
finished: list 1 1 0 4 Force Core(Highest) (Force Core(Highest)); 0 slot(s) left,03:31:02,dead
relaunched (pid 20164),03:31:17,alive
stop condition: the dialog stayed open after Confirmation on row 1. Whether the cancel committed,05:01:49,dead
the dialog stayed open after Confirmation on row 1. Whether the cancel committed is unknown -- check by hand.,05:01:50,dead
the server took the run down: the dialog stayed open after Confirmation on row 1. Whether ; not counted as a short run,05:01:50,dead
finished: list 1 2 0 4 Force Core(Highest) (Force Core(Highest)); 0 slot(s) left,05:05:48,dead
relaunched (pid 24800),05:06:03,alive
server lag: not answering,05:39:05,alive
server lag: the server stalled,05:40:13,alive
supervisor cancelled with Ctrl x4,06:28:08,dead
no run alive; 2026-09-06_050559_run.log ended: interrupted from the keyboard,06:30:04,dead
relaunched (pid 17296),06:30:48,alive
supervisor cancelled with Ctrl x4,07:40:05,dead
no run alive; 2026-09-06_063045_run.log ended: interrupted from the keyboard,07:40:33,dead
relaunched (pid 22176),07:41:07,alive
supervisor cancelled with Ctrl x4,08:02:39,dead
no run alive; 2026-09-06_074104_run.log ended: interrupted from the keyboard,08:07:19,dead
relaunched (pid 18800),08:07:58,alive
supervisor cancelled with Ctrl x4,08:38:40,dead
no run alive; 2026-09-06_080754_run.log ended: interrupted from the keyboard,08:39:11,dead
relaunched (pid 15220),08:39:44,alive
server lag: not answering,09:12:01,alive
disconnected (run still up),09:12:45,alive
disconnected 9s on; killing pid 15220,09:12:54,dead
ended without a reason line,09:12:55,dead
recovered: back in the world,09:14:23,dead
finished: list 1 1 0 4 Upgrade Core (Ultimate) (Upgrade Core (Ultimate)); 0 slot(s) left,09:17:00,dead
relaunched (pid 25496),09:17:16,alive
war window, log quiet 161s,09:33:01,alive
server lag: not answering,11:47:47,alive
server lag: the server stalled,11:48:53,alive
server lag: the server stalled,11:49:19,alive
war window, log quiet 156s,12:34:04,alive
server lag: not answering,13:04:42,alive
server lag: the server stalled,13:05:49,alive
NotReady: the Agent Shop is not open after resupplying.,13:54:53,dead
tab 4 slot (1,1) has no tooltip name; listing it at the panel's price and the full quantity,13:55:21,dead
recovery attempt 1 failed: driver.py list 1 1 0 4 exited 1: RuntimeError: right-clicked the Agent; attempt 2 in 60s,13:55:44,dead
tab 4 slot (1,1) has no tooltip name; listing it at the panel's price and the full quantity,13:57:13,dead
recovery attempt 2 failed: driver.py list 1 1 0 4 exited 1: RuntimeError: right-clicked the Agent; attempt 3 in 60s,13:57:35,dead
tab 4 slot (1,1) has no tooltip name; listing it at the panel's price and the full quantity,13:59:05,dead
supervisor stopped: driver.py list 1 1 0 4 exited 1: RuntimeError: right-clicked the Agent Shop key twice and the Trade window never appeared. Nothing wr,13:59:28,dead
no run alive; 2026-09-06_091712_run.log ended: NotReady: the Agent Shop is not open after resupplying.,14:02:40,dead
finished: list 1 1 0 4 Chaos Core Set (Chaos Core Set); 0 slot(s) left,14:05:35,dead
relaunched (pid 5680),14:05:49,alive
server lag: not answering,15:03:52,alive
server lag: the server stalled,15:05:00,alive
server lag: not answering,15:05:21,alive
server lag: the server stalled,15:06:28,alive
server lag: the server stalled,15:06:54,alive
server lag: not answering,15:27:11,alive
server lag: the server stalled,15:27:57,alive
war window, log quiet 157s,15:30:32,alive
server lag: not answering,15:59:11,alive
server lag: the server stalled,15:59:52,alive
server lag: the server stalled,16:00:20,alive
stop condition: tab 4 slot (1,1) is still empty 8s after the withdrawal. Nothing listed.,17:35:59,dead
tab 4 slot (1,1) is still empty 8s after the withdrawal. Nothing listed.,17:35:59,dead
relaunched (pid 26568),17:36:37,alive
RuntimeError: right-clicked the Agent Shop key twice and the Trade window never appeared. Nothing written.,17:37:30,dead
relaunched (pid 17736),17:38:09,alive
RuntimeError: right-clicked the Agent Shop key twice and the Trade window never appeared. Nothing written.,17:39:00,dead
relaunched (pid 23036),17:39:37,alive
RuntimeError: right-clicked the Agent Shop key twice and the Trade window never appeared. Nothing written.,17:40:27,dead
supervisor stopped: 3 runs in a row died within 300s of launch; last: RuntimeError: right-clicked the Agent Shop key twice and the Trade window never ,17:40:27,dead
no run alive; 2026-09-06_173934_run.log ended: RuntimeError: right-clicked the Agent Shop key twice and the Trade window never ,18:50:45,dead
recovered: back in the world,18:51:53,dead
relaunched (pid 26140),18:52:30,alive
server lag: not answering,20:16:58,alive
server lag: the server stalled,20:17:40,alive
server lag: the server stalled,20:18:06,alive
server lag: not answering,21:13:09,alive
server lag: the server stalled,21:14:19,alive
server lag: not answering,21:14:41,alive
server lag: the server stalled,21:15:50,alive
server lag: not answering,21:20:47,alive
server lag: the server stalled,21:21:57,alive
server lag: not answering,21:26:25,alive
server lag: the server stalled,21:27:35,alive
war window, log quiet 155s,21:34:01,alive
server lag: not answering,22:35:25,alive
server lag: the server stalled,22:36:13,alive
server lag: the server stalled,22:36:34,alive
server lag: not answering,00:06:53,alive
server lag: the server stalled,00:08:02,alive
server lag: not answering,00:08:23,alive
server lag: the server stalled,00:09:11,alive
server lag: the server stalled,00:09:33,alive
server lag: not answering,00:22:29,alive
server lag: the server stalled,00:23:37,alive
server lag: not answering,00:23:59,alive
server lag: the server stalled,00:24:47,alive
server lag: the server stalled,00:25:08,alive
war window, log quiet 153s,00:34:04,alive
server lag: not answering,01:25:23,alive
server lag: the server stalled,01:26:29,alive
server lag: not answering,01:32:48,alive
server lag: the server stalled,01:33:36,alive
server lag: the server stalled,01:33:57,alive
stop condition: tab 4 slot (1,2) is still empty 8s after the withdrawal. Nothing listed.,01:47:17,dead
tab 4 slot (1,2) is still empty 8s after the withdrawal. Nothing listed.,01:47:18,dead
finished: list 1 1 0 4 Chaos Core Set (Chaos Core Set); 0 slot(s) left,01:49:41,dead
relaunched (pid 27352),01:49:55,alive
server lag: not answering,01:51:06,alive
server lag: the server stalled,01:52:12,dead
ServerStalled: the server stalled for 60s; nothing was clicked and the shop is shut. The pass starts again.,01:52:18,dead
the server took the run down: ServerStalled: the server stalled for 60s; nothing was click; not counted as a short run,01:52:18,dead
relaunched (pid 27528),01:52:54,alive
RuntimeError: right-clicked the Agent Shop key twice and the Trade window never appeared. Nothing written.,01:53:43,dead
relaunched (pid 10304),01:54:19,alive
server lag: not answering,02:09:36,alive
server lag: the server stalled,02:10:44,alive
supervisor cancelled with Ctrl x4,02:12:58,dead
no run alive; 2026-09-07_015416_run.log ended: interrupted from the keyboard,02:23:06,dead
relaunched (pid 27288),02:23:35,alive
supervisor cancelled with Ctrl x4,03:11:50,dead
no run alive; 2026-09-07_022331_run.log ended: interrupted from the keyboard,03:12:06,dead
relaunched (pid 5992),03:12:44,alive
server lag: not answering,03:15:27,alive
server lag: the server stalled,03:16:36,alive
war window, log quiet 151s,03:32:28,alive
server lag: not answering,03:37:44,alive
server lag: the server stalled,03:38:53,alive
server lag: not answering,04:05:23,alive
server lag: the server stalled,04:06:05,alive
server lag: the server stalled,04:06:33,alive
server lag: not answering,05:44:12,alive
server lag: the server stalled,05:45:21,alive
server lag: not answering,06:21:51,alive
server lag: the server stalled,06:23:00,alive
server lag: not answering,06:23:21,alive
server lag: the server stalled,06:24:09,alive
server lag: the server stalled,06:24:30,alive
stop condition: the shop slot already holds something the panel prices at 218,825; row 7 has NOT,06:30:01,dead
the shop slot already holds something the panel prices at 218,825; row 7 has NOT been cancelled. Clear the slo,06:30:05,dead
tab 4 slot (1,1) has no tooltip name; listing it at the panel's price and the full quantity,06:30:51,dead
recovery attempt 1 failed: driver.py list 1 1 0 4 exited 1: RuntimeError: the Purchase tab would ; attempt 2 in 60s,06:31:36,dead
recovered: back in the world,06:34:05,dead
relaunched (pid 6684),06:34:43,alive
war window, log quiet 163s,09:33:23,alive
server lag: not answering,10:18:04,alive
server lag: the server stalled,10:19:11,alive
server lag: not answering,10:24:40,alive
server lag: the server stalled,10:25:48,alive
server lag: not answering,11:02:41,alive
server lag: the server stalled,11:03:50,alive
the panel will not price 177,112,865 against its net sales after typing 250. Nothing has been listed.,11:18:47,dead
finished: list 1 1 0 4 Chaos Core Set (Chaos Core Set); 0 slot(s) left,11:21:15,dead
relaunched (pid 24612),11:21:30,alive
server lag: not answering,12:21:18,alive
server lag: the server stalled,12:22:28,alive
war window, log quiet 155s,12:31:23,alive
server lag: not answering,12:50:02,alive
server lag: the server stalled,12:51:12,alive
server lag: not answering,13:03:26,alive
server lag: the server stalled,13:04:34,alive
server lag: the server stalled,13:04:56,alive
server lag: not answering,13:38:27,alive
server lag: the server stalled,13:39:37,alive
server lag: not answering,15:16:16,alive
server lag: the server stalled,15:17:23,alive
server lag: not answering,15:35:49,alive
server lag: the server stalled,15:36:59,alive
server lag: not answering,15:59:45,alive
server lag: the server stalled,16:00:35,alive
server lag: the server stalled,16:00:56,alive
server lag: not answering,16:31:29,alive
server lag: the server stalled,16:32:35,alive
server lag: the server stalled,16:33:00,alive
server lag: not answering,17:22:15,alive
server lag: the server stalled,17:23:22,alive
server lag: the server stalled,17:23:44,alive
war window, log quiet 166s,18:33:29,alive
server lag: not answering,20:31:10,alive
server lag: the server stalled,20:32:18,alive
server lag: not answering,21:02:10,alive
server lag: the server stalled,21:02:52,alive
server lag: the server stalled,21:03:18,alive
server lag: not answering,21:28:42,alive
server lag: the server stalled,21:29:29,alive
server lag: the server stalled,21:29:51,alive
war window, log quiet 151s,21:32:14,alive
server lag: not answering,21:51:16,alive
server lag: the server stalled,21:52:23,alive
server lag: the server stalled,21:52:52,dead
NotReady: the Agent Shop is not open after resupplying.,21:52:53,dead
recovered: back in the world,21:54:45,dead
relaunched (pid 23444),21:55:31,alive
server lag: not answering,22:23:30,alive
server lag: the server stalled,22:24:38,alive
disconnected (run still up),22:24:41,alive
disconnected 9s on; killing pid 23444,22:24:51,dead
tab 4 slot (1,1) is still empty 8s after the withdrawal. Nothing listed.,22:24:52,dead
recovered: back in the world,22:26:13,dead
finished: list 1 1 0 4 Force Core(Highest) (Force Core(Highest)); 0 slot(s) left,22:28:52,dead
relaunched (pid 22256),22:29:09,alive
server lag: not answering,22:41:04,alive
server lag: the server stalled,22:42:13,alive
supervisor cancelled with Ctrl x4,22:46:42,dead
no run alive; 2026-09-07_222905_run.log ended: interrupted from the keyboard,23:03:38,dead
recovered: back in the world,23:05:12,dead
relaunched (pid 8848),23:05:55,alive
server lag: not answering,00:05:24,alive
server lag: the server stalled,00:06:34,alive
server lag: not answering,00:19:55,alive
server lag: the server stalled,00:21:04,alive
war window, log quiet 169s,00:31:53,alive
server lag: not answering,01:15:58,alive
server lag: the server stalled,01:17:07,alive
server lag: not answering,01:32:57,alive
server lag: the server stalled,01:34:04,alive
server lag: the server stalled,01:34:30,alive
server lag: not answering,02:00:02,alive
server lag: the server stalled,02:01:10,alive
server lag: not answering,02:25:12,alive
server lag: the server stalled,02:26:21,alive
server lag: the server stalled,02:26:47,alive
server lag: not answering,02:53:46,alive
server lag: the server stalled,02:54:55,alive
server lag: not answering,02:55:17,alive
server lag: the server stalled,02:56:23,alive
war window, log quiet 158s,03:30:08,alive
stop condition: tab 4 slot (1,2) is still empty 8s after the withdrawal. Nothing listed.,04:11:44,dead
tab 4 slot (1,2) is still empty 8s after the withdrawal. Nothing listed.,04:11:44,dead
finished: list 1 1 0 4 Chaos Core Set (Chaos Core Set); 0 slot(s) left,04:14:17,dead
relaunched (pid 21136),04:14:32,alive
stop condition: tab 4 slot (1,2) is still empty 8s after the withdrawal. Nothing listed.,04:22:02,dead
tab 4 slot (1,2) is still empty 8s after the withdrawal. Nothing listed.,04:22:02,dead
finished: list 1 1 0 4 Chaos Core Set (Chaos Core Set); 0 slot(s) left,04:24:26,dead
relaunched (pid 19976),04:24:41,alive
server lag: not answering,04:45:33,alive
server lag: the server stalled,04:46:41,alive
server lag: not answering,05:36:46,alive
server lag: the server stalled,05:37:34,alive
server lag: the server stalled,05:37:55,alive
war window, log quiet 160s,06:34:26,alive
server lag: not answering,06:35:29,alive
server lag: the server stalled,06:36:17,alive
server lag: the server stalled,06:36:38,alive
server lag: not answering,07:00:16,alive
server lag: the server stalled,07:01:25,alive
server lag: not answering,07:06:11,alive
server lag: the server stalled,07:07:18,alive
server lag: not answering,07:21:47,alive
server lag: the server stalled,07:22:35,alive
server lag: the server stalled,07:22:56,alive
server lag: not answering,07:31:51,alive
server lag: the server stalled,07:32:59,alive
stop condition: the shop slot already holds something the panel prices at 455,420; row 6 has NOT,09:20:31,dead
the shop slot already holds something the panel prices at 455,420; row 6 has NOT been cancelled. Clear the slo,09:20:35,dead
relaunched (pid 28240),09:21:05,alive
attached (pid 28240),09:26:55,alive
supervisor cancelled with Ctrl x4,09:59:28,dead
no run alive; 2026-09-08_092101_run.log ended: NotReady: the Agent Shop is not open after resupplying.,10:03:56,dead
finished: list 1 1 0 4 Chaos Core Set (Chaos Core Set); 0 slot(s) left,10:06:52,dead
relaunched (pid 29668),10:07:08,alive
supervisor cancelled with Ctrl x4,11:21:25,dead
no run alive; 2026-09-08_100704_run.log ended: interrupted from the keyboard,11:21:40,dead
relaunched (pid 21172),11:22:22,alive
server lag: not answering,12:17:39,alive
server lag: the server stalled,12:18:47,alive
server lag: not answering,12:20:14,alive
server lag: the server stalled,12:21:20,alive
server lag: the server stalled,12:21:45,alive
server lag: not answering,12:22:53,alive
server lag: the server stalled,12:24:01,alive
war window, log quiet 160s,12:34:16,alive
stop condition: the shop slot already holds something the panel prices at 448,852; row 3 has NOT,15:17:03,dead
the shop slot already holds something the panel prices at 448,852; row 3 has NOT been cancelled. Clear the slo,15:17:04,dead
relaunched (pid 8340),15:17:36,alive
server lag: not answering,17:16:46,alive
server lag: the server stalled,17:17:28,alive
server lag: the server stalled,17:17:54,alive
server lag: not answering,17:18:16,alive
server lag: the server stalled,17:19:05,alive
server lag: the server stalled,17:19:26,alive
server lag: not answering,17:47:39,alive
server lag: the server stalled,17:48:26,alive
server lag: the server stalled,17:48:47,alive
server lag: not answering,18:06:43,alive
server lag: the server stalled,18:07:25,alive
server lag: the server stalled,18:07:52,alive
server lag: not answering,18:21:24,alive
server lag: the server stalled,18:22:31,alive
server lag: the server stalled,18:22:52,alive
war window, log quiet 156s,18:31:45,alive
server lag: not answering,18:54:17,alive
server lag: the server stalled,18:55:27,alive
server lag: not answering,19:22:17,alive
server lag: the server stalled,19:23:26,alive
server lag: not answering,19:51:31,alive
server lag: the server stalled,19:52:40,alive
server lag: not answering,20:13:36,alive
disconnected (run still up),20:14:21,alive
disconnected 10s on; killing pid 8340,20:14:32,dead
ServerStalled: the server stalled for 60s; nothing was clicked and the shop is shut. The pass starts again.,20:14:32,dead
the server took the run down: ServerStalled: the server stalled for 60s; nothing was click; not counted as a short run,20:14:32,dead
recovered: back in the world,20:16:35,dead
relaunched (pid 26320),20:17:14,alive
server lag: not answering,20:19:10,alive
server lag: the server stalled,20:19:56,dead
ServerStalled: the server stalled for 60s; nothing was clicked and the shop is shut. The pass starts again.,20:19:57,dead
the server took the run down: ServerStalled: the server stalled for 60s; nothing was click; not counted as a short run,20:19:57,dead
finished: list 1 1 0 4 Force Core (Ultimate) (Force Core (Ultimate)); 0 slot(s) left,20:22:27,dead
relaunched (pid 6176),20:22:41,alive
server lag: not answering,20:23:30,alive
server lag: the server stalled,20:24:36,dead
ServerStalled: the server stalled for 60s; nothing was clicked and the shop is shut. The pass starts again.,20:24:36,dead
the server took the run down: ServerStalled: the server stalled for 60s; nothing was click; not counted as a short run,20:24:36,dead
relaunched (pid 28004),20:25:13,alive
server lag: not answering,20:59:06,alive
server lag: the server stalled,20:59:55,alive
server lag: the server stalled,21:00:17,alive
server lag: not answering,21:25:45,alive
server lag: the server stalled,21:26:53,alive
war window, log quiet 160s,21:34:28,alive
server lag: not answering,22:13:51,alive
server lag: the server stalled,22:15:01,alive
server lag: not answering,23:50:02,alive
server lag: the server stalled,23:50:44,alive
server lag: the server stalled,23:51:10,alive
server lag: not answering,00:30:27,alive
server lag: the server stalled,00:31:34,dead
ServerStalled: the server stalled for 60s; nothing was clicked and the shop is shut. The pass starts again.,00:31:34,dead
the server took the run down: ServerStalled: the server stalled for 60s; nothing was click; not counted as a short run,00:31:34,dead
relaunched (pid 22028),00:32:16,alive
RuntimeError: right-clicked the Agent Shop key twice and the Trade window never appeared. Nothing written.,00:33:07,dead
relaunched (pid 30280),00:33:49,alive
RuntimeError: right-clicked the Agent Shop key twice and the Trade window never appeared. Nothing written.,00:34:38,dead
relaunched (pid 6948),00:35:21,alive
RuntimeError: right-clicked the Agent Shop key twice and the Trade window never appeared. Nothing written.,00:36:10,dead
supervisor stopped: 3 runs in a row died within 300s of launch; last: RuntimeError: right-clicked the Agent Shop key twice and the Trade window never ,00:36:10,dead
no run alive; 2026-09-09_003517_run.log ended: RuntimeError: right-clicked the Agent Shop key twice and the Trade window never ,00:38:35,dead
relaunched (pid 19204),00:39:15,alive
RuntimeError: right-clicked the Agent Shop key twice and the Trade window never appeared. Nothing written.,00:40:05,dead
relaunched (pid 22336),00:40:47,alive
RuntimeError: right-clicked the Agent Shop key twice and the Trade window never appeared. Nothing written.,00:41:36,dead
relaunched (pid 25196),00:42:17,alive
RuntimeError: right-clicked the Agent Shop key twice and the Trade window never appeared. Nothing written.,00:43:06,dead
supervisor stopped: 3 runs in a row died within 300s of launch; last: RuntimeError: right-clicked the Agent Shop key twice and the Trade window never ,00:43:06,dead
no run alive; 2026-09-09_004213_run.log ended: RuntimeError: right-clicked the Agent Shop key twice and the Trade window never ,00:44:10,dead
relaunched (pid 23200),00:44:50,alive
RuntimeError: right-clicked the Agent Shop key twice and the Trade window never appeared. Nothing written.,00:46:07,dead
relaunched (pid 23492),00:46:48,alive
RuntimeError: right-clicked the Agent Shop key twice and the Trade window never appeared. Nothing written.,00:48:06,dead
relaunched (pid 3124),00:48:46,alive
RuntimeError: right-clicked the Agent Shop key twice and the Trade window never appeared. Nothing written.,00:50:04,dead
relaunched (pid 26692),00:50:44,alive
RuntimeError: right-clicked the Agent Shop key twice and the Trade window never appeared. Nothing written.,00:52:00,dead
relaunched (pid 19224),00:52:41,alive
RuntimeError: right-clicked the Agent Shop key twice and the Trade window never appeared. Nothing written.,00:54:00,dead
supervisor stopped: 5 runs in a row died within 300s of launch; last: RuntimeError: right-clicked the Agent Shop key twice and the Trade window never ,00:54:00,dead
no run alive; 2026-09-09_005237_run.log ended: RuntimeError: right-clicked the Agent Shop key twice and the Trade window never ,01:10:17,dead
relaunched (pid 7328),01:10:56,alive
RuntimeError: a dialog is already open over the Register table. Close it and calibrate again; nothing was clic,01:12:32,dead
relaunched (pid 30148),01:13:03,alive
server lag: not answering,01:13:52,alive
server lag: the server stalled,01:15:00,alive
server lag: not answering,01:16:28,alive
server lag: the server stalled,01:17:16,alive
no run alive; 2026-09-09_011259_run.log ended: interrupted from the keyboard,01:26:32,dead
relaunched (pid 25388),01:27:13,alive
server lag: not answering,02:28:50,alive
server lag: the server stalled,02:29:59,alive
server lag: not answering,02:38:26,alive
server lag: the server stalled,02:39:33,alive
server lag: not answering,03:32:48,alive
server lag: the server stalled,03:33:55,alive
server lag: not answering,04:26:32,alive
server lag: the server stalled,04:27:15,alive
server lag: the server stalled,04:27:42,alive
server lag: not answering,05:01:42,alive
server lag: the server stalled,05:02:49,alive
server lag: the server stalled,05:03:14,alive
server lag: not answering,05:54:14,alive
server lag: the server stalled,05:55:20,alive
NotReady: the Agent Shop would not reopen before pass 44, so there is nothing to read. Nothing touched.,05:56:09,dead
relaunched (pid 16056),05:56:50,alive
RuntimeError: right-clicked the Agent Shop key twice and the Trade window never appeared. Nothing written.,05:57:40,dead
relaunched (pid 26364),05:58:20,alive
RuntimeError: right-clicked the Agent Shop key twice and the Trade window never appeared. Nothing written.,05:59:11,dead
relaunched (pid 16056),05:59:51,alive
RuntimeError: right-clicked the Agent Shop key twice and the Trade window never appeared. Nothing written.,06:00:40,dead
relaunched (pid 28012),06:01:22,alive
RuntimeError: right-clicked the Agent Shop key twice and the Trade window never appeared. Nothing written.,06:02:11,dead
relaunched (pid 29928),06:02:51,alive
RuntimeError: right-clicked the Agent Shop key twice and the Trade window never appeared. Nothing written.,06:03:41,dead
5 runs in a row died within 300s of launch; relogging (1 of 1),06:03:41,dead
relogged: back in the world,06:04:50,dead
relaunched (pid 30504),06:04:55,alive
server lag: not answering,06:08:45,alive
server lag: the server stalled,06:09:54,alive
server lag: not answering,06:17:38,alive
server lag: the server stalled,06:18:46,alive
server lag: the server stalled,06:19:07,alive
war window, log quiet 167s,06:33:03,alive
server lag: not answering,07:09:04,alive
server lag: the server stalled,07:10:10,alive
NotReady: the Agent Shop would not reopen before pass 12, so there is nothing to read. Nothing touched.,07:10:57,dead
relaunched (pid 25828),07:11:32,alive
RuntimeError: right-clicked the Agent Shop key twice and the Trade window never appeared. Nothing written.,07:12:21,dead
relaunched (pid 30304),07:12:57,alive
RuntimeError: right-clicked the Agent Shop key twice and the Trade window never appeared. Nothing written.,07:13:45,dead
relaunched (pid 9648),07:14:20,alive
RuntimeError: right-clicked the Agent Shop key twice and the Trade window never appeared. Nothing written.,07:15:09,dead
relaunched (pid 12404),07:15:45,alive
RuntimeError: right-clicked the Agent Shop key twice and the Trade window never appeared. Nothing written.,07:16:33,dead
relaunched (pid 6520),07:17:09,alive
RuntimeError: right-clicked the Agent Shop key twice and the Trade window never appeared. Nothing written.,07:17:56,dead
5 runs in a row died within 300s of launch; relogging (1 of 1),07:17:56,dead
relogged: back in the world,07:19:08,dead
relaunched (pid 30436),07:19:13,alive
server lag: not answering,07:37:11,alive
server lag: the server stalled,07:37:53,alive
server lag: the server stalled,07:38:19,alive
server lag: not answering,07:52:34,alive
server lag: the server stalled,07:53:41,alive
stop condition: the dialog stayed open after Confirmation on row 2. Whether the cancel committed,07:55:28,dead
the dialog stayed open after Confirmation on row 2. Whether the cancel committed is unknown -- check by hand.,07:55:32,dead
the server took the run down: the dialog stayed open after Confirmation on row 2. Whether ; not counted as a short run,07:55:32,dead
finished: list 1 2 0 4 Force Core (Ultimate) (Force Core (Ultimate)); 0 slot(s) left,07:59:16,dead
relaunched (pid 29492),07:59:30,alive
server lag: not answering,08:34:36,alive
server lag: the server stalled,08:35:45,alive
server lag: the server stalled,08:36:06,alive
war window, log quiet 152s,09:31:12,alive
server lag: not answering,09:44:47,alive
server lag: not answering,09:45:57,alive
server lag: the server stalled,09:47:05,alive
server lag: the server stalled,09:47:27,alive
server lag: not answering,10:07:52,alive
server lag: the server stalled,10:09:00,alive
NotReady: the Agent Shop is not open after resupplying.,11:15:37,dead
relaunched (pid 19300),11:16:54,alive
server lag: not answering,11:36:25,alive
server lag: the server stalled,11:37:32,alive
server lag: not answering,11:54:43,alive
server lag: the server stalled,11:55:50,alive
war window, log quiet 156s,12:33:47,alive
no run alive; 2026-09-09_111651_run.log ended: interrupted from the keyboard,12:54:26,dead
relaunched (pid 25656),12:55:09,alive
server lag: not answering,13:21:54,alive
server lag: the server stalled,13:23:00,alive
server lag: not answering,13:32:09,alive
server lag: the server stalled,13:33:18,alive
stop condition: tab 4 slot (1,2) is still empty 8s after the withdrawal. Nothing listed.,14:47:23,dead
tab 4 slot (1,2) is still empty 8s after the withdrawal. Nothing listed.,14:47:24,dead
recovery attempt 1 failed: driver.py list 1 1 0 4 Force Core (Ultimate) exited 1: RuntimeError: t; attempt 2 in 60s,14:49:31,dead
finished: list 1 1 0 4 Force Core (Ultimate) (Force Core (Ultimate)); 0 slot(s) left,14:53:11,dead
relaunched (pid 29012),14:53:26,alive
server lag: not answering,15:28:38,alive
disconnected (run still up),15:29:23,alive
disconnected 9s on; killing pid 29012,15:29:32,dead
ended without a reason line,15:29:33,dead
no run alive; 2026-09-09_145323_run.log ended: ended without a reason line,15:43:38,dead
recovered: back in the world,15:45:21,dead
finished: list 1 1 0 4 Upgrade Core (Ultimate) (Upgrade Core (Ultimate)); 0 slot(s) left,15:48:06,dead
relaunched (pid 27352),15:48:22,alive
server lag: not answering,16:19:12,alive
server lag: the server stalled,16:20:22,alive
no run alive; 2026-09-09_154819_run.log ended: interrupted from the keyboard,16:58:54,dead
relaunched (pid 16056),16:59:33,alive
server lag: not answering,18:05:17,alive
server lag: the server stalled,18:06:05,alive
server lag: the server stalled,18:06:26,alive
row 10 should hold 'Chaos Core Set X 150' but position 1 reads 'Force Core(Highest) 16 207,726 On Sale Change',18:31:23,dead
relaunched (pid 25844),18:31:53,alive
server lag: not answering,18:33:06,alive
server lag: the server stalled,18:34:14,alive
server lag: not answering,19:24:54,alive
server lag: the server stalled,19:26:04,alive
server lag: not answering,19:31:19,alive
server lag: the server stalled,19:32:28,alive
server lag: not answering,20:52:47,alive
server lag: the server stalled,20:53:54,alive
server lag: the server stalled,20:54:20,alive
stop condition: the dialog stayed open after Confirmation on row 7. Whether the cancel committed,21:03:40,dead
the dialog stayed open after Confirmation on row 7. Whether the cancel committed is unknown -- check by hand.,21:03:41,dead
the server took the run down: the dialog stayed open after Confirmation on row 7. Whether ; not counted as a short run,21:03:41,dead
finished: list 1 1 0 4 Force Core(Highest) (Force Core(Highest)); 0 slot(s) left,21:06:31,dead
relaunched (pid 23956),21:06:46,alive
server lag: not answering,21:26:47,alive
server lag: the server stalled,21:27:53,dead
stop condition: tab 4 slot (1,1) is still empty 8s after the withdrawal. Nothing listed.,21:27:54,dead
tab 4 slot (1,1) is still empty 8s after the withdrawal. Nothing listed.,21:27:55,dead
finished: list 1 1 0 4 Chaos Core Set (Chaos Core Set); 0 slot(s) left,21:30:45,dead
relaunched (pid 29956),21:31:01,alive
server lag: not answering,22:07:02,alive
server lag: the server stalled,22:07:50,alive
server lag: the server stalled,22:08:12,alive
server lag: not answering,22:25:44,alive
server lag: the server stalled,22:26:53,alive
war window, log quiet 166s,00:31:47,alive
server lag: not answering,00:46:09,alive
disconnected (run still up),00:46:12,alive
disconnected 9s on; killing pid 29956,00:46:20,dead
ended without a reason line,00:46:22,dead
recovered: back in the world,00:48:27,dead
tab 4 slot (1,1) has no tooltip name; listing it at the panel's price and the full quantity,00:49:42,dead
finished: list 1 1 0 4 (whatever is there); 0 slot(s) left,00:52:36,dead
relaunched (pid 27656),00:52:51,alive
no run alive; 2026-09-10_005248_run.log ended: interrupted from the keyboard,01:20:05,dead
relaunched (pid 22096),01:20:51,alive
server lag: not answering,02:25:01,alive
disconnected (run still up),02:25:25,alive
disconnected 9s on; killing pid 22096,02:25:33,dead
ended without a reason line,02:25:35,dead
recovered: back in the world,02:29:32,dead
relaunched (pid 2828),02:30:36,alive
stop condition: tab 4 slot (1,2) is still empty 8s after the withdrawal. Nothing listed.,02:46:26,dead
tab 4 slot (1,2) is still empty 8s after the withdrawal. Nothing listed.,02:46:27,dead
finished: craft chaos (Chaos Core); 0 slot(s) left,02:50:53,dead
relaunched (pid 30356),02:51:08,alive
stop condition: the dialog stayed open after Confirmation on row 7. Whether the cancel committed,03:03:35,dead
the dialog stayed open after Confirmation on row 7. Whether the cancel committed is unknown -- check by hand.,03:03:40,dead
the server took the run down: the dialog stayed open after Confirmation on row 7. Whether ; not counted as a short run,03:03:40,dead
finished: list 1 1 0 4 Force Core (Ultimate) (Force Core (Ultimate)); 0 slot(s) left,03:07:38,dead
relaunched (pid 32440),03:07:53,alive
no run alive; 2026-09-10_030750_run.log ended: interrupted from the keyboard,04:29:01,dead
relaunched (pid 7536),04:29:44,alive
server lag: not answering,04:47:50,alive
server lag: the server stalled,04:49:00,alive
war window, log quiet 164s,06:34:35,alive
server lag: not answering,06:51:50,alive
server lag: the server stalled,06:52:58,alive
server lag: not answering,07:01:24,alive
server lag: not answering,07:02:30,alive
server lag: the server stalled,07:03:37,alive
NotReady: the Agent Shop would not reopen before pass 20, so there is nothing to read. Nothing touched.,07:04:25,dead
relaunched (pid 24804),07:05:01,alive
RuntimeError: right-clicked the Agent Shop key twice and the Trade window never appeared. Nothing written.,07:05:28,dead
relaunched (pid 7004),07:06:05,alive
RuntimeError: right-clicked the Agent Shop key twice and the Trade window never appeared. Nothing written.,07:06:33,dead
relaunched (pid 25376),07:07:10,alive
RuntimeError: right-clicked the Agent Shop key twice and the Trade window never appeared. Nothing written.,07:07:38,dead
3 runs in a row died within 300s of launch; relogging (1 of 1),07:07:38,dead
relogged: back in the world,07:08:45,dead
relaunched (pid 1268),07:08:50,alive
server lag: not answering,09:18:35,alive
server lag: the server stalled,09:19:46,alive
server lag: not answering,11:41:59,alive
server lag: the server stalled,11:43:07,alive
server lag: not answering,12:27:17,alive
server lag: the server stalled,12:27:58,alive
server lag: the server stalled,12:28:25,alive
war window, log quiet 152s,12:30:39,alive
server lag: not answering,12:40:56,alive
server lag: the server stalled,12:41:43,alive
server lag: the server stalled,12:42:05,alive
server lag: not answering,12:43:58,alive
server lag: the server stalled,12:45:07,alive
no run alive; 2026-09-10_070846_run.log ended: interrupted from the keyboard,12:51:31,dead
relaunched (pid 27292),12:52:08,alive
server lag: not answering,13:06:10,alive
server lag: the server stalled,13:07:18,alive
no run alive; 2026-09-10_125205_run.log ended: interrupted from the keyboard,13:40:26,dead
relaunched (pid 29544),13:41:05,alive
server lag: not answering,13:53:01,alive
server lag: the server stalled,13:54:10,alive
server lag: not answering,14:14:41,alive
server lag: the server stalled,14:15:49,alive
server lag: not answering,14:25:35,alive
server lag: the server stalled,14:26:45,alive
server lag: not answering,14:35:30,alive
server lag: the server stalled,14:36:39,alive
server lag: not answering,14:46:01,alive
server lag: the server stalled,14:46:50,alive
server lag: the server stalled,14:47:12,alive
server lag: not answering,14:48:42,alive
server lag: the server stalled,14:49:50,alive
server lag: not answering,15:06:26,alive
server lag: the server stalled,15:07:13,alive
server lag: the server stalled,15:07:34,alive
stop condition: the shop slot already holds something the panel prices at 121,265,594; row 9 has,15:22:16,dead
the shop slot already holds something the panel prices at 121,265,594; row 9 has NOT been cancelled. Clear the,15:22:16,dead
relaunched (pid 26016),15:22:43,alive
war window, log quiet 155s,15:32:50,alive
server lag: not answering,17:34:11,alive
server lag: the server stalled,17:35:00,alive
server lag: the server stalled,17:35:22,alive
server lag: not answering,17:57:38,alive
server lag: the server stalled,17:58:28,alive
server lag: the server stalled,17:58:49,alive
server lag: not answering,17:59:38,alive
server lag: the server stalled,18:00:26,alive
server lag: the server stalled,18:00:48,alive
war window, log quiet 169s,18:30:48,alive
server lag: not answering,20:34:12,alive
server lag: the server stalled,20:34:54,alive
server lag: the server stalled,20:35:22,alive
server lag: not answering,21:00:36,alive
server lag: the server stalled,21:01:43,alive
server lag: the server stalled,21:02:09,alive
server lag: not answering,22:11:24,alive
server lag: the server stalled,22:12:14,alive
server lag: the server stalled,22:12:36,alive
server lag: not answering,22:21:19,alive
server lag: the server stalled,22:22:27,alive
no run alive; 2026-09-10_152239_run.log ended: interrupted from the keyboard,22:54:36,dead
relaunched (pid 33472),22:55:15,alive
server lag: not answering,00:07:38,alive
server lag: the server stalled,00:08:44,alive
server lag: not answering,00:32:54,alive
disconnected (run still up),00:33:18,alive
disconnected 8s on; killing pid 33472,00:33:26,dead
ended without a reason line,00:33:27,dead
recovered: back in the world,00:35:16,dead
finished: list 1 1 0 4 Force Core(High) (Force Core(High)); 0 slot(s) left,00:38:14,dead
relaunched (pid 18268),00:38:29,alive
server lag: not answering,00:40:07,alive
server lag: the server stalled,00:41:16,alive
server lag: not answering,00:53:36,alive
server lag: the server stalled,00:54:44,alive
server lag: not answering,00:56:13,alive
server lag: the server stalled,00:57:22,alive
no run alive; 2026-09-11_003825_run.log ended: ended without a reason line,00:59:26,dead
relaunched (pid 23672),00:59:54,alive
server lag: not answering,01:02:39,alive
server lag: the server stalled,01:03:48,alive
server lag: not answering,01:04:09,alive
server lag: the server stalled,01:05:18,alive
server lag: not answering,02:05:31,alive
server lag: the server stalled,02:06:40,alive
server lag: not answering,03:23:11,alive
disconnected (run still up),03:23:55,alive
disconnected 9s on; killing pid 23672,03:24:04,dead
ended without a reason line,03:24:04,dead
recovered: back in the world,03:25:42,dead
finished: list 1 1 0 4 Chaos Core Set (Chaos Core Set); 0 slot(s) left,03:28:33,dead
relaunched (pid 24352),03:28:48,alive
war window, log quiet 166s,03:34:10,alive
stop condition: the dialog stayed open after Confirmation on row 2. Whether the cancel committed,03:55:23,dead
the dialog stayed open after Confirmation on row 2. Whether the cancel committed is unknown -- check by hand.,03:55:24,dead
the server took the run down: the dialog stayed open after Confirmation on row 2. Whether ; not counted as a short run,03:55:24,dead
finished: list 1 2 0 4 Force Core(High) (Force Core(High)); 0 slot(s) left,03:59:19,dead
relaunched (pid 22752),03:59:34,alive
server lag: not answering,04:19:13,alive
server lag: the server stalled,04:20:21,alive
server lag: not answering,05:05:05,alive
server lag: the server stalled,05:06:12,alive
server lag: the server stalled,05:06:39,alive
server lag: not answering,05:43:20,alive
server lag: the server stalled,05:44:29,alive
NotReady: the Agent Shop would not reopen before pass 18, so there is nothing to read. Nothing touched.,05:45:17,dead
relaunched (pid 29620),05:45:58,alive
RuntimeError: right-clicked the Agent Shop key twice and the Trade window never appeared. Nothing written.,05:46:50,dead
relaunched (pid 8080),05:47:29,alive
RuntimeError: right-clicked the Agent Shop key twice and the Trade window never appeared. Nothing written.,05:48:19,dead
relaunched (pid 19336),05:48:58,alive
RuntimeError: right-clicked the Agent Shop key twice and the Trade window never appeared. Nothing written.,05:49:47,dead
3 runs in a row died within 300s of launch; relogging (1 of 1),05:49:47,dead
relogged: back in the world,05:51:00,dead
relaunched (pid 26740),05:51:04,alive
server lag: not answering,05:51:57,alive
server lag: the server stalled,05:52:45,alive
RuntimeError: right-clicked the Agent Shop key twice and the Trade window never appeared. Nothing written.,05:53:33,dead
relaunched (pid 10092),05:54:15,alive
RuntimeError: right-clicked the Agent Shop key twice and the Trade window never appeared. Nothing written.,05:55:06,dead
relaunched (pid 8876),05:55:45,alive
RuntimeError: right-clicked the Agent Shop key twice and the Trade window never appeared. Nothing written.,05:56:34,dead
supervisor stopped: 3 runs in a row died within 300s of launch after 1 relog(s); last: RuntimeError: right-clicked the Agent Shop key twice and the Trade window never ,05:56:34,dead
no run alive; 2026-09-11_055541_run.log ended: RuntimeError: right-clicked the Agent Shop key twice and the Trade window never ,06:03:10,dead
relaunched (pid 32808),06:03:53,alive
RuntimeError: right-clicked the Agent Shop key twice and the Trade window never appeared. Nothing written.,06:04:44,dead
no run alive; 2026-09-11_060349_run.log ended: RuntimeError: right-clicked the Agent Shop key twice and the Trade window never ,06:05:24,dead
relaunched (pid 26556),06:06:02,alive
RuntimeError: right-clicked the Agent Shop key twice and the Trade window never appeared. Nothing written.,06:06:55,dead
relaunched (pid 33216),06:07:36,alive
no run alive; 2026-09-11_060733_run.log ended: ended without a reason line,06:08:08,dead
recovery attempt 1 failed: the Inventory panel would not open; no Alz readable; attempt 2 in 60s,06:08:47,dead
recovery attempt 2 failed: could not bring the game to the foreground; nothing read, nothing sent; attempt 3 in 60s,06:09:47,dead
supervisor stopped: nothing recognisable on screen: disconnect=None, failed=None, login=None, select=None, alz=False, trade=False, vendor=False, craft=False, buttons=[], underprice=False,06:11:08,dead
no run alive; 2026-09-11_060733_run.log ended: ended without a reason line,06:11:22,dead
recovery attempt 1 failed: nothing recognisable on screen: disconnect=None, failed=None, login=No; attempt 2 in 60s,06:11:43,dead
supervisor crashed: PermissionError: [WinError 32] The process cannot access the file because it is being used by another process: 'C:\\Users\\tl456\\,06:12:43,dead
no run alive; 2026-09-11_060733_run.log ended: ended without a reason line,06:13:05,dead
supervisor crashed: PermissionError: [WinError 32] The process cannot access the file because it is being used by another process: 'C:\\Users\\tl456\\,06:13:05,dead
no run alive; 2026-09-11_060733_run.log ended: ended without a reason line,06:13:45,dead
supervisor crashed: PermissionError: [WinError 32] The process cannot access the file because it is being used by another process: 'C:\\Users\\tl456\\,06:13:45,dead
no run alive; 2026-09-11_060733_run.log ended: ended without a reason line,06:14:25,dead
recovery attempt 1 failed: could not bring the game to the foreground; nothing read, nothing sent; attempt 2 in 60s,06:14:25,dead
recovery attempt 2 failed: could not bring the game to the foreground; nothing read, nothing sent; attempt 3 in 60s,06:15:25,dead
supervisor crashed: PermissionError: [WinError 32] The process cannot access the file because it is being used by another process: 'C:\\Users\\tl456\\,06:16:25,dead
no run alive; 2026-09-11_060733_run.log ended: ended without a reason line,06:16:37,dead
supervisor crashed: PermissionError: [WinError 32] The process cannot access the file because it is being used by another process: 'C:\\Users\\tl456\\,06:16:37,dead
no run alive; 2026-09-11_060733_run.log ended: ended without a reason line,06:17:17,dead
supervisor crashed: PermissionError: [WinError 32] The process cannot access the file because it is being used by another process: 'C:\\Users\\tl456\\,06:17:17,dead
no run alive; 2026-09-11_060733_run.log ended: ended without a reason line,06:17:57,dead
supervisor crashed: PermissionError: [WinError 32] The process cannot access the file because it is being used by another process: 'C:\\Users\\tl456\\,06:17:57,dead
no run alive; 2026-09-11_060733_run.log ended: ended without a reason line,06:18:36,dead
recovery attempt 1 failed: could not bring the game to the foreground; nothing read, nothing sent; attempt 2 in 60s,06:18:36,dead
recovery attempt 2 failed: nothing recognisable on screen: disconnect=None, failed=None, login=No; attempt 3 in 60s,06:19:56,dead
no run alive; 2026-09-11_060733_run.log ended: ended without a reason line,06:20:48,dead
recovery attempt 1 failed: could not bring the game to the foreground; nothing read, nothing sent; attempt 2 in 60s,06:20:48,dead
recovery attempt 2 failed: recovery refused: Refused: the server refused the login 6 times; it is; attempt 3 in 60s,06:26:41,dead
supervisor stopped: recovery refused: Refused: no 'Channel 11' in the server list within 60s. Nothing entered.,06:33:05,dead
no run alive; 2026-09-11_060733_run.log ended: ended without a reason line,06:33:22,dead
recovered: back in the world,06:37:01,dead
relaunched (pid 33316),06:37:37,alive
RuntimeError: no recipe under the 2000-2999 tier reads ['Chaos Core Set', 'x3']; it read ['999', 'and', 'below,06:39:33,dead
relaunched (pid 34340),06:40:23,alive
RuntimeError: no recipe under the 2000-2999 tier reads ['Chaos Core Set', 'x3']; it read ['999', 'and', 'below,06:42:18,dead
relaunched (pid 10084),06:43:07,alive
RuntimeError: no recipe under the 2000-2999 tier reads ['Chaos Core Set', 'x3']; it read ['999', 'and', 'below,06:45:03,dead
3 runs in a row died within 300s of launch; relogging (1 of 6),06:45:03,dead
relogged: back in the world,06:46:21,dead
relaunched (pid 7724),06:46:26,alive
RuntimeError: no recipe under the 2000-2999 tier reads ['Chaos Core Set', 'x3']; it read ['999', 'and', 'below,06:48:24,dead
relaunched (pid 31060),06:49:17,alive
no run alive; 2026-09-11_064914_run.log ended: ended without a reason line,06:50:37,dead
tab 4 slot (1,3) has no tooltip name; listing it at the panel's price and the full quantity,06:51:09,dead
recovery attempt 1 failed: driver.py list 1 3 0 4 exited 1: RuntimeError: no recipe under the 200; attempt 2 in 60s,06:52:50,dead
no run alive; 2026-09-11_064914_run.log ended: ended without a reason line,06:53:22,dead
relaunched (pid 17812),06:54:14,alive
no run alive; 2026-09-11_065411_run.log ended: ended without a reason line,07:01:56,dead
relaunched (pid 27060),07:02:43,alive
RuntimeError: no recipe under the 2000-2999 tier reads ['Chaos Core Set', 'x3'] after 30 scroll(s); it read [',07:05:19,dead
no run alive; 2026-09-11_070239_run.log ended: RuntimeError: no recipe under the 2000-2999 tier reads ['Chaos Core Set', 'x3'] ,07:06:13,dead
relaunched (pid 6388),07:06:44,alive
RuntimeError: no recipe under the 2000-2999 tier reads ['Chaos Core Set', 'x3'] after 30 scroll(s); it read [',07:09:20,dead
no run alive; 2026-09-11_070640_run.log ended: RuntimeError: no recipe under the 2000-2999 tier reads ['Chaos Core Set', 'x3'] ,07:10:00,dead
relaunched (pid 33948),07:10:31,alive
RuntimeError: no recipe under the 2000-2999 tier reads ['Chaos Core Set', 'x3'] after 90 scroll(s); it read [',07:14:13,dead
no run alive; 2026-09-11_071456_run.log ended: ended without a reason line,07:15:18,dead
relaunched (pid 34340),07:15:48,alive
RuntimeError: no recipe under the 2000-2999 tier reads ['Chaos Core Set', 'x3'] after 90 scroll(s); it read [',07:19:29,dead
relaunched (pid 23776),07:20:14,alive
no run alive; 2026-09-11_072011_run.log ended: ended without a reason line,07:28:30,dead
relaunched (pid 34116),07:29:16,alive
server lag: not answering,07:30:24,alive
server lag: the server stalled,07:31:30,alive
RuntimeError: no recipe under the 2000-2999 tier reads any of [['Chaos Core Set', 'x3']] after 90 scroll(s). N,07:35:10,dead
no run alive; 2026-09-11_072913_run.log ended: RuntimeError: no recipe under the 2000-2999 tier reads any of [['Chaos Core Set',07:35:55,dead
relaunched (pid 29160),07:36:27,alive
server lag: not answering,09:26:10,alive
server lag: the server stalled,09:26:58,alive
server lag: not answering,10:24:32,alive
server lag: the server stalled,10:25:40,alive
server lag: not answering,13:26:10,alive
server lag: the server stalled,13:27:17,alive
server lag: the server stalled,13:27:39,alive
server lag: not answering,15:33:06,alive
server lag: the server stalled,15:34:17,alive
server lag: not answering,16:00:22,alive
server lag: the server stalled,16:01:07,alive
server lag: the server stalled,16:01:34,alive
no run alive; 2026-09-11_073623_run.log ended: ended without a reason line,18:02:42,dead
finished: list 1 1 0 4 Force Core (Ultimate) (Force Core (Ultimate)); 0 slot(s) left,18:09:34,dead
relaunched (pid 30000),18:09:49,alive
no run alive; 2026-09-11_180946_run.log ended: ended without a reason line,18:19:13,dead
finished: list 1 1 0 4 Force Core(High) (Force Core(High)); 0 slot(s) left,18:24:30,dead
relaunched (pid 32992),18:24:45,alive
no run alive; 2026-09-11_182442_run.log ended: ended without a reason line,18:31:22,dead
recovery attempt 1 failed: driver.py list 1 1 0 4 Force Core(High) exited 1: RuntimeError: a dial; attempt 2 in 60s,18:35:47,dead
no run alive; 2026-09-11_182442_run.log ended: ended without a reason line,18:36:44,dead
finished: list 1 1 0 4 Force Core(High) (Force Core(High)); 0 slot(s) left,18:40:21,dead
relaunched (pid 29432),18:40:37,alive
stop condition: row 13 should hold 'Upgrade Core (Ultimate' but position 1 reads 'Force Core(Hig,19:08:43,dead
row 13 should hold 'Upgrade Core (Ultimate' but position 1 reads 'Force Core(Highest) 2 209,891 On Sale Change,19:08:44,dead
relaunched (pid 2640),19:09:12,alive
server lag: not answering,19:10:25,alive
server lag: the server stalled,19:11:32,alive
stop condition: row 10 should hold 'Upgrade Core (Ultimate' but position 1 reads 'Force Core(Hig,19:29:54,dead
row 10 should hold 'Upgrade Core (Ultimate' but position 1 reads 'Force Core(Highest) 250 209,888 On Sale Chan,19:29:58,dead
relaunched (pid 31032),19:30:28,alive
server lag: not answering,19:52:01,alive
server lag: the server stalled,19:53:08,alive
server lag: not answering,20:01:36,alive
server lag: the server stalled,20:02:42,alive
server lag: the server stalled,20:03:24,dead
NotReady: the Agent Shop is not open after resupplying.,20:03:29,dead
recovery attempt 1 failed: driver.py craft chaos exited 1: RuntimeError: right-clicked the Agent ; attempt 2 in 60s,20:04:20,dead
recovery attempt 2 failed: driver.py craft chaos exited 1: RuntimeError: right-clicked the Agent ; attempt 3 in 60s,20:06:10,dead
supervisor stopped: driver.py craft chaos exited 1: RuntimeError: right-clicked the Agent Shop key twice and the Trade window never appeared. Nothing wr,20:08:03,dead
no run alive; 2026-09-11_193025_run.log ended: NotReady: the Agent Shop is not open after resupplying.,20:08:17,dead
recovery attempt 1 failed: driver.py craft chaos exited 1: RuntimeError: right-clicked the Agent ; attempt 2 in 60s,20:09:13,dead
no run alive; 2026-09-11_193025_run.log ended: NotReady: the Agent Shop is not open after resupplying.,20:11:38,dead
finished: list 1 1 0 4 Chaos Core Set (Chaos Core Set); 0 slot(s) left,20:14:36,dead
relaunched (pid 33244),20:14:50,alive
supervisor cancelled with Ctrl x4,20:45:15,dead
no run alive; 2026-09-11_201447_run.log ended: interrupted from the keyboard,20:45:46,dead
relaunched (pid 27624),20:46:12,alive
supervisor cancelled with Ctrl x4,20:47:00,dead
no run alive; 2026-09-11_204609_run.log ended: interrupted from the keyboard,02:37:06,dead
relaunched (pid 35780),02:37:51,alive
server lag: not answering,02:44:57,alive
server lag: the server stalled,02:45:46,alive
server lag: the server stalled,02:46:09,alive
supervisor cancelled with Ctrl x4,02:56:57,dead
no run alive; 2026-09-12_023748_run.log ended: interrupted from the keyboard,02:57:14,dead
relaunched (pid 28320),02:58:03,alive
server lag: not answering,03:15:52,alive
disconnected (run still up),03:16:39,alive
disconnected 12s on; killing pid 28320,03:16:51,dead
ended without a reason line,03:16:52,dead
recovered: back in the world,03:18:23,dead
finished: list 1 1 0 4 Chaos Core Set (Chaos Core Set); 0 slot(s) left,03:21:15,dead
relaunched (pid 30220),03:21:31,alive
server lag: not answering,05:53:06,alive
server lag: the server stalled,05:54:15,alive
war window, log quiet 165s,06:30:41,alive
server lag: not answering,06:56:33,alive
server lag: the server stalled,06:57:42,alive
server lag: not answering,07:05:08,alive
server lag: the server stalled,07:05:56,alive
server lag: the server stalled,07:06:18,alive
supervisor cancelled with Ctrl x4,07:23:30,dead
no run alive; 2026-09-12_032128_run.log ended: interrupted from the keyboard,09:05:12,dead
relaunched (pid 29600),09:05:51,alive
supervisor cancelled with Ctrl x4,09:22:38,dead
no run alive; 2026-09-12_090548_run.log ended: interrupted from the keyboard,11:29:28,dead
relaunched (pid 24376),11:30:19,alive
supervisor cancelled with Ctrl x4,11:58:05,dead
no run alive; 2026-09-12_113016_run.log ended: interrupted from the keyboard,12:28:48,dead
relaunched (pid 38088),12:29:39,alive
supervisor cancelled with Ctrl x4,14:18:59,dead
no run alive; 2026-09-12_122936_run.log ended: interrupted from the keyboard,16:41:41,dead
relaunched (pid 37152),16:42:17,alive
supervisor cancelled with Ctrl x4,17:33:07,dead
no run alive; 2026-09-12_164214_run.log ended: interrupted from the keyboard,18:39:43,dead
relaunched (pid 26944),18:40:23,alive
server lag: not answering,19:12:56,alive
server lag: the server stalled,19:14:03,alive
server lag: not answering,19:38:17,alive
supervisor cancelled with Ctrl x4,19:39:22,dead
no run alive; 2026-09-12_184020_run.log ended: interrupted from the keyboard,19:48:35,dead
relaunched (pid 28252),19:49:21,alive
supervisor cancelled with Ctrl x4,20:18:32,dead
no run alive; 2026-09-12_194917_run.log ended: interrupted from the keyboard,22:19:26,dead
relaunched (pid 35212),22:20:11,alive
server lag: not answering,23:25:54,alive
server lag: the server stalled,23:27:03,alive
server lag: not answering,23:48:02,alive
server lag: the server stalled,23:49:09,alive
server lag: not answering,23:49:38,alive
server lag: the server stalled,23:50:49,alive
server lag: not answering,01:30:38,alive
server lag: the server stalled,01:31:48,alive
server lag: not answering,03:18:51,alive
server lag: the server stalled,03:20:00,alive
war window, log quiet 161s,03:32:55,alive
server lag: not answering,04:07:08,alive
server lag: the server stalled,04:08:17,alive
server lag: not answering,04:34:14,alive
server lag: the server stalled,04:34:56,alive
server lag: the server stalled,04:35:23,alive
server lag: not answering,05:50:23,alive
server lag: the server stalled,05:51:10,alive
server lag: the server stalled,05:51:32,alive
server lag: not answering,06:03:19,alive
server lag: the server stalled,06:04:28,alive
server lag: the server stalled,06:04:50,alive
server lag: not answering,06:25:08,alive
disconnected (run still up),06:25:32,alive
disconnected 9s on; killing pid 35212,06:25:41,dead
ended without a reason line,06:25:42,dead
recovered: back in the world,06:27:12,dead
relaunched (pid 30276),06:27:48,alive
war window, log quiet 170s,06:33:07,alive
supervisor cancelled with Ctrl x4,06:43:10,dead
no run alive; 2026-09-13_062745_run.log ended: interrupted from the keyboard,22:11:50,dead
relaunched (pid 3884),22:12:34,alive
RuntimeError: no recipe under the 2000-2999 tier reads ['Chaos Core Set', 'x3']; it read ['999', 'and', 'below', '1000', '-', '1999', '2000', '-', '29,22:14:54,dead
relaunched (pid 10516),22:15:46,alive
supervisor cancelled with Ctrl x4,22:16:55,dead
no run alive; 2026-09-15_221542_run.log ended: interrupted from the keyboard,22:17:23,dead
relaunched (pid 17436),22:18:03,alive
server lag: not answering,23:10:06,alive
server lag: the server stalled,23:11:13,alive
server lag: not answering,23:12:40,alive
server lag: the server stalled,23:13:48,alive
server lag: not answering,23:14:09,alive
server lag: the server stalled,23:15:16,alive
supervisor cancelled with Ctrl x4,00:06:24,dead
no run alive; 2026-09-15_221759_run.log ended: interrupted from the keyboard,18:01:29,dead
relaunched (pid 4280),18:02:09,alive
supervisor cancelled with Ctrl x4,18:04:00,dead
no run alive; 2026-09-18_180206_run.log ended: interrupted from the keyboard,18:11:09,dead
relaunched (pid 17936),18:11:52,alive
RuntimeError: the craft window did not open from tab 6 slot (1, 6). Nothing written.,18:15:13,dead
relaunched (pid 19668),18:16:00,alive
RuntimeError: the craft window did not open from tab 6 slot (1, 6). Nothing written.,18:19:20,dead
supervisor cancelled with Ctrl x4,18:19:34,dead
no run alive; 2026-09-18_181556_run.log ended: RuntimeError: the craft window did not open from tab 6 slot (1, 6). Nothing written.,18:21:44,dead
relaunched (pid 14220),18:22:19,alive
war window, log quiet 163s,18:30:13,alive
supervisor cancelled with Ctrl x4,18:46:32,dead
no run alive; 2026-09-18_182216_run.log ended: interrupted from the keyboard,18:47:02,dead
relaunched (pid 18468),18:47:26,alive
supervisor cancelled with Ctrl x4,19:53:50,dead
no run alive; 2026-09-18_184722_run.log ended: interrupted from the keyboard,20:02:35,dead
relaunched (pid 17796),20:03:01,alive
pushed the profit report for bot,20:03:09,alive
server lag: not answering,20:59:38,alive
server lag: the server stalled,21:00:21,alive
server lag: the server stalled,21:00:43,alive
pushed the profit report for bot,21:03:18,alive
war window, log quiet 160s,21:30:38,alive
supervisor cancelled with Ctrl x4,21:49:47,dead
no run alive; 2026-09-18_200258_run.log ended: interrupted from the keyboard,21:51:06,dead
supervisor cancelled with Ctrl x4,21:51:29,dead
no run alive; 2026-09-18_215125_run.log ended: interrupted from the keyboard,21:52:32,dead
relaunched (pid 15460),21:52:53,alive
pushed the profit report for bot,22:04:20,alive
pushed the profit report for bot,22:34:23,alive
pushed the profit report for bot,23:04:28,alive
pushed the profit report for bot,23:34:35,alive
pushed the profit report for bot,00:04:47,alive
war window, log quiet 157s,00:33:47,alive
pushed the profit report for bot,00:34:56,alive
pushed the profit report for bot,01:05:08,alive
pushed the profit report for bot,01:35:11,alive
pushed the profit report for bot,02:05:13,alive
pushed the profit report for bot,02:35:15,alive
supervisor cancelled with Ctrl x4,02:41:27,dead
no run alive; 2026-09-18_215249_run.log ended: interrupted from the keyboard,02:42:41,dead
relaunched (pid 2852),02:43:06,alive
pushed the profit report for bot,02:52:52,alive
pushed the profit report for bot,03:22:54,alive
server lag: not answering,03:32:53,alive
server lag: the server stalled,03:33:57,alive
server lag: not answering,03:41:46,alive
server lag: the server stalled,03:42:50,alive
server lag: the server stalled,03:43:11,alive
server lag: not answering,03:43:55,alive
server lag: the server stalled,03:44:59,alive
server lag: the server stalled,03:45:21,dead
NotReady: the Agent Shop is not open after resupplying.,03:45:23,dead
collect failed: driver.py --config bot collect exited 1: RuntimeError: right-clicked the Agent Shop key 2 times and the Trade window never appeared. Nothing written.; carrying on,03:46:12,dead
tab 4 slot (1,2) has no tooltip name; listing it at the panel's price and the full quantity,03:46:14,dead
recovery attempt 1 failed: driver.py --config bot list 1 2 0 4 exited 1: RuntimeError: right-clicked the Agent Shop key 2 times and the Trade window never appeared. Nothing writ; attempt 2 in 60s,03:46:52,dead
collect failed: driver.py --config bot collect exited 1: RuntimeError: right-clicked the Agent Shop key 2 times and the Trade window never appeared. Nothing written.; carrying on,03:48:42,dead
tab 4 slot (1,2) has no tooltip name; listing it at the panel's price and the full quantity,03:48:44,dead
recovery attempt 2 failed: driver.py --config bot list 1 2 0 4 exited 1: RuntimeError: right-clicked the Agent Shop key 2 times and the Trade window never appeared. Nothing writ; attempt 3 in 60s,03:49:22,dead
collect failed: driver.py --config bot collect exited 1: RuntimeError: right-clicked the Agent Shop key 2 times and the Trade window never appeared. Nothing written.; carrying on,03:51:13,dead
tab 4 slot (1,1) has no tooltip name; listing it at the panel's price and the full quantity,03:51:17,dead
supervisor stopped: driver.py --config bot list 1 1 0 4 exited 1: RuntimeError: right-clicked the Agent Shop key 2 times and the Trade window never appeared. Nothing written.,03:51:55,dead
