2026-09-21_152359  .\tools\supervise.py --config trung
  logging to C:\Users\Trung\Cabal\src_1080p\logs\2026-09-21_152359_supervise.log
  screen 1920x1080
  press Ctrl 4 times within 1.5s to stop, from the game or anywhere else
* no run alive; 2026-09-21_152112_run.log ended: interrupted from the keyboard,15:23:59,dead
  kept 30 png and 0 mp4 from the dead run in C:\Users\Trung\Cabal\src_1080p\logs\dead_runs\2026-09-21_152112_run
  screen: disconnect=None, failed=None, login=None, select=None, alz=False, trade=False, vendor=False, craft=False, buttons=[], underprice=False
  frame 2026-09-21_152406_found.png
  the log shows no task cut short
restoring the default state:
  no Trade window or vendor open; not pressing Escape
  I: Inventory closed
  frame 2026-09-21_152413_tab4_0slots.png
  verified: row 1 of tab 4 is clear
  no gift box open; not clicking Close
restoring the default state:
  no Trade window or vendor open; not pressing Escape
  I: Inventory closed
  frame 2026-09-21_152417_reset.png
   2026-09-21_152417  C:\Users\Trung\Cabal\src_1080p\driver.py --config trung
     logging to C:\Users\Trung\Cabal\src_1080p\logs\2026-09-21_152417_run.log
     code 6e24d09
     screen 1920x1080
* relaunched (pid 7272),15:24:21,alive
watching pid 7272, 2026-09-21_152417_run.log
* server lag: not answering,15:26:47,alive
* server lag: the server stalled,15:27:49,alive
* pushed the profit report for trung,15:31:18,alive

  Ctrl 4 times: stopping the run the way Ctrl+C would.
* supervisor cancelled with Ctrl x4,15:46:27,dead
