no run alive; 2026-08-29_234819_run.log ended: RuntimeError: could not bring the game to the foreground.,23:45:44,dead
relaunched (pid 15376),23:46:09,alive
supervisor cancelled with Ctrl x4,23:47:30,dead
no run alive; 2026-09-13_234606_run.log ended: RuntimeError: no recipe under the 2000-2999 tier reads ['Chaos Core Set', 'x3'];,23:47:33,dead
relaunched (pid 20120),23:47:58,alive
server lag: not answering,00:23:21,alive
server lag: the server stalled,00:24:06,alive
server lag: the server stalled,00:24:28,alive
server lag: not answering,00:30:13,alive
server lag: the server stalled,00:31:19,alive
server lag: not answering,00:43:06,alive
server lag: the server stalled,00:44:12,alive
server lag: not answering,01:38:24,alive
server lag: the server stalled,01:39:29,alive
server lag: the server stalled,01:39:52,alive
supervisor cancelled with Ctrl x4,01:59:49,dead
no run alive; 2026-09-13_234755_run.log ended: interrupted from the keyboard,05:48:31,dead
relaunched (pid 16484),05:48:56,alive
supervisor cancelled with Ctrl x4,07:29:02,dead
no run alive; 2026-09-14_054852_run.log ended: interrupted from the keyboard,07:42:56,dead
relaunched (pid 17476),07:43:20,alive
server lag: not answering,08:16:39,alive
server lag: does not count,08:17:23,alive
stop condition: nothing loaded into the shop slot from (1,1) after 3 ctrl-click(s). Nothing has ,08:17:45,dead
nothing loaded into the shop slot from (1,1) after 3 ctrl-click(s). Nothing has been listed.,08:17:49,dead
finished: list 1 1 0 4 Upgrade Core (Ultimate) (Upgrade Core (Ultimate)); 0 slot(s) left,08:19:31,dead
relaunched (pid 19060),08:19:44,alive
war window, log quiet 170s,08:32:03,alive
server lag: not answering,01:46:16,alive
server lag: the server stalled,01:47:17,alive
server lag: not answering,01:56:44,alive
server lag: the server stalled,01:57:45,alive
server lag: not answering,01:58:06,alive
server lag: the server stalled,01:59:07,alive
server lag: the server stalled,01:59:27,alive
server lag: not answering,02:03:10,alive
server lag: the server stalled,02:04:11,alive
war window, log quiet 168s,04:33:47,alive
supervisor cancelled with Ctrl x4,06:24:57,dead
no run alive; 2026-09-14_074316_run.log ended: nothing loaded into the shop slot from (1,1) after 3 ctrl-click(s). Nothing has ,07:02:46,dead
recovery attempt 1 failed: no new run log 40s after launching driver.py (pid 18200 still up); attempt 2 in 60s,07:03:47,dead
supervisor crashed: PermissionError: [WinError 32] The process cannot access the file because it is being used by another process: 'C:\\Users\\Trung\\,07:04:47,dead
no run alive; 2026-09-14_070307_run.log ended: interrupted from the keyboard,10:38:00,dead
relaunched (pid 12084),10:38:24,alive
supervisor cancelled with Ctrl x4,10:47:07,dead
no run alive; 2026-09-14_103820_run.log ended: interrupted from the keyboard,10:48:04,dead
relaunched (pid 7272),10:48:27,alive
supervisor cancelled with Ctrl x4,11:06:37,dead
no run alive; 2026-09-14_104823_run.log ended: interrupted from the keyboard,12:49:01,dead
recovered: back in the world,12:50:44,dead
relaunched (pid 17312),12:51:07,alive
no run alive; 2026-09-14_125103_run.log ended: ended without a reason line,14:11:11,dead
relaunched (pid 22696),14:11:35,alive
supervisor cancelled with Ctrl x4,14:25:36,dead
no run alive; 2026-09-14_141131_run.log ended: interrupted from the keyboard,14:27:51,dead
relaunched (pid 10128),14:28:14,alive
server lag: not answering,14:33:53,alive
server lag: the server stalled,14:34:57,alive
server lag: not answering,14:35:18,alive
server lag: the server stalled,14:36:22,alive
supervisor cancelled with Ctrl x4,14:39:09,dead
no run alive; 2026-09-14_142811_run.log ended: interrupted from the keyboard,14:39:35,dead
relaunched (pid 18016),14:39:58,alive
RuntimeError: a dialog is already open over the Register table. Close it and calibrate again; nothing was clic,14:41:04,dead
relaunched (pid 9120),14:41:24,alive
no run alive; 2026-09-14_144120_run.log ended: ended without a reason line,14:49:30,dead
relaunched (pid 23448),14:49:54,alive
supervisor cancelled with Ctrl x4,14:58:18,dead
no run alive; 2026-09-14_144950_run.log ended: interrupted from the keyboard,14:59:37,dead
relaunched (pid 20144),15:00:01,alive
supervisor cancelled with Ctrl x4,15:07:45,dead
no run alive; 2026-09-14_145958_run.log ended: interrupted from the keyboard,15:07:58,dead
relaunched (pid 740),15:08:21,alive
supervisor cancelled with Ctrl x4,15:39:30,dead
no run alive; 2026-09-14_150817_run.log ended: interrupted from the keyboard,16:16:13,dead
relaunched (pid 4736),16:16:39,alive
SystemExit: favourite slot 5 holds 'Force Core (Ultimate)' but config.json asks for 'Divine Stone'. They share the slot, so one of the two is wrong: e,16:19:08,dead
relaunched (pid 22616),16:19:29,alive
ended without a reason line,16:20:55,dead
relaunched (pid 23276),16:21:15,alive
server lag: not answering,16:24:48,alive
server lag: the server stalled,16:25:52,alive
supervisor cancelled with Ctrl x4,16:29:01,dead
no run alive; 2026-09-14_162111_run.log ended: interrupted from the keyboard,16:35:04,dead
relaunched (pid 22580),16:35:30,alive
no run alive; 2026-09-14_163526_run.log ended: ended without a reason line,17:01:42,dead
relaunched (pid 7112),17:02:07,alive
server lag: not answering,17:04:57,alive
server lag: the server stalled,17:06:01,alive
server lag: not answering,17:08:27,alive
server lag: the server stalled,17:09:31,alive
supervisor cancelled with Ctrl x4,17:20:01,dead
no run alive; 2026-09-14_170203_run.log ended: interrupted from the keyboard,17:20:16,dead
relaunched (pid 14680),17:20:40,alive
server lag: not answering,17:58:00,alive
server lag: the server stalled,17:59:04,alive
server lag: not answering,18:00:27,alive
server lag: the server stalled,18:01:31,alive
supervisor cancelled with Ctrl x4,18:05:00,dead
no run alive; 2026-09-14_172036_run.log ended: interrupted from the keyboard,22:46:08,dead
relaunched (pid 17316),22:46:32,alive
supervisor cancelled with Ctrl x4,23:07:12,dead
no run alive; 2026-09-14_224628_run.log ended: interrupted from the keyboard,23:07:25,dead
relaunched (pid 19084),23:07:49,alive
supervisor cancelled with Ctrl x4,23:15:33,dead
no run alive; 2026-09-14_230745_run.log ended: interrupted from the keyboard,23:15:43,dead
relaunched (pid 24476),23:16:07,alive
supervisor cancelled with Ctrl x4,23:23:07,dead
no run alive; 2026-09-14_231603_run.log ended: interrupted from the keyboard,23:23:19,dead
relaunched (pid 24420),23:23:42,alive
server lag: not answering,23:24:26,alive
server lag: the server stalled,23:25:30,alive
supervisor cancelled with Ctrl x4,23:30:01,dead
no run alive; 2026-09-14_232339_run.log ended: interrupted from the keyboard,23:32:39,dead
relaunched (pid 24284),23:33:03,alive
stop condition: tab 4 slot (1,2) is still empty 8s after the withdrawal. Nothing listed.,00:25:29,dead
tab 4 slot (1,2) is still empty 8s after the withdrawal. Nothing listed.,00:25:31,dead
finished: list 1 1 0 4 Yekaterina VIP Membership (Yekaterina VIP Membership); 0 slot(s) left,00:27:11,dead
relaunched (pid 20000),00:27:24,alive
supervisor cancelled with Ctrl x4,00:27:47,dead
no run alive; 2026-09-15_002720_run.log ended: interrupted from the keyboard,00:29:45,dead
recovery attempt 1 failed: nothing recognisable on screen: disconnect=None, failed=None, login=None, select=None, alz=False, trade=False, vendor=False, craft=False, buttons=[], ; attempt 2 in 60s,00:30:10,dead
no run alive; 2026-09-15_002720_run.log ended: interrupted from the keyboard,00:37:26,dead
relaunched (pid 13284),00:37:51,alive
server lag: not answering,01:29:08,alive
disconnected (run still up),01:29:10,alive
disconnected 7s on; killing pid 13284,01:29:17,dead
ended without a reason line,01:29:17,dead
recovery attempt 1 failed: recovery refused: Refused: no disconnect notice, no login screen, no server or character list, so there is nothing to recover from. Nothing clicked.; attempt 2 in 60s,01:29:38,dead
recovery attempt 2 failed: nothing recognisable on screen: disconnect=None, failed=None, login=None, select=None, alz=False, trade=False, vendor=False, craft=False, buttons=[], ; attempt 3 in 60s,01:30:58,dead
supervisor stopped: nothing recognisable on screen: disconnect=None, failed=None, login=None, select=None, alz=False, trade=False, vendor=False, craft=False, buttons=[], underprice=False,01:32:18,dead
no run alive; 2026-09-15_003747_run.log ended: ended without a reason line,01:32:29,dead
recovery attempt 1 failed: recovery refused: Refused: logged through every screen but no Alz balance is readable after 120s, so the character is not in the world yet.; attempt 2 in 60s,01:35:19,dead
recovery attempt 2 failed: recovery refused: Refused: logged through every screen but no Alz balance is readable after 120s, so the character is not in the world yet.; attempt 3 in 60s,01:38:45,dead
recovered: back in the world,01:40:32,dead
finished: list 1 1 0 4 Force Core(Highest) (Force Core(Highest)); 0 slot(s) left,01:42:17,dead
relaunched (pid 25360),01:42:29,alive
supervisor cancelled with Ctrl x4,04:00:19,dead
no run alive; 2026-09-15_014225_run.log ended: interrupted from the keyboard,04:02:15,dead
relaunched (pid 17572),04:02:34,alive
server lag: not answering,04:08:27,alive
server lag: the server stalled,04:09:30,alive
server lag: not answering,04:14:40,alive
server lag: the server stalled,04:15:43,alive
server lag: the server stalled,04:16:03,alive
supervisor cancelled with Ctrl x4,04:19:51,dead
no run alive; 2026-09-15_040230_run.log ended: interrupted from the keyboard,04:29:03,dead
relaunched (pid 11188),04:29:21,alive
war window, log quiet 153s,04:33:33,alive
no run alive; 2026-09-15_042917_run.log ended: ended without a reason line,07:27:27,dead
relaunched (pid 18532),07:27:45,alive
war window, log quiet 152s,07:31:56,alive
ended without a reason line,07:54:41,dead
relaunched (pid 15120),07:54:57,alive
ended without a reason line,08:21:29,dead
relaunched (pid 26788),08:21:45,alive
war window, log quiet 159s,10:32:36,alive
stop condition: the shop slot already holds something the panel prices at 288,288; row 2 has NOT been cancelled. Clear the slot first.,10:35:00,dead
the shop slot already holds something the panel prices at 288,288; row 2 has NOT been cancelled. Clear the slot first.,10:35:01,dead
relaunched (pid 28368),10:35:17,alive
server lag: not answering,10:35:59,alive
server lag: the server stalled,10:37:02,alive
server lag: not answering,10:38:04,alive
server lag: the server stalled,10:38:47,alive
server lag: the server stalled,10:39:07,alive
ended without a reason line,10:42:55,dead
relaunched (pid 21788),10:43:12,alive
ended without a reason line,11:23:11,dead
relaunched (pid 27752),11:23:27,alive
ended without a reason line,11:25:54,dead
relaunched (pid 28124),11:26:10,alive
ended without a reason line,11:28:36,dead
relaunched (pid 23836),11:28:52,alive
ended without a reason line,11:34:04,dead
relaunched (pid 25748),11:34:20,alive
server lag: not answering,11:36:04,alive
server lag: the server stalled,11:37:07,alive
server lag: not answering,11:46:25,alive
server lag: the server stalled,11:47:28,alive
ended without a reason line,11:48:52,dead
relaunched (pid 26340),11:49:08,alive
attached (pid 26340),12:46:21,alive
disconnected (run still up),13:18:24,alive
disconnected 6s on; killing pid 26340,13:18:30,dead
ended without a reason line,13:18:30,dead
recovered: back in the world,13:19:17,dead
relaunched (pid 25532),13:19:36,alive
server lag: not answering,13:54:26,alive
server lag: the server stalled,13:55:29,alive
server lag: the server stalled,13:55:50,alive
ended without a reason line,13:56:11,dead
relaunched (pid 22980),13:56:28,alive
ended without a reason line,14:35:06,dead
relaunched (pid 18156),14:35:22,alive
ended without a reason line,14:56:26,dead
relaunched (pid 23296),14:56:42,alive
