2026-09-30_061553  C:\Users\Trung\Cabal\src_1080p\driver.py --config trung collect
  logging to C:\Users\Trung\Cabal\src_1080p\logs\2026-09-30_061553_collect.log
  code bf77c7cc
  screen 1920x1080
  ledger C:\Users\Trung\Cabal\src_1080p\sales.db run 2026-09-30T06:15:53
  debug frames -> C:\Users\Trung\Cabal\src_1080p\debug_frames\2026-09-30_061553_collect, indexed in frames.jsonl; earlier runs' frames are kept until the 5,000-frame budget needs the room
  press Ctrl 4 times within 1.5s to stop, from the game or anywhere else
  a repair: not measuring the screen, using the calibration on file
  calibrated for 1920x1080, measured 2026-09-30T06:11:55
  server clock 08:15 (+59s for the unshown seconds)
  server 08:15:59; the next war quiet runs 10:32:00 to 10:34:59, in 136.0 min
  the Trade window is shut; opening the Agent Shop.
  inventory already open
  tab 6 at (1723, 181)
  right-clicking slot (1,7) at (1815, 236) (attempt 1/3)
  tab 4 at (1617, 181), so whatever is bought or withdrawn lands there
  scrolled to the top; row 1 is at position 1
                                                   bought/u   listed/u  margin      row price
     1  Arionell                           x1    280,833,330 312,185,712  +10.0%    312,185,712
     2  Force Core (Ultimate               x8       333,332    355,304   +6.2%        355,304
     3  Force Core (Ultimate               x73      333,332    355,303   +6.2%        355,303
     4  Blessing Bead - Superior           x1    163,632,220 169,999,998   +3.7%    169,999,998
     5  Force Core (Ultimate               x10      333,332    355,302   +6.2%        355,302
     6  UNREAD '1 181,130,882 On Sale Change'
     7  Extreme Core (Lv. 10               x1             - 29,790,000       -     29,790,000
     8  Extreme Core (Lv. 11               x1             - 48,999,999       -     48,999,999
     9  Chaos Core Set X 72                x1       722,429    729,888   +1.0%     52,552,007
    10  Minesta's Chaos Fighter Belt + 15  x1             -    455,980       -        455,980
    12  Force Core(High                    x250     167,000    179,071   +6.7%        179,071
    13  Force Core(High                    x16      167,000    179,070   +6.7%        179,070
    14  Force Core(High                    x212     167,000    179,069   +6.7%        179,069
    15  Chaos Core Set X 270               x1       722,429    729,947   +1.0%    197,085,959
    16  Chaos Core Set X 96                x1       722,429    729,939   +1.0%     70,074,223
    17  Chaos Core Set X 141               x1       722,429    729,902   +1.0%    102,916,322
    18  Chaos Core Set X 198               x1       722,429    729,901   +1.0%    144,520,595
    19  Chaos Core Set X 378               x1       722,429    729,898   +1.0%    275,901,821
    20  Upgrade Core (Ultimate             x250     415,583    455,985   +8.9%        455,985
    21  Upgrade Core (Ultimate             x5       415,583    455,983   +8.9%        455,983
  scrolled to the top; row 1 is at position 1
  seeded 19 of rows 1-30
  row 11 is empty; nothing to relist
