  board during pass 0, at row 18 of 1-30, read 2026-09-30T06:17:12
                                                   bought/u   listed/u  margin      row price  profit if sold
     1  Arionell                           x1    280,833,330 312,185,712  +10.0%    312,185,712      31,352,382
     2  Force Core (Ultimate               x8       333,332    355,304   +6.2%        355,304         175,776
     3  Force Core (Ultimate               x73      333,332    355,303   +6.2%        355,303       1,603,883
     4  Blessing Bead - Superior           x1    163,632,220 169,999,998   +3.7%    169,999,998       6,367,778
     5  Force Core (Ultimate               x10      333,332    355,302   +6.2%        355,302         219,700
     7  Extreme Core (Lv. 10               x1             - 29,790,000       -     29,790,000               -
     8  Extreme Core (Lv. 11               x1             - 48,999,999       -     48,999,999               -
     9  Chaos Core Set X 72                x1       722,429    729,888   +1.0%     52,552,007         537,048
    10  Minesta's Chaos Fighter Belt + 15  x1             -    455,980       -        455,980               -
    12  Force Core(High                    x250     167,000    179,071   +6.7%        179,071       3,017,750
    13  Force Core(High                    x16      167,000    179,070   +6.7%        179,070         193,120
    14  Force Core(High                    x212     167,000    179,069   +6.7%        179,069       2,558,628
    15  Chaos Core Set X 270               x1       722,429    729,947   +1.0%    197,085,959       2,029,860
    16  Chaos Core Set X 96                x1       722,429    729,939   +1.0%     70,074,223         720,960
    17  Chaos Core Set X 141               x1       722,429    729,902   +1.0%    102,916,322       1,053,693
    18  Chaos Core Set X 198               x1       722,429    729,901   +1.0%    144,520,595       1,479,456 <- here
    19  Chaos Core Set X 378               x1       722,429    729,898   +1.0%    275,901,821       2,823,282
    20  Upgrade Core (Ultimate             x250     415,583    455,985   +8.9%        455,985      10,100,500
    21  Upgrade Core (Ultimate             x5       415,583    455,983   +8.9%        455,983         202,000
    item                               rows   units          listed  profit if sold
    Arionell                              1       1     312,185,712      31,352,382
    Blessing Bead - Superior              1       1     169,999,998       6,367,778
    Chaos Core Set                        6   1,155     843,050,927       8,644,299
    Extreme Core (Lv. 10                  1       1      29,790,000               -
    Extreme Core (Lv. 11                  1       1      48,999,999               -
    Force Core (Ultimate                  3      91      32,332,571       1,999,359
    Force Core(High                       3     478      85,595,498       5,769,498
    Minesta's Chaos Fighter Belt + 15     1       1         455,980               -
    Upgrade Core (Ultimate                2     255     116,276,165      10,302,500
    board                                19   1,984   1,638,686,850      64,435,816
