  board during pass 26, at row 12 of 1-30, read 2026-09-25T03:16:17
                                                   bought/u   listed/u  margin      row price  profit if sold
     1  Epic Booster (Highest)             x4    46,249,999 46,699,999   +1.0%     46,699,999       1,800,000
     2  Yekaterina VIP Membership          x1    110,999,999 113,499,999   +2.2%    113,499,999       2,500,000
     3  Force Core(Highest                 x1             -    197,998       -        197,998               -
     4  Siena's Unbinding Stone            x1    73,999,999 95,998,783  +22.9%     95,998,783      21,998,784
     5  Chaos Core                         x1       745,087    740,008   -0.7%        740,008          -5,079
     6  Chaos Core                         x1       749,000    738,729   -1.4%        738,729         -10,271
     7  Force Core(High                    x4       180,000    183,998   +2.2%        183,998          15,992
     8  Force Core(High                    x76      185,999    185,999   +0.0%        185,999               0
     9  Force Core (Ultimate               x91      346,663    359,968   +3.7%        359,968       1,210,755
    10  Chaos Core Set X 150               x1       745,700    750,653   +0.7%    112,598,099         742,950
    11  Chaos Core Set X 291               x1       745,700    750,652   +0.7%    218,440,022       1,441,032
    12  Chaos Core Set X 300               x1       744,249    750,651   +0.9%    225,195,599       1,920,600 <- here
    13  Force Core (Ultimate               x130     346,631    359,978   +3.7%        359,978       1,735,110
    14  Force Core (Ultimate               x146     348,522    359,977   +3.2%        359,977       1,672,430
    15  Chaos Core Set                     x1       740,012    750,669   +1.4%    249,973,109       3,548,781
    16  Chaos Core Set                     x1       739,606    750,663   +1.5%     51,795,815         762,933
    item                               rows   units          listed  profit if sold
    Chaos Core                            2       2       1,478,737         -15,350
    Chaos Core Set                        5   1,143     858,002,644       8,416,296
    Epic Booster (Highest)                1       4     186,799,996       1,800,000
    Force Core (Ultimate                  3     367     132,110,870       4,618,295
    Force Core(High                       2      80      14,871,916          15,992
    Force Core(Highest                    1       1         197,998               -
    Siena's Unbinding Stone               1       1      95,998,783      21,998,784
    Yekaterina VIP Membership             1       1     113,499,999       2,500,000
    board                                16   1,599   1,402,960,943      39,334,017
    balance now 1,451,038,828, read 2026-09-25T03:14:19
