  board during pass 0, at row 25 of 1-25, read 2026-09-25T01:22:02
                                                   bought/u   listed/u  margin      row price  profit if sold
     1  Force Core(Highest                 x102           -    199,733       -        199,733               -
     3  Honor Medal Chest                  x2             - 219,779,999       -    219,779,999               -
     4  Upgrade Core (Ultimate             x250           -    449,810       -        449,810               -
     5  Divine Stone Set X 141             x1             -    715,390       -    100,870,130               -
     7  Divine Stone Set X 138             x1             -    715,389       -     98,723,819               -
     8  Divine Stone Set X 156             x1             -    715,388       -    111,600,683               -
     9  Upgrade Core (Ultimate             x232           -    449,809       -        449,809               -
    10  Force Core(Highest                 x30            -    199,732       -        199,732               -
    11  Force Core(Highest                 x14            -    199,731       -        199,731               -
    13  Upgrade Core (Ultimate             x136           -    449,808       -        449,808               -
    14  Divine Stone Set X 162             x1             -    715,387       -    115,892,855               -
    15  Force Core(High                    x240           -    195,115       -        195,115               -
    16  Force Core(High                    x1             -    195,114       -        195,114               -
    17  Force Core(High                    x56            -    195,113       -        195,113               -
    25  (empty)                                           -          -       -              -               - <- here
    26  Siena's Unbinding Stone            x1    74,500,000 950,000,000  +92.2%    950,000,000     875,500,000
    29  Bemonvecnte" TE t__                x1             - 10,000,000       -     10,000,000               -
    30  Life Capsule(Special) Type A X 100 x6             -     29,999       -      2,999,900               -
    item                               rows   units          listed  profit if sold
    Bemonvecnte" TE t__                   1       1      10,000,000               -
    Divine Stone Set                      4     597     427,087,487               -
    Force Core(High                       3     297      57,949,042               -
    Force Core(Highest                    3     146      29,160,960               -
    Honor Medal Chest                     1       2     439,559,998               -
    Life Capsule(Special) Type A          1     600      17,999,400               -
    Siena's Unbinding Stone               1       1     950,000,000     875,500,000
    Upgrade Core (Ultimate                3     618     277,982,076               -
    board                                17   2,262   2,209,738,963     875,500,000
    balance now 626,577,421, read 2026-09-25T01:21:46
