2026-09-25_011947  C:\Users\tl456\Desktop\cabal-trader\cabal_trade\src_1080p\driver.py --config cang collect
  logging to C:\Users\tl456\Desktop\cabal-trader\cabal_trade\src_1080p\logs\2026-09-25_011947_collect.log
  code 828e17a
  screen 1920x1080
  ledger C:\Users\tl456\Desktop\cabal-trader\cabal_trade\src_1080p\sales.db run 2026-09-25T01:19:47
  debug frames -> C:\Users\tl456\Desktop\cabal-trader\cabal_trade\src_1080p\debug_frames\2026-09-25_011947_collect, indexed in frames.jsonl; earlier runs' frames are kept until the 5,000-frame budget needs the room
  press Ctrl 4 times within 1.5s to stop, from the game or anywhere else
  a repair: not measuring the screen, using the calibration on file
  calibrated for 1920x1080, measured 2026-09-25T00:33:39
  server clock 08:19 (+59s for the unshown seconds)
  server 08:19:59; the next war quiet runs 10:29:00 to 10:34:59, in 129.0 min
  the Trade window is shut; opening the Agent Shop.
  inventory already open
  tab 6 at (1718, 182)
  right-clicking slot (1,7) at (1810, 237) (attempt 1/3)
  tab 4 at (1610, 182), so whatever is bought or withdrawn lands there
  scrolled to the top; row 1 is at position 1
                                                   bought/u   listed/u  margin      row price
     1  Force Core(Highest                 x102           -    199,733       -        199,733
     2  Chaos Core                         x1             -    708,363       -        708,363
    the quantity column read 'Chest', which holds no digits, so it is the end of the name and not a count; reading the row as 'Honor Medal Chest' and letting the panel count what is there
     3  Honor Medal Chest                  x2             - 219,779,999       -    219,779,999
     4  Upgrade Core (Ultimate             x250           -    449,810       -        449,810
     5  Divine Stone Set X 141             x1             -    715,390       -    100,870,130
     6  Chaos Core Set X 201               x1             -    728,029       -    146,334,029
     7  Divine Stone Set X 138             x1             -    715,389       -     98,723,819
     8  Divine Stone Set X 156             x1             -    715,388       -    111,600,683
     9  Upgrade Core (Ultimate             x232           -    449,809       -        449,809
    10  Force Core(Highest                 x30            -    199,732       -        199,732
    11  Force Core(Highest                 x14            -    199,731       -        199,731
    12  Divine Stone                       x1             -    697,325       -        697,325
    13  Upgrade Core (Ultimate             x136           -    449,808       -        449,808
    14  Divine Stone Set X 162             x1             -    715,387       -    115,892,855
    15  Force Core(High                    x240           -    195,115       -        195,115
    16  Force Core(High                    x1             -    195,114       -        195,114
    17  Force Core(High                    x56            -    195,113       -        195,113
    19  Chaos Core Set X 231               x1             -    728,026       -    168,174,236
    20  Chaos Core Set X 225               x1             -    728,025       -    163,805,849
    21  Chaos Core Set X 114               x1             -    728,024       -     82,994,849
    26  Siena's Unbinding Stone            x1    74,500,000 950,000,000  +92.2%    950,000,000
    the quantity column read 'Calligo', which holds no digits, so it is the end of the name and not a count; reading the row as 'Seal of Undead - Immortal Etherno Calligo' and letting the panel count what is there
    the quantity column read 'Calligo', which holds no digits, so it is the end of the name and not a count; reading the row as 'Seal of Undead - Immortal Etherno Calligo' and letting the panel count what is there
    the quantity column read 'Calligo', which holds no digits, so it is the end of the name and not a count; reading the row as 'Seal of Undead - Immortal Etherno Calligo' and letting the panel count what is there
    the quantity column read 'Calligo', which holds no digits, so it is the end of the name and not a count; reading the row as 'Seal of Undead - Immortal Etherno Calligo' and letting the panel count what is there
    the quantity column read 'Calligo', which holds no digits, so it is the end of the name and not a count; reading the row as 'Seal of Undead - Immortal Etherno Calligo' and letting the panel count what is there
    the quantity column read 'Calligo', which holds no digits, so it is the end of the name and not a count; reading the row as 'Seal of Undead - Immortal Etherno Calligo' and letting the panel count what is there
    27  UNREAD 'Tempus x sndead - Immortal Etherno Calligo ; Agen GDSEI ecm'
    the quantity column read 't__', which holds no digits, so it is the end of the name and not a count; reading the row as 'Bemonvecnte" TE t__' and letting the panel count what is there
    the quantity column read '=', which holds no digits, so it is the end of the name and not a count; reading the row as 'Demonite Crystal of =' and letting the panel count what is there
    29  Bemonvecnte" TE t__                x1             - 10,000,000       -     10,000,000
    30  Life Capsule(Special) Type A X 100 x6             -     29,999       -      2,999,900
  scrolled to the top; row 1 is at position 1
  seeded 23 of rows 1-30
  row 2 has SOLD (fully); collecting
    collected; row 2 is empty, nothing to relist
    the quantity column read 'Chest', which holds no digits, so it is the end of the name and not a count; reading the row as 'Honor Medal Chest' and letting the panel count what is there
  row 6 has SOLD (fully); collecting
    collected; row 6 is empty, nothing to relist
  row 10 has SOLD (partly); collecting
    collected; 30 left to relist
  row 11 has SOLD (partly); collecting
    collected; 14 left to relist
  row 12 has SOLD (fully); collecting
    collected; row 12 is empty, nothing to relist
  row 17 has SOLD (partly); collecting
    collected; 56 left to relist
  row 18 is empty; nothing to relist
  row 19 has SOLD (fully); collecting
    collected; row 19 is empty, nothing to relist
  row 20 has SOLD (fully); collecting
    collected; row 20 is empty, nothing to relist
  row 21 has SOLD (fully); collecting
    collected; row 21 is empty, nothing to relist
  row 22 is empty; nothing to relist
  row 23 is empty; nothing to relist
  row 24 is empty; nothing to relist
  row 25 is empty; nothing to relist

  relisting rows 1-25: 0 relisted, 11 empty, 14 skipped
    #          ms   share     n      each  phase
    1    26,365.8   32.9%     9   2,929.5  read the row again after collecting
    2    23,356.1   29.1%     9   2,595.1  collect what sold
    3    21,080.8   26.3%    25     843.2  scroll to the row and read it
    4     9,345.5   11.7%    25     373.8  Refresh the table
         80,148.2  100.0%
  collected what sold in rows 1-25; 11 row(s) empty now

PROFIT THIS RUN -- what this run bought: sold lots at what they made, unsold lots at the price they were bought against
  item                              profit   units  margin        revenue           cost
  ------------------------------------------------------------------------------------
  SOLD                                   0       0    0.0%              0              0
  ------------------------------------------------------------------------------------
  RUN CLOSED                             0   (0 realised, +0 assumed)
  started 01:19:47, ended 01:22:02, ran for 2m 14s

##############################################################################################

##########  ##########  ##      ##  ##########    ########  ##      ##  ##########  ########  
##########  ##########  ##      ##  ##########    ########  ##      ##  ##########  ########  
##              ##      ####    ##      ##      ##          ##      ##  ##          ##      ##
##              ##      ####    ##      ##      ##          ##      ##  ##          ##      ##
##              ##      ##  ##  ##      ##      ##          ##      ##  ##          ##      ##
##              ##      ##  ##  ##      ##      ##          ##      ##  ##          ##      ##
########        ##      ##  ##  ##      ##        ######    ##########  ########    ##      ##
########        ##      ##  ##  ##      ##        ######    ##########  ########    ##      ##
##              ##      ##    ####      ##              ##  ##      ##  ##          ##      ##
##              ##      ##    ####      ##              ##  ##      ##  ##          ##      ##
##              ##      ##      ##      ##              ##  ##      ##  ##          ##      ##
##              ##      ##      ##      ##              ##  ##      ##  ##          ##      ##
##          ##########  ##      ##  ##########  ########    ##      ##  ##########  ########  
##          ##########  ##      ##  ##########  ########    ##      ##  ##########  ########  

##############################################################################################

