  board during pass 16, at row 10 of 1-30, read 2026-09-25T00:09:55
                                                   bought/u   listed/u  margin      row price  profit if sold
     1  Force Core (Ultimate               x2             -    368,800       -        368,800               -
     2  Epic Booster (Highest)             x4    46,625,000 46,799,998   +0.4%     46,799,998         699,992
     3  Yekaterina VIP Membership          x1    111,900,000 113,499,999   +1.4%    113,499,999       1,599,999
     4  Upgrade Core (Ultimate             x250           -    449,839       -        449,839               -
     5  Force Core(Highest                 x1             -    199,767       -        199,767               -
     6  Force Core(Highest                 x21            -    199,766       -        199,766               -
     7  Force Core(Highest) TAP            x77            -    199,765       -        199,765               -
     8  Force Core(Highest                 x74            -    199,764       -        199,764               -
     9  Upgrade Core (Ultimate             x180           -    449,838       -        449,838               -
    10  Upgrade Core (Ultimate             x98            -    449,837       -        449,837               - <- here
    11  Siena's Unbinding Stone            x1    74,600,000 95,998,784  +22.3%     95,998,784      21,398,784
    12  Chaos Core                         x1       725,000    649,348  -11.7%        649,348         -75,652
    13  Force Core(High                    x113     176,470    195,140   +9.6%        195,140       2,109,710
    14  Force Core(High                    x236     179,776    195,139   +7.9%        195,139       3,625,668
    15  Force Core(High                    x104     176,470    195,138   +9.6%        195,138       1,941,472
    16  Force Core (Ultimate               x93      346,664    368,802   +6.0%        368,802       2,058,834
    17  Force Core (Ultimate               x43      346,666    368,801   +6.0%        368,801         951,805
    18  Chaos Core Set X 24                x1       669,392    717,916   +6.8%     17,230,007       1,164,576
    19  Chaos Core                         x1       725,000    649,445  -11.6%        649,445         -75,555
    item                               rows   units          listed  profit if sold
    Chaos Core                            2       2       1,298,793        -151,207
    Chaos Core Set                        1      24      17,230,007       1,164,576
    Epic Booster (Highest)                1       4     187,199,992         699,992
    Force Core (Ultimate                  3     138      50,894,629       3,010,639
    Force Core(High                       3     453      88,397,976       7,676,850
    Force Core(Highest                    3      96      19,177,389               -
    Force Core(Highest) TAP               1      77      15,381,905               -
    Siena's Unbinding Stone               1       1      95,998,784      21,398,784
    Upgrade Core (Ultimate                3     528     237,514,616               -
    Yekaterina VIP Membership             1       1     113,499,999       1,599,999
    board                                19   1,324     826,594,090      35,399,633
    balance now 1,865,589,812, read 2026-09-25T00:06:59
