  board during pass 28, at row 1 of 1-27, read 2026-09-25T15:52:23
                                                   bought/u   listed/u  margin      row price  profit if sold
     1  Blessing Bead - Superior           x1    163,756,817 169,999,997   +3.7%    169,999,997       6,243,180 <- here
     2  Armor Account bind Unseal Stone    x1    187,364,780 187,364,780   +0.0%    187,364,780               0
     3  Armor Account bind Seal Stone      x2    187,364,780 187,364,780   +0.0%    187,364,780               0
     4  Force Core (Ultimate               x64            -    383,795       -        383,795               -
     5  Arionell                           x1    281,047,170 296,185,713   +5.1%    296,185,713      15,138,543
     6  Upgrade Core (Ultimate             x15            -    536,660       -        536,660               -
     7  Force Core (Ultimate               x190           -    383,794       -        383,794               -
     8  Force Core(Highest                 x166           -    195,487       -        195,487               -
     9  Chaos Core                         x1       741,896    740,583   -0.2%        740,583          -1,313
    10  Upgrade Core (Ultimate             x20      469,773    536,658  +12.5%        536,658       1,337,700
    11  Force Core(Highest                 x250           -    195,487       -        195,487               -
    12  Force Core(Highest                 x136           -    195,487       -        195,487               -
    13  Palladium Headpiece(BL) (anal (ana x1             -  2,399,996       -      2,399,996               -
    14  Palladium Headgear(FB) Lalla       x1             -    988,999       -        988,999               -
    15  Palladium Headgear(FA) (anal (anal x1             -  9,850,000       -      9,850,000               -
    16  Palladium Boots(FA) Lalla          x2             -  1,299,997       -      1,299,997               -
    17  Palladium Shoes(W1) Lalla          x2             -    749,998       -        749,998               -
    18  Palladium Coat (FG) Lalla          x1             -    999,997       -        999,997               -
    19  Chaos Core Set X 291               x1             -    749,661       -    218,151,641               -
    20  Force Core (Ultimate               x56      374,843    383,793   +2.3%        383,793         501,200
    21  Chaos Core Set X 249               x1             -    749,659       -    186,665,339               -
    22  Chaos Core Set X 267               x1             -    749,649       -    200,156,549               -
    23  Upgrade Core (Ultimate             x54            -    536,654       -        536,654               -
    24  Chaos Core Set X 252               x1             -    749,639       -    188,909,279               -
    25  Force Core(High                    x72            -    182,994       -        182,994               -
    26  Force Core(High                    x86            -    182,993       -        182,993               -
    28  Archridium Suit (DM) Lalla         x1             -  1,685,749       -      1,685,749               -
    30  Palladium Suit (DM) + 1 Lalla      x1             - 33,000,000       -     33,000,000               -
    item                               rows   units          listed  profit if sold
    Archridium Suit (DM) Lalla            1       1       1,685,749               -
    Arionell                              1       1     296,185,713      15,138,543
    Armor Account bind Seal Stone         1       2     374,729,560               0
    Armor Account bind Unseal Stone       1       1     187,364,780               0
    Blessing Bead - Superior              1       1     169,999,997       6,243,180
    Chaos Core                            1       1         740,583          -1,313
    Chaos Core Set                        4   1,059     793,882,808               -
    Force Core (Ultimate                  3     310     118,976,148         501,200
    Force Core(High                       2     158      28,912,966               -
    Force Core(Highest                    3     552     107,908,824               -
    Palladium Boots(FA) Lalla             1       2       2,599,994               -
    Palladium Coat (FG) Lalla             1       1         999,997               -
    Palladium Headgear(FA) (anal (anal    1       1       9,850,000               -
    Palladium Headgear(FB) Lalla          1       1         988,999               -
    Palladium Headpiece(BL) (anal (ana    1       1       2,399,996               -
    Palladium Shoes(W1) Lalla             1       2       1,499,996               -
    Palladium Suit (DM) + 1 Lalla         1       1      33,000,000               -
    Upgrade Core (Ultimate                3      89      47,762,376       1,337,700
    board                                28   2,184   2,179,488,486      23,219,310
    balance now 550,544,494, read 2026-09-25T15:52:23
    held on tab 4, bought and not listed yet:
    Chaos Core Set                     slot (1, 1)         - unit(s)            - a unit
