  board during pass 1, at row 1 of 1-25, read 2026-09-29T00:12:17
                                                   bought/u   listed/u  margin      row price  profit if sold
     1  Divine Stone                       x2             -    706,512       -        706,512               - <- here
     2  Arionell                           x1    280,833,333 312,185,712  +10.0%    312,185,712      31,352,379
     3  Force Gem Package                  x1    187,222,222 191,999,999   +2.5%    191,999,999       4,777,777
     4  Chaos Core Set X 200               x1             -    733,859       -    146,771,999               -
     5  Chaos Core Set X 200               x1             -    733,858       -    146,771,799               -
     6  Chaos Core Set X 252               x1             -    733,857       -    184,932,215               -
     7  Chaos Core Set X 200               x1             -    733,856       -    146,771,399               -
     8  Chaos Core Set X 48                x1             -    733,855       -     35,225,087               -
     9  Chaos Core Set X 348               x1             -    733,854       -    255,381,539               -
    10  Chaos Core Set X 252               x1             -    733,853       -    184,931,207               -
    11  Force Core (Ultimate               x8             -    379,783       -        379,783               -
    12  Upgrade Core (Ultimate             x22            -    457,529       -        457,529               -
    13  Force Core (Ultimate               x83            -    379,782       -        379,782               -
    14  Upgrade Core (Ultimate             x34            -    457,528       -        457,528               -
    15  Upgrade Core (Ultimate             x10            -    457,524       -        457,524               -
    16  Force Core (Ultimate               x73            -    379,784       -        379,784               -
    26  Chaos Core Set X 399               x1             -    734,028       -    292,877,570               -
    27  Potion of Honor                    x2             -  7,250,000       -      7,250,000               -
    29  Chaos Core Set X 999               x1             -    734,033       -    733,299,964               -
    item                               rows   units          listed  profit if sold
    Arionell                              1       1     312,185,712      31,352,379
    Chaos Core Set                        9   2,898   2,126,962,779               -
    Divine Stone                          1       2       1,413,024               -
    Force Core (Ultimate                  3     164      62,284,402               -
    Force Gem Package                     1       1     191,999,999       4,777,777
    Potion of Honor                       1       2      14,500,000               -
    Upgrade Core (Ultimate                3      66      30,196,830               -
    board                                19   3,134   2,739,542,746      36,130,156
