2026-09-29_000956  C:\Users\Trung\Cabal\src_1080p\driver.py --config trung
  logging to C:\Users\Trung\Cabal\src_1080p\logs\2026-09-29_000956_run.log
  code d0ad626
  screen 1920x1080
  ledger C:\Users\Trung\Cabal\src_1080p\sales.db run 2026-09-29T00:09:56
  debug frames -> C:\Users\Trung\Cabal\src_1080p\debug_frames\2026-09-29_000956_run, indexed in frames.jsonl; earlier runs' frames are kept until the 5,000-frame budget needs the room
  press Ctrl 4 times within 1.5s to stop, from the game or anywhere else
  measuring this screen before touching anything
inventory:
  Inventory shut; pressing I (attempt 1)
  Alz box (1784, 688, 1860, 700)   anchor (1860, 688)
  grid fitted in (1221, 23, 1920, 661): pitch 56.0x56.1 against a shared 73.3x73.4, slot (1,1) at 1475,236, scores 62 and 51
  tab I [1454, 181]  tab VIII [1826, 181]
  slot (1,1) [1475, 236]  (1,7) [1811, 236]  (8,8) [1867, 629]
gift box:
  the gift box at [284, 994]
  Receive at [[1214, 327], [1214, 425], [1214, 523], [1214, 621]]; each collection presses only Receive All and the special giftbox's Receive, at the points measured here
  Receive All at [1209, 786]
  the special giftbox's Receive at [1438, 492]
  Close at [1483, 846]
cash shop:
  the Cash Shop icon at [348, 994]
  the Cash balance box [1134, 826, 1230, 848] reads 300
  the gem box [930, 826, 1060, 848] reads 41
  Useable at [844, 168]
    'Blessing Bead - Superior' is where it was measured, 0 notch(es) down the Useable tab
  Blessing Bead - Superior at 350 Cash; Purchase at [739, 520]
  41 gem(s) held and Blessing Bead - Superior costs 350; the game opens no confirmation for that, so it is not measured this launch
    'Force Gem Package' is where it was measured, 0 notch(es) down the Useable tab
  Force Gem Package at 500 Cash; Purchase at [739, 750]
  300 Cash held and Force Gem Package costs 500; the game opens no confirmation for that, so it is not measured this launch
    'Arionell' is where it was measured, 10 notch(es) down the Useable tab
  Arionell at 750 Cash; Purchase at [739, 750]
  300 Cash held and Arionell costs 750; the game opens no confirmation for that, so it is not measured this launch
  Escape to close the Cash Shop (attempt 1)
  the Inventory closed with the Cash Shop; opening it again
  Inventory shut; pressing I (attempt 1)
opening the Agent Shop:
  tab 6 at [1719, 181]
  right-clicking slot (1,7) at [1811, 236]
agent shop:
  Register (288, 80)
  Purchase [96, 80]  (mirrored about the boundary at x=192)
  favourites: 10 found, pitch 42.00px, first [480, 755] last [858, 755]
  favourite row set on an even 42px grid from 480: [480, 522, 564, 606, 648, 690, 732, 774, 816, 858]
purchase tab:
  switching to the Purchase tab at (96, 80)
  sort reads 'IC y Price:Low to »Eal' -> region [622, 134, 752, 166]
  running favourite 1 at (480, 755) to fill the table (attempt 1/20)
  offers arrived after 0.2s
  the header read ['Name', 'Price', '¥', 'QTY'], with nothing for the Function column; its Buy buttons are at x=828, which is the column itself, so taking the right edge from there
  row content [232, 231, 870, 285] -> 'Force Core(Highest) 1 204,990 Buy'
    name      [232, 231, 554, 285]  -> 'Force Core(Highest)'
    qty       [574, 231, 624, 285]  -> '1'
    price     [631, 231, 782, 285]  -> '204,990'
    function  [782, 231, 874, 285]  -> 'Buy'
  Buy column x=828, 8 row(s), pitch 54px
  row 1 centre y=258, box [192, 231, 922, 285]
register table:
  Register columns {'name': [212, 522], 'qty': [530, 575], 'price': [584, 712], 'status': [721, 779], 'button': [788, 870]}, each from 27 above to 22 below its row's centre
  button column (786, 144, 884, 722)
  Register table: 10 row(s), pitch 58px, row 1 y=175, row 10 y=698
  table_x [192, 880], scroll point [230, 233]
  Refresh at [833, 752]
market prices:
  Force Core(Highest)              204,990
  Force Core Set (Highest)         210,000
  Chaos Core                       721,724
  Chaos Core Set                   733,847
  Force Core (Ultimate)            379,779
  Force Core Set (Ultimate)        355,544
  Force Core(High)                 170,000
  Force Core Set (High)            167,222
  Upgrade Core (Ultimate)          457,524
  Upgrade Core Set (Ultimate)      445,066
voucher:
  a Gold voucher costs 374,444,444
register panel:
  price field [32, 408, 154, 436] (click [112, 425])
  quantity box [37, 472, 188, 500] (click [59, 486])
  2 suggested price row(s) at y [358, 384]
  net sales box [37, 574, 154, 602]
  Register button at [131, 754]
actions:
  scrolled to the top, so position 1 is row 1
  tab 4 slot (1,1) is the first free one; a withdrawal lands there
  row 1 is 'Divine Stone 2 706,512 OnSale Change'
  Change at (830, 175)
  Cancel at (1101, 634)
  Confirmation at (968, 634)
  row 1 now reads ''
  back to inventory tab 4 at (1613, 181); the withdrawal moves the panel to whichever tab it landed on
  listing it back from tab 4 slot (1, 1) at (1475, 236)
  the loaded item shows at (104, 219) in the Register Item box
  panel suggests 706,514; listing at 706,512, the price row 1 was withdrawn at
  typed 250; the net sales make it 2
  listed 2 at 706,512; it lands in the lowest empty row
  learned button_cancel, button_confirmation, button_register, item_point
actions at position 10:
  scrolled to the top, so position 10 is row 10
  tab 4 slot (1,1) is the first free one; a withdrawal lands there
  row 10 is 'Chaos Core Set X 252 1 184,931,207 On Sale Change'
  Change at (830, 698)
  Cancel at (1101, 634)
  Confirmation at (968, 634)
  row 10 now reads 'Premium Exclusive Slot Register'
  back to inventory tab 4 at (1613, 181); the withdrawal moves the panel to whichever tab it landed on
  listing it back from tab 4 slot (1, 1) at (1475, 236)
  the loaded item shows at (102, 221) in the Register Item box
  panel suggests 184,929,444; listing at 184,931,207, the price row 10 was withdrawn at
  typed 250; the net sales make it 1
  listed 1 at 184,931,207; it lands in the lowest empty row
  learned button_cancel, button_confirmation, button_register, item_point
conversion vendor:
  pressing N to open the vendor Shop (attempt 1)
  Dungeon tab at (143, 158)
  grid band (163, 770, 413, 946): 5 column(s) at [186, 235, 283, 328, 377], 4 row(s) at [789, 839, 874, 931]
    Force Core(Low)              <- Force Core Set (Low)           r2c1 at (186, 839)
    Force Core(Medium)           <- Force Core Set (Medium)        r2c2 at (235, 839)
    Force Core(High)             <- Force Core Set (High)          r2c3 at (283, 839)
    Force Core(Highest)          <- Force Core Set (Highest)       r2c4 at (328, 839)
    Force Core (Ultimate)        <- Force Core Set (Ultimate)      r2c5 at (377, 839)
    Upgrade Core(Low)            <- Upgrade Core Set (Low)         r4c1 at (186, 931)
    Upgrade Core(Medium)         <- Upgrade Core Set (Medium)      r4c2 at (235, 931)
    Upgrade Core(High)           <- Upgrade Core Set (High)        r4c3 at (283, 931)
    Upgrade Core(Highest)        <- Upgrade Core Set (Highest)     r4c4 at (328, 931)
    Upgrade Core (Ultimate)      <- Upgrade Core Set (Ultimate)    r4c5 at (377, 931)
craft window:
  Inventory shut; pressing I (attempt 1)
  right-clicking the craft key on tab 6 slot (1, 8) at (1867, 236)
  recipe Chaos Core Set x3 at [146, 268]
  tier 2000-2999 at [90, 209]
  Request All at [263, 730]
  Complete All at [872, 729]
  material counter [420, 448, 750, 522]

wrote C:\Users\Trung\Cabal\src_1080p\calibration.json  [1920x1080]
  resolutions in the file: ['1920x1080', '2560x1440']
  kept 3 value(s) this pass does not measure in shop: button_receive, buy_button_buy, buy_button_cancel
  kept 16 value(s) this pass does not measure in cashshop: cancel, ok, purchase_armoraccountbindsealstone, purchase_armoraccountbindunsealstone, purchase_epicboosterhighest, purchase_sienasunbindingstone, purchase_yekaterinavipmembership, scroll_arionell, scroll_armoraccountbindsealstone, scroll_armoraccountbindunsealstone, scroll_blessingbeadsuperior, scroll_epicboosterhighest, scroll_forcegempackage, scroll_sienasunbindingstone, scroll_yekaterinavipmembership, window
reopening the Agent Shop the caller was promised:
  Inventory shut; pressing I (attempt 1)
  the Agent Shop is open again
  calibrated for 1920x1080, measured 2026-09-29T00:11:25, shop open
  server clock 09:11 (+59s for the unshown seconds)
  server 09:11:59; the next war quiet runs 10:32:00 to 10:34:59, in 80.0 min
  scrolled to the top; row 1 is at position 1
                                                   bought/u   listed/u  margin      row price
    the quantity column read 'Stone', which holds no digits, so it is the end of the name and not a count; reading the row as 'Divine Stone' and letting the panel count what is there
     1  Divine Stone                       x2             -    706,512       -        706,512
     2  Arionell                           x1    280,833,333 312,185,712  +10.0%    312,185,712
     3  Force Gem Package                  x1    187,222,222 191,999,999   +2.5%    191,999,999
     4  Chaos Core Set X 200               x1             -    733,859       -    146,771,999
     5  Chaos Core Set X 200               x1             -    733,858       -    146,771,799
     6  Chaos Core Set X 252               x1             -    733,857       -    184,932,215
     7  Chaos Core Set X 200               x1             -    733,856       -    146,771,399
     8  Chaos Core Set X 48                x1             -    733,855       -     35,225,087
     9  Chaos Core Set X 348               x1             -    733,854       -    255,381,539
    10  Chaos Core Set X 252               x1             -    733,853       -    184,931,207
    11  Force Core (Ultimate               x8             -    379,783       -        379,783
    12  Upgrade Core (Ultimate             x22            -    457,529       -        457,529
    13  Force Core (Ultimate               x83            -    379,782       -        379,782
    14  Upgrade Core (Ultimate             x34            -    457,528       -        457,528
    15  Upgrade Core (Ultimate             x10            -    457,524       -        457,524
    16  Force Core (Ultimate               x73            -    379,784       -        379,784
    26  Chaos Core Set X 399               x1             -    734,028       -    292,877,570
    the quantity column read 'Honor', which holds no digits, so it is the end of the name and not a count; reading the row as 'Potion of Honor' and letting the panel count what is there
    27  Potion of Honor                    x2             -  7,250,000       -      7,250,000
    the quantity column read 'Saver', which holds no digits, so it is the end of the name and not a count; reading the row as 'Wexp Saver' and letting the panel count what is there
    the quantity column read 'Saver', which holds no digits, so it is the end of the name and not a count; reading the row as 'Wexp Saver' and letting the panel count what is there
    the quantity column read 'Saver', which holds no digits, so it is the end of the name and not a count; reading the row as 'Wexp Saver' and letting the panel count what is there
    the quantity column read 'Saver', which holds no digits, so it is the end of the name and not a count; reading the row as 'Wexp Saver' and letting the panel count what is there
    the quantity column read 'Saver', which holds no digits, so it is the end of the name and not a count; reading the row as 'Wexp Saver' and letting the panel count what is there
    the quantity column read 'Saver', which holds no digits, so it is the end of the name and not a count; reading the row as 'Wexp Saver' and letting the panel count what is there
    28  UNREAD '1 63,966,662 On Sale Change'
    29  Chaos Core Set X 999               x1             -    734,033       -    733,299,964
    30  UNREAD '1 181,130,890 On Sale Change'
  scrolled to the top; row 1 is at position 1
  seeded 19 of rows 1-30
relisting rows 1-25 for 10000 minute(s)

-- pass 1 --

  resupply order: Chaos Core, Force Core(High), Force Core(Highest), Upgrade Core (Ultimate), Force Core (Ultimate), Blessing Bead - Superior, Arionell

  counting only rows 1-25; rows outside it are not repriced and do not count; 9 row(s) free
  core                            rows     buy/u    sell/u    margin  wants   short?
  Force Core(Highest)                0   210,000   204,990    -5,010      0   
  Chaos Core                         7         -         -         -      -   holds the most it can want, 6; not priced
  Force Core (Ultimate)              3         -         -         -      -   holds the most it can want, 3; not priced
  Force Core(High)                   0   167,222   170,000     2,778      0   
  Upgrade Core (Ultimate)            3         -         -         -      -   holds the most it can want, 3; not priced

  nothing inside rows 1-25 holds fewer rows than its margin is worth.

  Blessing Bead - Superior: 0 row(s) inside 1-25, 1 wanted; none
    floor 163,632,222: 437/1000 of the 374,444,444 voucher, read at launch

-- Blessing Bead - Superior: 0 row(s) --
  9 row(s) free inside 1-25; buying 1 at the Cash Shop, one at a time
TASK {"kind": "resupply", "core": "Blessing Bead - Superior", "tab": 4}
  Inventory shut; pressing I (attempt 1)
  tab 4 holds 0 slot(s) and is showing, so the Blessing Bead - Superior lands there
  the Cash Shop icon at [348, 994]
  Useable at [844, 168]
    'Blessing Bead - Superior' is where it was measured, 0 notch(es) down the Useable tab
  'Blessing Bead - Superior' at 350 Cash; Purchase at [739, 520]
  the Cash balance box [1134, 826, 1230, 848] reads 300
  the gem box [930, 826, 1060, 848] reads 41
  Blessing Bead - Superior costs 350 gem(s) from a Force Gem Package; 41 held
  41 is under the 350 it costs; buying a Force Gem Package and using it first, so the row goes out in one purchase
  Escape to close the Cash Shop (attempt 1)
  Inventory shut; pressing I (attempt 1)
  tab 4 holds 0 slot(s) and is showing, so the Force Gem Package lands there
  the Cash Shop icon at [348, 994]
  Useable at [844, 168]
    'Force Gem Package' is where it was measured, 0 notch(es) down the Useable tab
  'Force Gem Package' at 500 Cash; Purchase at [739, 750]
  the Cash balance box [1134, 826, 1230, 848] reads 300
  a Force Gem Package costs 500 Cash; 300 Cash held
  300 Cash is under the 500 a Force Gem Package costs; buying a Gold voucher and using it first
  Escape to close the Cash Shop (attempt 1)
  the Agent Shop is shut and the vendor is not open either; reopening it
  Inventory shut: slot grid 0.09, needs 0.33
  Alz 108,924,205 held; even 1 Gold voucher at 374,444,444 needs 374,444,444; not buying.
  resupply of 'Blessing Bead - Superior' stopped: the Alz on hand does not cover a Gold voucher at about 374,444,444; no Cash can be made for Blessing Bead - Superior.

  Arionell: 1 row(s) inside 1-25, 1 wanted; row 2 'Arionell'
    floor 280,833,333: 750/1000 of the 374,444,444 voucher, read at launch
    the quantity column read 'Stone', which holds no digits, so it is the end of the name and not a count; reading the row as 'Divine Stone' and letting the panel count what is there
  tab 4 read from the screen in 1531 ms: 0 slot(s) held
  row 1: 'Divine Stone' x2 at 706,512 -> tab 4 slot (1, 1)
    the quantity column read 'Stone', which holds no digits, so it is the end of the name and not a count; reading the row as 'Divine Stone' and letting the panel count what is there
    no floor for 'Divine Stone'
TASK {"kind": "relist", "row": 1, "item": "Divine Stone", "qty": 2, "price": 706512, "tab": 4, "slot": [1, 1], "lands_in": 1}
  STOPPED: no Confirmation button appeared after Cancel on row 1. The dialog is still open; nothing committed.

1 pass(es), 0 relisted, 0 empty, 0 skipped in 42s

PROFIT THIS RUN -- what this run bought: sold lots at what they made, unsold lots at the price they were bought against
  nothing this run bought has sold yet.
  ------------------------------------------------------------------------------------
  RUN CLOSED                             0   (0 realised, +0 assumed)
  started 00:09:56, ended 00:12:59, ran for 3m 2s

##################################################################################

  ########  ##########    ######    ########    ########    ##########  ########  
  ########  ##########    ######    ########    ########    ##########  ########  
##              ##      ##      ##  ##      ##  ##      ##  ##          ##      ##
##              ##      ##      ##  ##      ##  ##      ##  ##          ##      ##
##              ##      ##      ##  ##      ##  ##      ##  ##          ##      ##
##              ##      ##      ##  ##      ##  ##      ##  ##          ##      ##
  ######        ##      ##      ##  ########    ########    ########    ##      ##
  ######        ##      ##      ##  ########    ########    ########    ##      ##
        ##      ##      ##      ##  ##          ##          ##          ##      ##
        ##      ##      ##      ##  ##          ##          ##          ##      ##
        ##      ##      ##      ##  ##          ##          ##          ##      ##
        ##      ##      ##      ##  ##          ##          ##          ##      ##
########        ##        ######    ##          ##          ##########  ########  
########        ##        ######    ##          ##          ##########  ########  

##################################################################################
  stopped: no Confirmation button appeared after Cancel on row 1. The dialog is still open; nothing committed.

