  board during pass 46, at row 1 of 1-25, read 2026-09-24T03:54:20
                                                   bought/u   listed/u  margin      row price  profit if sold
     1  Force Core(Highest                 x193           -    204,829       -        204,829               - <- here
     2  Divine Stone                       x1       698,885    688,753   -1.5%        688,753         -10,132
     3  Force Core(High                    x6             -    189,959       -        189,959               -
     4  Force Core(High                    x10            -    189,958       -        189,958               -
     5  Upgrade Core (Ultimate             x37            -    452,098       -        452,098               -
     6  Upgrade Core (Ultimate             x124           -    452,097       -        452,097               -
     7  Force Core(Highest                 x250           -    204,826       -        204,826               -
     8  Force Core(Highest                 x168           -    204,825       -        204,825               -
     9  Chaos Core                         x1       722,169    719,068   -0.4%        719,068          -3,101
    10  Chaos Core Set X 228               x1             -    726,966       -    165,748,475               -
    11  Chaos Core Set X 156               x1             -    726,965       -    113,406,695               -
    12  Chaos Core Set X 219               x1             -    726,964       -    159,205,334               -
    13  Divine Stone Set X 69              x1             -  6,886,390       -    475,160,910               -
    14  Divine Stone Set X 147             x1             -  6,886,390       -  1,012,299,330               -
    15  Divine Stone Set X 159             x1             -  6,886,390       -  1,094,936,010               -
    16  Divine Stone Set X 33              x1             -  6,886,390       -    227,250,870               -
    17  Upgrade Core (Ultimate             x35      440,439    452,094   +2.6%        452,094         407,925
    27  Divine Stone Set X 27              x1             -    699,999       -     18,899,973               -
    28  Heroic Holy Water (15 min.) X 1    x2             -  9,276,028       -      9,276,028               -
    30  Life Capsule(Special) Type A X 100 x6             -     31,969       -      3,196,900               -
    item                               rows   units          listed  profit if sold
    Chaos Core                            1       1         719,068          -3,101
    Chaos Core Set                        3     603     438,360,504               -
    Divine Stone                          1       1         688,753         -10,132
    Divine Stone Set                      5     435   2,828,547,093               -
    Force Core(High                       2      16       3,039,334               -
    Force Core(Highest                    3     611     125,149,097               -
    Heroic Holy Water (15 min.)           1       2      18,552,056               -
    Life Capsule(Special) Type A          1     600      19,181,400               -
    Upgrade Core (Ultimate                3     196      88,610,944         407,925
    board                                20   2,465   3,522,848,249         394,692
    balance now 434,901,672, read 2026-09-24T03:54:20
    held on tab 4, bought and not listed yet:
    Chaos Core Set                     slot (1, 1)         - unit(s)            - a unit
