2026-09-24_035822  C:\Users\tl456\Desktop\cabal-trader\cabal_trade\src_1080p\driver.py --config cang
  logging to C:\Users\tl456\Desktop\cabal-trader\cabal_trade\src_1080p\logs\2026-09-24_035822_run.log
  code 7323496
  screen 1920x1080
  ledger C:\Users\tl456\Desktop\cabal-trader\cabal_trade\src_1080p\sales.db run 2026-09-24T03:58:22
  debug frames -> C:\Users\tl456\Desktop\cabal-trader\cabal_trade\src_1080p\debug_frames
  press Ctrl 4 times within 1.5s to stop, from the game or anywhere else
  measuring this screen before touching anything
inventory:
  Inventory shut; pressing I (attempt 1)
  Alz box (1779, 692, 1859, 704)   anchor (1859, 692)
  grid fitted in (1220, 23, 1920, 665): pitch 56.4x56.5 against a shared 73.3x73.4, slot (1,1) at 1471,237, scores 59 and 64
  tab I [1450, 182]  tab VIII [1825, 182]
  slot (1,1) [1471, 237]  (1,7) [1810, 237]  (8,8) [1866, 633]
gift box:
  the gift box at [284, 1001]
  Receive at [[1217, 329], [1217, 428], [1217, 527], [1217, 626]]; the gifts on offer are read again each time the box is collected
  Receive All at [1211, 792]
  the special giftbox's Receive at [1442, 496]
  Close at [1487, 852]
cash shop:
  the Cash Shop icon at [348, 994]
  no Useable tab within 3s of clicking the icon; leaving the Cash Shop unmeasured
opening the Agent Shop:
  tab 6 at [1718, 182]
  right-clicking slot (1,7) at [1810, 237]
  right-clicking slot (1,7) at [1810, 237]
Traceback (most recent call last):
  File "C:\Users\tl456\Desktop\cabal-trader\cabal_trade\src_1080p\driver.py", line 3576, in main
    _dispatch(args)
    ~~~~~~~~~^^^^^^
  File "C:\Users\tl456\Desktop\cabal-trader\cabal_trade\src_1080p\driver.py", line 3613, in _dispatch
    do_relist()
    ~~~~~~~~~^^
  File "C:\Users\tl456\Desktop\cabal-trader\cabal_trade\src_1080p\driver.py", line 993, in do_relist
    initialise(verbose=verbose)
    ~~~~~~~~~~^^^^^^^^^^^^^^^^^
  File "C:\Users\tl456\Desktop\cabal-trader\cabal_trade\src_1080p\driver.py", line 95, in initialise
    calibration.main(close=False)
    ~~~~~~~~~~~~~~~~^^^^^^^^^^^^^
  File "C:\Users\tl456\Desktop\cabal-trader\cabal_trade\src_1080p\calibration.py", line 3413, in main
    return _measure(close)
  File "C:\Users\tl456\Desktop\cabal-trader\cabal_trade\src_1080p\calibration.py", line 3499, in _measure
    raise RuntimeError(
        f"right-clicked the Agent Shop key {TOGGLE_TRIES} times and "
        f"the Trade window never appeared. Nothing written.")
RuntimeError: right-clicked the Agent Shop key 2 times and the Trade window never appeared. Nothing written.

PROFIT THIS RUN -- what this run bought: sold lots at what they made, unsold lots at the price they were bought against
  nothing this run bought has sold yet.
  ------------------------------------------------------------------------------------
  RUN CLOSED                             0   (0 realised, +0 assumed)
  started 03:58:22, ended 03:58:49, ran for 27s

##################################################################################

  ########  ########      ######      ########  ##      ##  ##########  ########  
  ########  ########      ######      ########  ##      ##  ##########  ########  
##          ##      ##  ##      ##  ##          ##      ##  ##          ##      ##
##          ##      ##  ##      ##  ##          ##      ##  ##          ##      ##
##          ##      ##  ##      ##  ##          ##      ##  ##          ##      ##
##          ##      ##  ##      ##  ##          ##      ##  ##          ##      ##
##          ########    ##########    ######    ##########  ########    ##      ##
##          ########    ##########    ######    ##########  ########    ##      ##
##          ##  ##      ##      ##          ##  ##      ##  ##          ##      ##
##          ##  ##      ##      ##          ##  ##      ##  ##          ##      ##
##          ##    ##    ##      ##          ##  ##      ##  ##          ##      ##
##          ##    ##    ##      ##          ##  ##      ##  ##          ##      ##
  ########  ##      ##  ##      ##  ########    ##      ##  ##########  ########  
  ########  ##      ##  ##      ##  ########    ##      ##  ##########  ########  

##################################################################################
  crashed: RuntimeError: right-clicked the Agent Shop key 2 times and the Trade window never appeared. Nothing written.

