  board during pass 19, at row 4 of 1-30, read 2026-09-30T02:14:11
                                                   bought/u   listed/u  margin      row price  profit if sold
     1  Siena's Unbinding Stone            x1    74,888,888 100,000,000  +25.1%    100,000,000      25,111,112
     2  Epic Booster (Highest)             x4    46,805,555 47,999,999   +2.5%     47,999,999       4,777,776
     3  Chaos Core                         x1       722,101    719,819   -0.3%        719,819          -2,282
     4  Chaos Core                         x1       722,101    719,226   -0.4%        719,226          -2,875 <- here
     5  Chaos Core                         x1       722,101    720,343   -0.2%        720,343          -1,758
     6  Yekaterina VIP Membership          x1    112,333,332 114,999,999   +2.3%    114,999,999       2,666,667
     8  Force Core(Highest                 x20      193,000    197,576   +2.3%        197,576          91,520
     9  Force Core(Highest                 x5       193,000    197,575   +2.3%        197,575          22,875
    10  Chaos Core Set X 108               x1       719,999    729,755   +1.3%     78,813,647       1,053,648
    11  Chaos Core Set X 90                x1       719,999    729,754   +1.3%     65,677,949         877,950
    12  Chaos Core Set X 99                x1       719,999    729,753   +1.3%     72,245,645         965,646
    13  Upgrade Core (Ultimate             x20      415,583    455,920   +8.8%        455,920         806,740
    14  Chaos Core Set X 141               x1       719,999    729,750   +1.3%    102,894,890       1,374,891
    15  Chaos Core Set X 300               x1       711,865    729,749   +2.5%    218,924,999       5,365,200
    16  Chaos Core Set X 240               x1       719,999    729,748   +1.3%    175,139,759       2,339,760
    17  Upgrade Core (Ultimate             x235     415,583    455,919   +8.8%        455,919       9,478,960
    18  Upgrade Core (Ultimate             x192     415,583    455,918   +8.8%        455,918       7,744,320
    19  Force Core (Ultimate               x46      333,333    355,268   +6.2%        355,268       1,009,010
    20  Force Core (Ultimate               x9       333,333    355,267   +6.2%        355,267         197,406
    21  Force Core (Ultimate               x2       333,333    355,266   +6.2%        355,266          43,866
    22  Chaos Core Set X 318               x1       718,707    729,744   +1.5%    232,058,909       3,509,766
    23  Chaos Core Set X 114               x1       719,155    729,742   +1.5%     83,190,701       1,206,918
    24  Force Core(High                    x96      166,944    178,283   +6.4%        178,283       1,088,544
    25  Force Core(High                    x131     167,000    178,282   +6.3%        178,282       1,477,942
    26  Force Core(High)                   x24      167,195    178,280   +6.2%        178,280         266,040
    item                               rows   units          listed  profit if sold
    Chaos Core                            3       3       2,159,388          -6,915
    Chaos Core Set                        8   1,410   1,028,946,499      16,693,779
    Epic Booster (Highest)                1       4     191,999,996       4,777,776
    Force Core (Ultimate                  3      57      20,250,263       1,250,282
    Force Core(High                       2     227      40,470,110       2,566,486
    Force Core(High)                      1      24       4,278,720         266,040
    Force Core(Highest                    2      25       4,939,395         114,395
    Siena's Unbinding Stone               1       1     100,000,000      25,111,112
    Upgrade Core (Ultimate                3     447     203,795,621      18,030,020
    Yekaterina VIP Membership             1       1     114,999,999       2,666,667
    board                                25   2,199   1,711,839,991      71,469,642
    balance now 720,318, read 2026-09-30T02:12:51
