  board during pass 4, at row 15 of 1-21, read 2026-09-15T14:56:12
                                                   bought/u   listed/u  margin      row price  profit if sold
     1  Force Core(Highest                 x245     288,288    288,288   +0.0%        288,288               0
     2  Force Core(Highest                 x130     288,288    288,288   +0.0%        288,288               0
     3  Force Core(Highest                 x250     288,288    288,288   +0.0%        288,288               0
     4  Force Core(Highest                 x200     288,288    288,288   +0.0%        288,288               0
     5  Force Core(Highest                 x250     288,288    288,288   +0.0%        288,288               0
     6  Force Core(Highest                 x203     288,288    288,288   +0.0%        288,288               0
     7  Force Core(High                    x60      200,200    200,200   +0.0%        200,200               0
     8  Force Core (Ultimate               x4             -    444,735       -        444,735               -
     9  Yekaterina VIP Membership          x1    115,379,996 133,333,287  +13.5%    133,333,287      17,953,291
    10  Force Core (Ultimate               x200           -    444,734       -        444,734               -
    11  Chaos Core Set X 138               x1             -    714,973       -     98,666,411               -
    12  Chaos Core Set X 138               x1             -    714,972       -     98,666,273               -
    13  Force Core (Ultimate               x52            -    444,733       -        444,733               -
    14  Chaos Core Set X 144               x1             -    714,971       -    102,955,967               -
    15  Chaos Core Set X 138               x1             -    714,970       -     98,665,997               - <- here
    16  Chaos Core Set                     x1       700,000    714,976   +2.1%    118,686,181       2,486,016
    17  Upgrade Core (Ultimate             x180           -    479,958       -        479,958               -
    18  Upgrade Core (Ultimate             x8       281,776    479,957  +41.3%        479,957       1,585,448
    19  Force Core(High                    x9             -    199,976       -        199,976               -
    20  Force Core(High                    x117     191,667    199,975   +4.2%        199,975         972,036
    item                               rows   units          listed  profit if sold
    Chaos Core Set                        5     724     517,640,829       2,486,016
    Force Core (Ultimate                  3     256     113,851,856               -
    Force Core(High                       3     186      37,208,859         972,036
    Force Core(Highest                    6   1,278     368,432,064               0
    Upgrade Core (Ultimate                2     188      90,232,096       1,585,448
    Yekaterina VIP Membership             1       1     133,333,287      17,953,291
    board                                20   2,633   1,260,698,991      22,996,791
    balance now 434,124,190, read 2026-09-15T14:52:43
