  board during pass 7, at row 17 of 1-25, read 2026-09-25T01:17:29
                                                   bought/u   listed/u  margin      row price  profit if sold
     1  Force Core(Highest                 x102           -    199,733       -        199,733               -
     2  Chaos Core                         x1       723,000    708,363   -2.1%        708,363         -14,637
     3  Honor Medal Chest                  x2             - 219,779,999       -    219,779,999               -
     4  Upgrade Core (Ultimate             x250           -    449,810       -        449,810               -
     5  Divine Stone Set X 141             x1             -    715,390       -    100,870,130               -
     6  Chaos Core Set                     x1       723,000    728,029   +0.7%    146,334,029       1,010,829
     7  Divine Stone Set X 138             x1       702,500    715,389   +1.8%     98,723,819       1,778,682
     8  Divine Stone Set X 156             x1       702,500    715,388   +1.8%    111,600,683       2,010,528
     9  Upgrade Core (Ultimate             x232           -    449,809       -        449,809               -
    10  Force Core(Highest                 x230           -    199,732       -        199,732               -
    11  Force Core(Highest                 x89            -    199,731       -        199,731               -
    12  Divine Stone                       x1       702,500    697,325   -0.7%        697,325          -5,175
    13  Upgrade Core (Ultimate             x136           -    449,808       -        449,808               -
    14  Divine Stone Set X 162             x1             -    715,387       -    115,892,855               -
    15  Force Core(High                    x240           -    195,115       -        195,115               -
    16  Force Core(High                    x1             -    195,114       -        195,114               -
    17  Force Core(High                    x96            -    195,113       -        195,113               - <- here
    18  Chaos Core Set X 228               x1       717,087    728,027   +1.5%    165,990,383       2,494,320
    19  Chaos Core Set X 231               x1       717,087    728,026   +1.5%    168,174,236       2,526,909
    20  Chaos Core Set X 225               x1       717,000    728,025   +1.5%    163,805,849       2,480,625
    21  Chaos Core Set                     x1       717,000    728,024   +1.5%     82,994,849       1,256,736
    26  Siena's Unbinding Stone            x1    74,500,000 950,000,000  +92.2%    950,000,000     875,500,000
    29  Bemonvecnte" TE t__                x1             - 10,000,000       -     10,000,000               -
    30  Life Capsule(Special) Type A X 100 x6             -     29,999       -      2,999,900               -
    item                               rows   units          listed  profit if sold
    Bemonvecnte" TE t__                   1       1      10,000,000               -
    Chaos Core                            1       1         708,363         -14,637
    Chaos Core Set                        5     999     727,299,346       9,769,419
    Divine Stone                          1       1         697,325          -5,175
    Divine Stone Set                      4     597     427,087,487       3,789,210
    Force Core(High                       3     337      65,753,562               -
    Force Core(Highest                    3     421      84,087,185               -
    Honor Medal Chest                     1       2     439,559,998               -
    Life Capsule(Special) Type A          1     600      17,999,400               -
    Siena's Unbinding Stone               1       1     950,000,000     875,500,000
    Upgrade Core (Ultimate                3     618     277,982,076               -
    board                                24   3,578   3,001,174,742     889,038,817
    balance now 47,703,642, read 2026-09-25T01:16:08
